
U-Boot TPL 2023.01+dfsg-2 (Jan 18 2023 - 01:57:16)
Trying to boot from BOOTROM
Returning to boot ROM...

U-Boot SPL 2023.01+dfsg-2 (Jan 18 2023 - 01:57:16 +0000)
Loading Environment from SPIFlash... *** Warning - bad CRC, using default environment

Trying to boot from MMC2


U-Boot 2023.01+dfsg-2 (Jan 18 2023 - 01:57:16 +0000)

SoC: Rockchip rk3399
Reset cause: POR
Model: Firefly ROC-RK3399-PC Board
DRAM:  3.9 GiB
PMIC:  RK808 
Core:  297 devices, 32 uclasses, devicetree: separate
MMC:   mmc@fe320000: 1, mmc@fe330000: 0
Loading Environment from SPIFlash... SF: Detected w25q128 with page size 256 Bytes, erase size 4 KiB, total 16 MiB
*** Warning - bad CRC, using default environment

In:    serial
Out:   serial
Err:   serial
Model: Firefly ROC-RK3399-PC Board
Net:   eth0: ethernet@fe300000
starting USB...
Bus usb@fe380000: ehci_generic usb@fe380000: Failed to get clocks (ret=-19)
Port not available.
Bus usb@fe3a0000: USB OHCI 1.0
Bus usb@fe3c0000: ehci_generic usb@fe3c0000: Failed to get clocks (ret=-19)
Port not available.
Bus usb@fe3e0000: USB OHCI 1.0
Bus usb@fe900000: Register 2000140 NbrPorts 2
Starting the controller
USB XHCI 1.10
scanning bus usb@fe3a0000 for devices... 1 USB Device(s) found
scanning bus usb@fe3e0000 for devices... 2 USB Device(s) found
scanning bus usb@fe900000 for devices... 1 USB Device(s) found
       scanning usb for storage devices... 0 Storage Device(s) found
Hit any key to stop autoboot:  2  1  0 
switch to partitions #0, OK
mmc1 is current device
Scanning mmc 1:1...
Found U-Boot script /boot/boot.scr
2992 bytes read in 5 ms (584 KiB/s)
## Executing script at 00500000
32354240 bytes read in 1372 ms (22.5 MiB/s)
60643 bytes read in 10 ms (5.8 MiB/s)
30459564 bytes read in 1293 ms (22.5 MiB/s)
Booting Debian 6.1.0-11-arm64 from mmc 1:1...
Moving Image from 0x2080000 to 0x2200000, end=4180000
## Flattened Device Tree blob at 01f00000
   Booting using the fdt blob at 0x1f00000
Working FDT set to 1f00000
   Loading Ramdisk to ef200000, end f0f0c6ac ... OK
   Loading Device Tree to 00000000ef1ee000, end 00000000ef1ffce2 ... OK
Working FDT set to ef1ee000

Starting kernel ...

[    0.000000] Booting Linux on physical CPU 0x0000000000 [0x410fd034]
[    0.000000] Linux version 6.1.0-11-arm64 (debian-kernel@lists.debian.org) (gcc-12 (Debian 12.2.0-14) 12.2.0, GNU ld (GNU Binutils for Debian) 2.40) #1 SMP Debian 6.1.38-4 (2023-08-08)
[    0.000000] Machine model: Firefly ROC-RK3399-PC Board
[    0.000000] efi: UEFI not found.
[    0.000000] NUMA: No NUMA configuration found
[    0.000000] NUMA: Faking a node at [mem 0x0000000000200000-0x00000000f7ffffff]
[    0.000000] NUMA: NODE_DATA [mem 0xf77dc380-0xf77defff]
[    0.000000] Zone ranges:
[    0.000000]   DMA      [mem 0x0000000000200000-0x00000000f7ffffff]
[    0.000000]   DMA32    empty
[    0.000000]   Normal   empty
[    0.000000] Movable zone start for each node
[    0.000000] Early memory node ranges
[    0.000000]   node   0: [mem 0x0000000000200000-0x00000000f7ffffff]
[    0.000000] Initmem setup node 0 [mem 0x0000000000200000-0x00000000f7ffffff]
[    0.000000] On node 0, zone DMA: 512 pages in unavailable ranges
[    0.000000] cma: Reserved 64 MiB at 0x00000000eb000000
[    0.000000] psci: probing for conduit method from DT.
[    0.000000] psci: PSCIv1.1 detected in firmware.
[    0.000000] psci: Using standard PSCI v0.2 function IDs
[    0.000000] psci: MIGRATE_INFO_TYPE not supported.
[    0.000000] psci: SMC Calling Convention v1.2
[    0.000000] percpu: Embedded 30 pages/cpu s83560 r8192 d31128 u122880
[    0.000000] Detected VIPT I-cache on CPU0
[    0.000000] CPU features: detected: GIC system register CPU interface
[    0.000000] CPU features: detected: ARM erratum 845719
[    0.000000] alternatives: applying boot alternatives
[    0.000000] Fallback order for Node 0: 0 
[    0.000000] Built 1 zonelists, mobility grouping on.  Total pages: 999432
[    0.000000] Policy zone: DMA
[    0.000000] Kernel command line:   root=UUID=be2c79e4-2c21-4254-9da9-c079a91d7af2 net.ifnames=0 fsck.mode=force fsck.repair=yes 
[    0.000000] Dentry cache hash table entries: 524288 (order: 10, 4194304 bytes, linear)
[    0.000000] Inode-cache hash table entries: 262144 (order: 9, 2097152 bytes, linear)
[    0.000000] mem auto-init: stack:all(zero), heap alloc:on, heap free:off
[    0.000000] Memory: 227924K/4061184K available (12992K kernel code, 2794K rwdata, 9260K rodata, 6400K init, 628K bss, 140820K reserved, 65536K cma-reserved)
[    0.000000] SLUB: HWalign=64, Order=0-3, MinObjects=0, CPUs=6, Nodes=1
[    0.000000] ftrace: allocating 43717 entries in 171 pages
[    0.000000] ftrace: allocated 171 pages with 5 groups
[    0.000000] trace event string verifier disabled
[    0.000000] rcu: Hierarchical RCU implementation.
[    0.000000] rcu: 	RCU restricting CPUs from NR_CPUS=256 to nr_cpu_ids=6.
[    0.000000] 	Rude variant of Tasks RCU enabled.
[    0.000000] 	Tracing variant of Tasks RCU enabled.
[    0.000000] rcu: RCU calculated value of scheduler-enlistment delay is 25 jiffies.
[    0.000000] rcu: Adjusting geometry for rcu_fanout_leaf=16, nr_cpu_ids=6
[    0.000000] NR_IRQS: 64, nr_irqs: 64, preallocated irqs: 0
[    0.000000] GICv3: GIC: Using split EOI/Deactivate mode
[    0.000000] GICv3: 256 SPIs implemented
[    0.000000] GICv3: 0 Extended SPIs implemented
[    0.000000] Root IRQ handler: gic_handle_irq
[    0.000000] GICv3: GICv3 features: 16 PPIs
[    0.000000] GICv3: CPU0: found redistributor 0 region 0:0x00000000fef00000
[    0.000000] ITS [mem 0xfee20000-0xfee3ffff]
[    0.000000] ITS@0x00000000fee20000: allocated 65536 Devices @600000 (flat, esz 8, psz 64K, shr 0)
[    0.000000] ITS: using cache flushing for cmd queue
[    0.000000] GICv3: using LPI property table @0x00000000005a0000
[    0.000000] GIC: using cache flushing for LPI property table
[    0.000000] GICv3: CPU0: using allocated LPI pending table @0x00000000005b0000
[    0.000000] GICv3: GIC: PPI partition interrupt-partition-0[0] { /cpus/cpu@0[0] /cpus/cpu@1[1] /cpus/cpu@2[2] /cpus/cpu@3[3] }
[    0.000000] GICv3: GIC: PPI partition interrupt-partition-1[1] { /cpus/cpu@100[4] /cpus/cpu@101[5] }
[    0.000000] rcu: srcu_init: Setting srcu_struct sizes based on contention.
[    0.000000] arch_timer: cp15 timer(s) running at 24.00MHz (phys).
[    0.000000] clocksource: arch_sys_counter: mask: 0xffffffffffffff max_cycles: 0x588fe9dc0, max_idle_ns: 440795202592 ns
[    0.000001] sched_clock: 56 bits at 24MHz, resolution 41ns, wraps every 4398046511097ns
[    0.002676] Console: colour dummy device 80x25
[    0.003377] printk: console [tty0] enabled
[    0.003664] Calibrating delay loop (skipped), value calculated using timer frequency.. 48.00 BogoMIPS (lpj=96000)
[    0.003704] pid_max: default: 32768 minimum: 301
[    0.004144] LSM: Security Framework initializing
[    0.004257] landlock: Up and running.
[    0.004275] Yama: disabled by default; enable with sysctl kernel.yama.*
[    0.004479] AppArmor: AppArmor initialized
[    0.004507] TOMOYO Linux initialized
[    0.004552] LSM support for eBPF active
[    0.004843] Mount-cache hash table entries: 8192 (order: 4, 65536 bytes, linear)
[    0.004895] Mountpoint-cache hash table entries: 8192 (order: 4, 65536 bytes, linear)
[    0.007304] cacheinfo: Unable to detect cache hierarchy for CPU 0
[    0.008613] cblist_init_generic: Setting adjustable number of callback queues.
[    0.008649] cblist_init_generic: Setting shift to 3 and lim to 1.
[    0.008836] cblist_init_generic: Setting shift to 3 and lim to 1.
[    0.009211] rcu: Hierarchical SRCU implementation.
[    0.009232] rcu: 	Max phase no-delay instances is 1000.
[    0.011531] Platform MSI: interrupt-controller@fee20000 domain created
[    0.012090] PCI/MSI: /interrupt-controller@fee00000/interrupt-controller@fee20000 domain created
[    0.012382] fsl-mc MSI: interrupt-controller@fee20000 domain created
[    0.015530] EFI services will not be available.
[    0.016636] smp: Bringing up secondary CPUs ...
[    0.017665] Detected VIPT I-cache on CPU1
[    0.017785] cacheinfo: Unable to detect cache hierarchy for CPU 1
[    0.017805] GICv3: CPU1: found redistributor 1 region 0:0x00000000fef20000
[    0.017826] GICv3: CPU1: using allocated LPI pending table @0x00000000005c0000
[    0.017891] CPU1: Booted secondary processor 0x0000000001 [0x410fd034]
[    0.019049] Detected VIPT I-cache on CPU2
[    0.019155] cacheinfo: Unable to detect cache hierarchy for CPU 2
[    0.019172] GICv3: CPU2: found redistributor 2 region 0:0x00000000fef40000
[    0.019191] GICv3: CPU2: using allocated LPI pending table @0x00000000005d0000
[    0.019237] CPU2: Booted secondary processor 0x0000000002 [0x410fd034]
[    0.020344] Detected VIPT I-cache on CPU3
[    0.020450] cacheinfo: Unable to detect cache hierarchy for CPU 3
[    0.020467] GICv3: CPU3: found redistributor 3 region 0:0x00000000fef60000
[    0.020485] GICv3: CPU3: using allocated LPI pending table @0x00000000005e0000
[    0.020527] CPU3: Booted secondary processor 0x0000000003 [0x410fd034]
[    0.021615] CPU features: detected: Spectre-v2
[    0.021628] CPU features: detected: Spectre-v3a
[    0.021637] CPU features: detected: Spectre-BHB
[    0.021646] CPU features: detected: ARM erratum 1742098
[    0.021653] CPU features: detected: ARM errata 1165522, 1319367, or 1530923
[    0.021659] Detected PIPT I-cache on CPU4
[    0.021765] cacheinfo: Unable to detect cache hierarchy for CPU 4
[    0.021781] GICv3: CPU4: found redistributor 100 region 0:0x00000000fef80000
[    0.021799] GICv3: CPU4: using allocated LPI pending table @0x00000000005f0000
[    0.021840] CPU4: Booted secondary processor 0x0000000100 [0x410fd082]
[    0.022954] Detected PIPT I-cache on CPU5
[    0.023042] cacheinfo: Unable to detect cache hierarchy for CPU 5
[    0.023056] GICv3: CPU5: found redistributor 101 region 0:0x00000000fefa0000
[    0.023072] GICv3: CPU5: using allocated LPI pending table @0x0000000000680000
[    0.023104] CPU5: Booted secondary processor 0x0000000101 [0x410fd082]
[    0.023238] smp: Brought up 1 node, 6 CPUs
[    0.023604] SMP: Total of 6 processors activated.
[    0.023623] CPU features: detected: 32-bit EL0 Support
[    0.023639] CPU features: detected: 32-bit EL1 Support
[    0.023658] CPU features: detected: CRC32 instructions
[    0.023806] CPU: All CPU(s) started at EL2
[    0.023852] alternatives: applying system-wide alternatives
[    0.122144] node 0 deferred pages initialised in 96ms
[    0.123908] devtmpfs: initialized
[    0.141182] Registered cp15_barrier emulation handler
[    0.141224] Registered setend emulation handler
[    0.141481] clocksource: jiffies: mask: 0xffffffff max_cycles: 0xffffffff, max_idle_ns: 7645041785100000 ns
[    0.141548] futex hash table entries: 2048 (order: 5, 131072 bytes, linear)
[    0.143039] pinctrl core: initialized pinctrl subsystem
[    0.145987] DMI not present or invalid.
[    0.146967] NET: Registered PF_NETLINK/PF_ROUTE protocol family
[    0.149107] DMA: preallocated 512 KiB GFP_KERNEL pool for atomic allocations
[    0.149667] DMA: preallocated 512 KiB GFP_KERNEL|GFP_DMA pool for atomic allocations
[    0.150243] DMA: preallocated 512 KiB GFP_KERNEL|GFP_DMA32 pool for atomic allocations
[    0.150334] audit: initializing netlink subsys (disabled)
[    0.150590] audit: type=2000 audit(0.148:1): state=initialized audit_enabled=0 res=1
[    0.152054] thermal_sys: Registered thermal governor 'fair_share'
[    0.152064] thermal_sys: Registered thermal governor 'bang_bang'
[    0.152083] thermal_sys: Registered thermal governor 'step_wise'
[    0.152096] thermal_sys: Registered thermal governor 'user_space'
[    0.152109] thermal_sys: Registered thermal governor 'power_allocator'
[    0.152178] cpuidle: using governor ladder
[    0.152227] cpuidle: using governor menu
[    0.152386] hw-breakpoint: found 6 breakpoint and 4 watchpoint registers.
[    0.152606] ASID allocator initialised with 65536 entries
[    0.153200] Serial: AMBA PL011 UART driver
[    0.177723] platform fe330000.mmc: Fixed dependency cycle(s) with /syscon@ff770000/phy@f780
[    0.183530] platform ff900000.vop: Fixed dependency cycle(s) with /hdmi@ff940000
[    0.183633] platform ff8f0000.vop: Fixed dependency cycle(s) with /hdmi@ff940000
[    0.192496] rockchip-gpio ff720000.gpio: probed /pinctrl/gpio@ff720000
[    0.193355] rockchip-gpio ff730000.gpio: probed /pinctrl/gpio@ff730000
[    0.194016] rockchip-gpio ff780000.gpio: probed /pinctrl/gpio@ff780000
[    0.194712] rockchip-gpio ff788000.gpio: probed /pinctrl/gpio@ff788000
[    0.195373] rockchip-gpio ff790000.gpio: probed /pinctrl/gpio@ff790000
[    0.202693] KASLR disabled due to lack of seed
[    0.209966] HugeTLB: registered 1.00 GiB page size, pre-allocated 0 pages
[    0.209990] HugeTLB: 0 KiB vmemmap can be freed for a 1.00 GiB page
[    0.210007] HugeTLB: registered 32.0 MiB page size, pre-allocated 0 pages
[    0.210021] HugeTLB: 0 KiB vmemmap can be freed for a 32.0 MiB page
[    0.210036] HugeTLB: registered 2.00 MiB page size, pre-allocated 0 pages
[    0.210050] HugeTLB: 0 KiB vmemmap can be freed for a 2.00 MiB page
[    0.210064] HugeTLB: registered 64.0 KiB page size, pre-allocated 0 pages
[    0.210077] HugeTLB: 0 KiB vmemmap can be freed for a 64.0 KiB page
[    0.254217] ACPI: Interpreter disabled.
[    0.255265] iommu: Default domain type: Translated 
[    0.255285] iommu: DMA domain TLB invalidation policy: strict mode 
[    0.255613] EDAC MC: Ver: 3.0.0
[    0.258721] NetLabel: Initializing
[    0.258745] NetLabel:  domain hash size = 128
[    0.258758] NetLabel:  protocols = UNLABELED CIPSOv4 CALIPSO
[    0.258834] NetLabel:  unlabeled traffic allowed by default
[    0.259027] vgaarb: loaded
[    0.259392] clocksource: Switched to clocksource arch_sys_counter
[    0.260072] VFS: Disk quotas dquot_6.6.0
[    0.260175] VFS: Dquot-cache hash table entries: 512 (order 0, 4096 bytes)
[    0.261117] AppArmor: AppArmor Filesystem Enabled
[    0.261192] pnp: PnP ACPI: disabled
[    0.273633] NET: Registered PF_INET protocol family
[    0.273957] IP idents hash table entries: 65536 (order: 7, 524288 bytes, linear)
[    0.278934] tcp_listen_portaddr_hash hash table entries: 2048 (order: 3, 32768 bytes, linear)
[    0.279083] Table-perturb hash table entries: 65536 (order: 6, 262144 bytes, linear)
[    0.279225] TCP established hash table entries: 32768 (order: 6, 262144 bytes, linear)
[    0.279850] TCP bind hash table entries: 32768 (order: 8, 1048576 bytes, linear)
[    0.281134] TCP: Hash tables configured (established 32768 bind 32768)
[    0.281510] MPTCP token hash table entries: 4096 (order: 4, 98304 bytes, linear)
[    0.281702] UDP hash table entries: 2048 (order: 4, 65536 bytes, linear)
[    0.281868] UDP-Lite hash table entries: 2048 (order: 4, 65536 bytes, linear)
[    0.282272] NET: Registered PF_UNIX/PF_LOCAL protocol family
[    0.282331] NET: Registered PF_XDP protocol family
[    0.282354] PCI: CLS 0 bytes, default 64
[    0.282978] Trying to unpack rootfs image as initramfs...
[    0.298902] hw perfevents: enabled with armv8_cortex_a53 PMU driver, 7 counters available
[    0.301189] hw perfevents: enabled with armv8_cortex_a72 PMU driver, 7 counters available
[    0.302625] kvm [1]: IPA Size Limit: 40 bits
[    0.306045] kvm [1]: vgic-v2@fff20000
[    0.306107] kvm [1]: GIC system register CPU interface enabled
[    0.308204] kvm [1]: vgic interrupt IRQ18
[    0.308528] kvm [1]: Hyp mode initialized successfully
[    0.333211] Initialise system trusted keyrings
[    0.333405] Key type blacklist registered
[    0.333869] workingset: timestamp_bits=42 max_order=20 bucket_order=0
[    0.341427] zbud: loaded
[    0.342760] integrity: Platform Keyring initialized
[    0.342809] integrity: Machine keyring initialized
[    0.342829] Key type asymmetric registered
[    0.342843] Asymmetric key parser 'x509' registered
[    1.979522] Freeing initrd memory: 29744K
[    2.022911] alg: self-tests for CTR-KDF (hmac(sha256)) passed
[    2.023066] Block layer SCSI generic (bsg) driver version 0.4 loaded (major 249)
[    2.023273] io scheduler mq-deadline registered
[    2.041297] shpchp: Standard Hot Plug PCI Controller Driver version: 0.4
[    2.061509] Serial: 8250/16550 driver, 4 ports, IRQ sharing enabled
[    2.064263] ff180000.serial: ttyS0 at MMIO 0xff180000 (irq = 33, base_baud = 1500000) is a 16550A
[    2.065285] ff1a0000.serial: ttyS2 at MMIO 0xff1a0000 (irq = 34, base_baud = 1500000) is a 16550A
[    2.176394] printk: console [ttyS2] enabled
[    2.178444] Serial: AMBA driver
[    2.178768] SuperH (H)SCI(F) driver initialized
[    2.180296] msm_serial: driver initialized
[    2.186549] cacheinfo: Unable to detect cache hierarchy for CPU 0
[    2.188484] mousedev: PS/2 mouse device common for all mice
[    2.193877] ledtrig-cpu: registered to indicate activity on CPUs
[    2.195567] SMCCC: SOC_ID: ARCH_SOC_ID not implemented, skipping ....
[    2.264761] NET: Registered PF_INET6 protocol family
[    2.308036] Segment Routing with IPv6
[    2.308453] In-situ OAM (IOAM) with IPv6
[    2.308919] mip6: Mobile IPv6
[    2.309209] NET: Registered PF_PACKET protocol family
[    2.310231] mpls_gso: MPLS GSO support
[    2.312108] registered taskstats version 1
[    2.312534] Loading compiled-in X.509 certificates
[    2.423794] Loaded X.509 cert 'Debian Secure Boot CA: 6ccece7e4c6c0d1f6149f3dd27dfcc5cbb419ea1'
[    2.424682] Loaded X.509 cert 'Debian Secure Boot Signer 2022 - linux: 14011249c2675ea8e5148542202005810584b25f'
[    2.428763] zswap: loaded using pool lzo/zbud
[    2.430707] Key type .fscrypt registered
[    2.431072] Key type fscrypt-provisioning registered
[    2.471277] Key type encrypted registered
[    2.471694] AppArmor: AppArmor sha1 policy hashing enabled
[    2.472230] ima: No TPM chip found, activating TPM-bypass!
[    2.472751] ima: Allocated hash algorithm: sha256
[    2.473213] ima: No architecture policies found
[    2.473671] evm: Initialising EVM extended attributes:
[    2.474133] evm: security.selinux
[    2.474436] evm: security.SMACK64 (disabled)
[    2.474821] evm: security.SMACK64EXEC (disabled)
[    2.475236] evm: security.SMACK64TRANSMUTE (disabled)
[    2.475702] evm: security.SMACK64MMAP (disabled)
[    2.476118] evm: security.apparmor
[    2.476427] evm: security.ima
[    2.476698] evm: security.capability
[    2.477022] evm: HMAC attrs: 0x1
[    3.043904] dw-apb-uart ff1a0000.serial: forbid DMA for kernel console
[    3.054775] Freeing unused kernel memory: 6400K
[    3.113828] Checked W+X mappings: passed, no W+X pages found
[    3.114375] Run /init as init process
Loading, please wait...
Starting systemd-udevd version 252.12-1~deb12u1
[    4.304507] pps_core: LinuxPPS API ver. 1 registered
[    4.304975] pps_core: Software ver. 5.3.6 - Copyright 2005-2007 Rodolfo Giometti <giometti@linux.it>
[    4.356356] Synopsys Designware Multimedia Card Interface Driver
[    4.380858] usbcore: registered new interface driver usbfs
[    4.381494] usbcore: registered new interface driver hub
[    4.382135] usbcore: registered new device driver usb
[    4.395805] PTP clock support registered
[    4.425601] sdhci: Secure Digital Host Controller Interface driver
[    4.426201] sdhci: Copyright(c) Pierre Ossman
[    4.444414] pwm-backlight backlight: supply power not found, using dummy regulator
[    4.484011] sdhci-pltfm: SDHCI platform and OF driver helper
[    4.495235] dma-pl330 ff6d0000.dma-controller: Loaded driver for PL330 DMAC-241330
[    4.495990] dma-pl330 ff6d0000.dma-controller: 	DBUFF-32x8bytes Num_Chans-6 Num_Peri-12 Num_Events-12
[    4.504814] mmc1: CQHCI version 5.10
[    4.555450] mmc1: SDHCI controller on fe330000.mmc [fe330000.mmc] using ADMA
[    4.557275] input: gpio-keys as /devices/platform/gpio-keys/input/input0
[    4.567249] dma-pl330 ff6e0000.dma-controller: Loaded driver for PL330 DMAC-241330
[    4.568007] dma-pl330 ff6e0000.dma-controller: 	DBUFF-128x8bytes Num_Chans-8 Num_Peri-20 Num_Events-16
[    4.681287] rockchip-vop ff8f0000.vop: Adding to iommu group 2
[    4.685534] rockchip-vop ff900000.vop: Adding to iommu group 3
[    4.745277] rk808 0-001b: chip id: 0x0
[    4.763881] OF: graph: no port node found in /i2c@ff160000/usb-typec@22
[    4.780832] rk808-rtc rk808-rtc: registered as rtc0
[    4.782755] rk808-rtc rk808-rtc: setting system clock to 2013-01-18T08:50:20 UTC (1358499020)
[    4.801480] rockchip-drm display-subsystem: bound ff8f0000.vop (ops rockchip_drm_fini [rockchipdrm])
[    4.802595] [drm] unsupported AFBC format[3231564e]
[    4.804408] rockchip-drm display-subsystem: bound ff900000.vop (ops rockchip_drm_fini [rockchipdrm])
[    4.806889] fan53555-regulator 0-0040: FAN53555 Option[8] Rev[1] Detected!
