
U-Boot SPL 2023.07+dfsg-1 (Jul 11 2023 - 02:54:17 +0000)
DRAM: 2048 MiB
Trying to boot from MMC1


U-Boot 2023.07+dfsg-1 (Jul 11 2023 - 02:54:17 +0000) Allwinner Technology

CPU:   Allwinner A83T (SUN8I 1673)
Model: Cubietech Cubietruck Plus
DRAM:  2 GiB
sunxi_set_gate: (CLK#6) unhandled
Core:  68 devices, 21 uclasses, devicetree: separate
WDT:   Not starting watchdog@1c20ca0
MMC:   mmc@1c0f000: 0, mmc@1c10000: 2, mmc@1c11000: 1
Loading Environment from FAT... Unable to use mmc 0:1...
In:    serial
Out:   serial
Err:   serial
Net:   eth0: ethernet@1c30000
starting USB...
Bus usb@1c19000: No host cable detected: Port not available.
Bus usb@1c1a000: USB EHCI 1.00
Bus usb@1c1b000: USB EHCI 1.00
scanning bus usb@1c1a000 for devices... 1 USB Device(s) found
scanning bus usb@1c1b000 for devices... 1 USB Device(s) found
       scanning usb for storage devices... 0 Storage Device(s) found
Hit any key to stop autoboot:  2  1  0 
switch to partitions #0, OK
mmc0 is current device
Scanning mmc 0:1...
Found U-Boot script /boot/boot.scr
2714 bytes read in 2 ms (1.3 MiB/s)
## Executing script at 43100000
Mainline u-boot / new-style environment detected.
5677568 bytes read in 237 ms (22.8 MiB/s)
26157 bytes read in 5 ms (5 MiB/s)
23397796 bytes read in 968 ms (23.1 MiB/s)
Booting Debian 6.4.0-1-armmp-lpae from mmc 0:1...
Kernel image @ 0x42000000 [ 0x000000 - 0x56a200 ]
## Flattened Device Tree blob at 43000000
   Booting using the fdt blob at 0x43000000
Working FDT set to 43000000
EHCI failed to shut down host controller.
   Loading Ramdisk to 489af000, end 49fff5a4 ... OK
   Loading Device Tree to 489a5000, end 489ae62c ... OK
Working FDT set to 489a5000

Starting kernel ...

≠ÇrÇÇÇÇÇÇÍÅBooting Linux on physical CPU 0x0
[    0.000000] Linux version 6.4.0-1-armmp-lpae (debian-kernel@lists.debian.org) (gcc-13 (Debian 13.1.0-9) 13.1.0, GNU ld (GNU Binutils for Debian) 2.40.90.20230720) #1 SMP Debian 6.4.4-2 (2023-07-30)
[    0.000000] CPU: ARMv7 Processor [410fc075] revision 5 (ARMv7), cr=30c5387d
[    0.000000] CPU: div instructions available: patching division code
[    0.000000] CPU: PIPT / VIPT nonaliasing data cache, VIPT aliasing instruction cache
[    0.000000] OF: fdt: Machine model: Cubietech Cubietruck Plus
[    0.000000] Memory policy: Data cache writealloc
[    0.000000] efi: UEFI not found.
[    0.000000] cma: Reserved 16 MiB at 0x00000000bf000000
[    0.000000] Zone ranges:
[    0.000000]   DMA      [mem 0x0000000040000000-0x000000006fffffff]
[    0.000000]   Normal   empty
[    0.000000]   HighMem  [mem 0x0000000070000000-0x00000000bfffffff]
[    0.000000] Movable zone start for each node
[    0.000000] Early memory node ranges
[    0.000000]   node   0: [mem 0x0000000040000000-0x00000000bfffffff]
[    0.000000] Initmem setup node 0 [mem 0x0000000040000000-0x00000000bfffffff]
[    0.000000] percpu: Embedded 19 pages/cpu s45652 r8192 d23980 u77824
[    0.000000] Kernel command line: console=ttyS0,115200 root=UUID=840f6b37-0a5c-4d3b-a140-8c0bb19dff52 net.ifnames=0 fsck.mode=force fsck.repair=yes
[    0.000000] Dentry cache hash table entries: 131072 (order: 7, 524288 bytes, linear)
[    0.000000] Inode-cache hash table entries: 65536 (order: 6, 262144 bytes, linear)
[    0.000000] Built 1 zonelists, mobility grouping on.  Total pages: 522560
[    0.000000] mem auto-init: stack:all(zero), heap alloc:on, heap free:off
[    0.000000] Memory: 2017408K/2097152K available (12288K kernel code, 1730K rwdata, 3808K rodata, 2048K init, 375K bss, 63360K reserved, 16384K cma-reserved, 1294336K highmem)
[    0.000000] SLUB: HWalign=64, Order=0-3, MinObjects=0, CPUs=8, Nodes=1
[    0.000000] ftrace: allocating 40764 entries in 120 pages
[    0.000000] ftrace: allocated 120 pages with 4 groups
[    0.000000] trace event string verifier disabled
[    0.000000] rcu: Hierarchical RCU implementation.
[    0.000000] 	Rude variant of Tasks RCU enabled.
[    0.000000] 	Tracing variant of Tasks RCU enabled.
[    0.000000] rcu: RCU calculated value of scheduler-enlistment delay is 25 jiffies.
[    0.000000] NR_IRQS: 16, nr_irqs: 16, preallocated irqs: 16
[    0.000000] rcu: srcu_init: Setting srcu_struct sizes based on contention.
[    0.000000] arch_timer: cp15 timer(s) running at 24.00MHz (virt).
[    0.000000] clocksource: arch_sys_counter: mask: 0xffffffffffffff max_cycles: 0x588fe9dc0, max_idle_ns: 440795202592 ns
[    0.000002] sched_clock: 56 bits at 24MHz, resolution 41ns, wraps every 4398046511097ns
[    0.000018] Switching to timer-based delay loop, resolution 41ns
[    0.001323] clocksource: timer: mask: 0xffffffff max_cycles: 0xffffffff, max_idle_ns: 79635851949 ns
[    0.003244] Console: colour dummy device 80x30
[    0.003362] Calibrating delay loop (skipped), value calculated using timer frequency.. 48.00 BogoMIPS (lpj=96000)
[    0.003389] pid_max: default: 32768 minimum: 301
[    0.004000] LSM: initializing lsm=capability,landlock,yama,apparmor,tomoyo,bpf,integrity
[    0.004132] landlock: Up and running.
[    0.004137] Yama: disabled by default; enable with sysctl kernel.yama.*
[    0.004427] AppArmor: AppArmor initialized
[    0.004448] TOMOYO Linux initialized
[    0.004517] LSM support for eBPF active
[    0.004886] Mount-cache hash table entries: 2048 (order: 1, 8192 bytes, linear)
[    0.004918] Mountpoint-cache hash table entries: 2048 (order: 1, 8192 bytes, linear)
[    0.007236] CPU: Testing write buffer coherency: ok
[    0.008313] /cpus/cpu@0 missing clock-frequency property
[    0.008367] /cpus/cpu@1 missing clock-frequency property
[    0.008390] /cpus/cpu@2 missing clock-frequency property
[    0.008413] /cpus/cpu@3 missing clock-frequency property
[    0.008438] /cpus/cpu@100 missing clock-frequency property
[    0.008466] /cpus/cpu@101 missing clock-frequency property
[    0.008494] /cpus/cpu@102 missing clock-frequency property
[    0.008523] /cpus/cpu@103 missing clock-frequency property
[    0.008541] CPU0: thread -1, cpu 0, socket 0, mpidr 80000000
[    0.010205] cblist_init_generic: Setting adjustable number of callback queues.
[    0.010235] cblist_init_generic: Setting shift to 3 and lim to 1.
[    0.010477] cblist_init_generic: Setting shift to 3 and lim to 1.
[    0.010715] Setting up static identity map for 0x40400000 - 0x404000ac
[    0.011846] ARM CCI driver probed
[    0.012442] sunxi multi cluster SMP support installed
[    0.013077] rcu: Hierarchical SRCU implementation.
[    0.013085] rcu: 	Max phase no-delay instances is 1000.
[    0.015610] EFI services will not be available.
[    0.016786] smp: Bringing up secondary CPUs ...
[    0.018343] CPU1: thread -1, cpu 1, socket 0, mpidr 80000001
[    0.020173] CPU2: thread -1, cpu 2, socket 0, mpidr 80000002
[    0.021815] CPU3: thread -1, cpu 3, socket 0, mpidr 80000003
[    0.023643] CPU4: thread -1, cpu 0, socket 1, mpidr 80000100
[    0.025695] CPU5: thread -1, cpu 1, socket 1, mpidr 80000101
[    0.027310] CPU6: thread -1, cpu 2, socket 1, mpidr 80000102
[    0.029186] CPU7: thread -1, cpu 3, socket 1, mpidr 80000103
[    0.029358] smp: Brought up 1 node, 8 CPUs
[    0.029392] SMP: Total of 8 processors activated (384.00 BogoMIPS).
[    0.029403] CPU: All CPU(s) started in SVC mode.
[    0.031838] devtmpfs: initialized
[    0.042316] VFP support v0.3: implementor 41 architecture 2 part 30 variant 7 rev 5
[    0.042815] clocksource: jiffies: mask: 0xffffffff max_cycles: 0xffffffff, max_idle_ns: 7645041785100000 ns
[    0.043010] futex hash table entries: 2048 (order: 5, 131072 bytes, linear)
[    0.045343] pinctrl core: initialized pinctrl subsystem
[    0.047376] DMI not present or invalid.
[    0.048646] NET: Registered PF_NETLINK/PF_ROUTE protocol family
[    0.053434] DMA: preallocated 256 KiB pool for atomic coherent allocations
[    0.055023] audit: initializing netlink subsys (disabled)
[    0.055743] audit: type=2000 audit(0.052:1): state=initialized audit_enabled=0 res=1
[    0.057563] thermal_sys: Registered thermal governor 'fair_share'
[    0.057582] thermal_sys: Registered thermal governor 'bang_bang'
[    0.057588] thermal_sys: Registered thermal governor 'step_wise'
[    0.057594] thermal_sys: Registered thermal governor 'user_space'
[    0.057600] thermal_sys: Registered thermal governor 'power_allocator'
[    0.057859] No ATAGs?
[    0.058226] hw-breakpoint: found 5 (+1 reserved) breakpoint and 4 watchpoint registers.
[    0.058241] hw-breakpoint: maximum watchpoint size is 8 bytes.
[    0.059825] Serial: AMBA PL011 UART driver
[    0.070337] platform 1c0c000.lcd-controller: Fixed dependency cycle(s) with /soc/mixer@1200000/ports/port@1/endpoint@0
[    0.070388] platform 1c0c000.lcd-controller: Fixed dependency cycle(s) with /soc/mixer@1100000/ports/port@1/endpoint@0
[    0.070753] platform 1c0d000.lcd-controller: Fixed dependency cycle(s) with /soc/mixer@1200000/ports/port@1/endpoint@1
[    0.070804] platform 1c0d000.lcd-controller: Fixed dependency cycle(s) with /soc/mixer@1100000/ports/port@1/endpoint@1
[    0.078702] platform 1ee0000.hdmi: Fixed dependency cycle(s) with /soc/lcd-controller@1c0d000/ports/port@1/endpoint@1
[    0.081649] platform hdmi-connector: Fixed dependency cycle(s) with /soc/hdmi@1ee0000/ports/port@1/endpoint
[    0.086312] kprobes: kprobe jump-optimization is enabled. All kprobes are optimized if possible.
[    0.089481] HugeTLB: registered 2.00 MiB page size, pre-allocated 0 pages
[    0.089494] HugeTLB: 0 KiB vmemmap can be freed for a 2.00 MiB page
[    0.096447] iommu: Default domain type: Translated 
[    0.096472] iommu: DMA domain TLB invalidation policy: strict mode 
[    0.098084] pps_core: LinuxPPS API ver. 1 registered
[    0.098100] pps_core: Software ver. 5.3.6 - Copyright 2005-2007 Rodolfo Giometti <giometti@linux.it>
[    0.098124] PTP clock support registered
[    0.100877] NetLabel: Initializing
[    0.100890] NetLabel:  domain hash size = 128
[    0.100896] NetLabel:  protocols = UNLABELED CIPSOv4 CALIPSO
[    0.101018] NetLabel:  unlabeled traffic allowed by default
[    0.101626] vgaarb: loaded
[    0.115127] clocksource: Switched to clocksource arch_sys_counter
[    0.116876] VFS: Disk quotas dquot_6.6.0
[    0.117041] VFS: Dquot-cache hash table entries: 1024 (order 0, 4096 bytes)
[    0.118543] AppArmor: AppArmor Filesystem Enabled
[    0.135833] NET: Registered PF_INET protocol family
[    0.136914] IP idents hash table entries: 16384 (order: 5, 131072 bytes, linear)
[    0.140925] tcp_listen_portaddr_hash hash table entries: 512 (order: 0, 4096 bytes, linear)
[    0.141300] Table-perturb hash table entries: 65536 (order: 6, 262144 bytes, linear)
[    0.141376] TCP established hash table entries: 8192 (order: 3, 32768 bytes, linear)
[    0.141618] TCP bind hash table entries: 8192 (order: 5, 131072 bytes, linear)
[    0.142386] TCP: Hash tables configured (established 8192 bind 8192)
[    0.143273] MPTCP token hash table entries: 1024 (order: 2, 16384 bytes, linear)
[    0.143522] UDP hash table entries: 512 (order: 2, 16384 bytes, linear)
[    0.143625] UDP-Lite hash table entries: 512 (order: 2, 16384 bytes, linear)
[    0.144143] NET: Registered PF_UNIX/PF_LOCAL protocol family
[    0.144210] NET: Registered PF_XDP protocol family
[    0.144241] PCI: CLS 0 bytes, default 64
[    0.145884] Trying to unpack rootfs image as initramfs...
[    0.236995] Initialise system trusted keyrings
[    0.237160] Key type blacklist registered
[    0.237582] workingset: timestamp_bits=14 max_order=19 bucket_order=5
[    0.237828] zbud: loaded
[    0.246524] integrity: Platform Keyring initialized
[    0.246656] integrity: Machine keyring initialized
[    0.246676] Key type asymmetric registered
[    0.246692] Asymmetric key parser 'x509' registered
[    3.444014] Freeing initrd memory: 22852K
[    3.493206] bounce: pool size: 64 pages
[    3.493498] Block layer SCSI generic (bsg) driver version 0.4 loaded (major 248)
[    3.493863] io scheduler mq-deadline registered
[    3.522131] Serial: 8250/16550 driver, 5 ports, IRQ sharing enabled
[    3.526013] Serial: AMBA driver
[    3.527637] STM32 USART driver initialized
[    3.531674] mousedev: PS/2 mouse device common for all mice
[    3.537493] ledtrig-cpu: registered to indicate activity on CPUs
[    3.541430] NET: Registered PF_INET6 protocol family
[    3.585888] Segment Routing with IPv6
[    3.586050] In-situ OAM (IOAM) with IPv6
[    3.586213] mip6: Mobile IPv6
[    3.586262] NET: Registered PF_PACKET protocol family
[    3.586633] mpls_gso: MPLS GSO support
[    3.586907] ThumbEE CPU extension supported.
[    3.586926] Registering SWP/SWPB emulation handler
[    3.594969] registered taskstats version 1
[    3.595689] Loading compiled-in X.509 certificates
[    4.469661] Loaded X.509 cert 'Debian Secure Boot CA: 6ccece7e4c6c0d1f6149f3dd27dfcc5cbb419ea1'
[    4.469903] Loaded X.509 cert 'Debian Secure Boot Signer 2022 - linux: 14011249c2675ea8e5148542202005810584b25f'
[    4.483323] Key type .fscrypt registered
[    4.483353] Key type fscrypt-provisioning registered
[    4.526513] Key type encrypted registered
[    4.526546] AppArmor: AppArmor sha1 policy hashing enabled
[    4.526639] ima: No TPM chip found, activating TPM-bypass!
[    4.526695] ima: Allocated hash algorithm: sha256
[    4.526797] ima: No architecture policies found
[    4.526906] evm: Initialising EVM extended attributes:
[    4.526913] evm: security.selinux
[    4.526919] evm: security.SMACK64 (disabled)
[    4.526925] evm: security.SMACK64EXEC (disabled)
[    4.526931] evm: security.SMACK64TRANSMUTE (disabled)
[    4.526936] evm: security.SMACK64MMAP (disabled)
[    4.526941] evm: security.apparmor
[    4.526945] evm: security.ima
[    4.526950] evm: security.capability
[    4.526954] evm: HMAC attrs: 0x1
[    5.641013] gpio gpiochip0: Static allocation of GPIO base is deprecated, use dynamic allocation.
[    5.646194] sun8i-a83t-pinctrl 1c20800.pinctrl: initialized sunXi PIO driver
[    5.648302] gpio gpiochip1: Static allocation of GPIO base is deprecated, use dynamic allocation.
[    5.650446] sun8i-a83t-r-pinctrl 1f02c00.pinctrl: initialized sunXi PIO driver
[    5.651544] sun8i-a83t-pinctrl 1c20800.pinctrl: supply vcc-pb not found, using dummy regulator
[    5.652772] printk: console [ttyS0] disabled
[    5.673067] 1c28000.serial: ttyS0 at MMIO 0x1c28000 (irq = 163, base_baud = 1500000) is a U6_16550A
[    5.673187] printk: console [ttyS0] enabled
[    6.796801] sun8i-a83t-pinctrl 1c20800.pinctrl: supply vcc-pg not found, using dummy regulator
[    6.826938] 1c28400.serial: ttyS1 at MMIO 0x1c28400 (irq = 164, base_baud = 1500000) is a U6_16550A
[    6.836439] serial serial0: tty port ttyS1 registered
[    6.844861] sun8i-a83t-pinctrl 1c20800.pinctrl: supply vcc-pd not found, using dummy regulator
[    6.845311] sun8i-a83t-r-pinctrl 1f02c00.pinctrl: supply vcc-pl not found, using dummy regulator
[    6.853781] sun8i-a83t-r-pinctrl 1f02c00.pinctrl: supply vcc-pl not found, using dummy regulator
[    6.863114] sunxi-rsb 1f03400.rsb: RSB running at 3000000 Hz
[    6.877386] axp20x-rsb sunxi-rsb-3a3: AXP20x variant AXP813 found
[    6.891027] axp20x-rsb sunxi-rsb-3a3: AXP20X driver loaded
[    6.903349] clk: Disabling unused clocks
[    6.924309] Freeing unused kernel image (initmem) memory: 2048K
[    6.931195] Checked W+X mappings: passed, no W+X pages found
[    6.936907] Run /init as init process
Loading, please wait...
Starting systemd-udevd version 252.12-1~deb12u1
[    7.875372] sun8i-a83t-pinctrl 1c20800.pinctrl: supply vcc-pc not found, using dummy regulator
[    7.875610] sun8i-a83t-pinctrl 1c20800.pinctrl: supply vcc-pf not found, using dummy regulator
[    7.883598] usbcore: registered new interface driver usbfs
[    7.883786] usbcore: registered new interface driver hub
[    7.883952] usbcore: registered new device driver usb
[    7.941255] sun8i-a83t-pinctrl 1c20800.pinctrl: supply vcc-pc not found, using dummy regulator
[    7.947853] sun8i-a83t-pinctrl 1c20800.pinctrl: supply vcc-pf not found, using dummy regulator
[    7.967808] sun8i-a83t-pinctrl 1c20800.pinctrl: supply vcc-pc not found, using dummy regulator
[    7.969886] vcc-3v: Bringing 3300000uV into 3000000-3000000uV
[    7.974466] sun8i-a83t-pinctrl 1c20800.pinctrl: supply vcc-pf not found, using dummy regulator
[    7.987438] sun8i-a83t-pinctrl 1c20800.pinctrl: supply vcc-pf not found, using dummy regulator
[    7.998461] axp20x-gpio axp20x-gpio: DMA mask not set
[    8.012650] sun8i-a83t-pinctrl 1c20800.pinctrl: supply vcc-pc not found, using dummy regulator
[    8.012838] axp20x-gpio axp20x-gpio: AXP209 pinctrl and GPIO driver loaded
[    8.029842] vcc-dram: Bringing 1480000uV into 1500000-1500000uV
[    8.030153] sunxi-mmc 1c0f000.mmc: Got CD GPIO
[    8.054907] dp-pwr: Bringing 2900000uV into 3300000-3300000uV
[    8.066138] dp-bridge-1: Bringing 700000uV into 1200000-1200000uV
[    8.071336] sunxi-mmc 1c11000.mmc: initialized, max. request size: 16384 KB, uses new timings mode
[    8.071348] sunxi-mmc 1c0f000.mmc: initialized, max. request size: 16384 KB
[    8.076166] dp-bridge-2: Bringing 700000uV into 1200000-1200000uV
[    8.114391] axp20x-usb-power-supply axp20x-usb-power-supply: DMA mask not set
[    8.116439] mmc1: host does not support reading read-only switch, assuming write-enable
[    8.139743] mmc1: new high speed SDHC card at address aaaa
[    8.156441] mmcblk1: mmc1:aaaa SC16G 14.8 GiB 
[    8.159294] sun8i-a83t-pinctrl 1c20800.pinctrl: supply vcc-ph not found, using dummy regulator
[    8.184180] ehci-platform 1c1b000.usb: EHCI Host Controller
[    8.185451] ehci-platform 1c1a000.usb: EHCI Host Controller
[    8.188559] usb_phy_generic usb_phy_generic.0.auto: dummy supplies not allowed for exclusive requests
[    8.188890]  mmcblk1: p1
[    8.189988] ehci-platform 1c1b000.usb: new USB bus registered, assigned bus number 1
[    8.190603] musb-hdrc musb-hdrc.1.auto: MUSB HDRC host driver
[    8.190639] musb-hdrc musb-hdrc.1.auto: new USB bus registered, assigned bus number 2
[    8.191169] usb usb2: New USB device found, idVendor=1d6b, idProduct=0002, bcdDevice= 6.04
[    8.191189] usb usb2: New USB device strings: Mfr=3, Product=2, SerialNumber=1
[    8.191201] usb usb2: Product: MUSB HDRC host driver
[    8.191208] usb usb2: Manufacturer: Linux 6.4.0-1-armmp-lpae musb-hcd
[    8.191218] usb usb2: SerialNumber: musb-hdrc.1.auto
[    8.194526] hub 2-0:1.0: USB hub found
[    8.194694] hub 2-0:1.0: 1 port detected
[    8.197142] ehci-platform 1c1a000.usb: new USB bus registered, assigned bus number 3
[    8.279577] ehci-platform 1c1a000.usb: irq 206, io mem 0x01c1a000
[    8.279789] ehci-platform 1c1b000.usb: irq 205, io mem 0x01c1b000
[    8.299213] ehci-platform 1c1a000.usb: USB 2.0 started, EHCI 1.00
[    8.305903] usb usb3: New USB device found, idVendor=1d6b, idProduct=0002, bcdDevice= 6.04
[    8.314230] usb usb3: New USB device strings: Mfr=3, Product=2, SerialNumber=1
[    8.319192] ehci-platform 1c1b000.usb: USB 2.0 started, EHCI 1.00
[    8.321480] usb usb3: Product: EHCI Host Controller
[    8.332464] usb usb3: Manufacturer: Linux 6.4.0-1-armmp-lpae ehci_hcd
[    8.338924] usb usb3: SerialNumber: 1c1a000.usb
[    8.345027] hub 3-0:1.0: USB hub found
[    8.348976] hub 3-0:1.0: 1 port detected
[    8.354950] usb usb1: New USB device found, idVendor=1d6b, idProduct=0002, bcdDevice= 6.04
[    8.363334] usb usb1: New USB device strings: Mfr=3, Product=2, SerialNumber=1
[    8.367532] mmc2: new DDR MMC card at address 0001
[    8.370646] usb usb1: Product: EHCI Host Controller
[    8.379678] mmcblk2: mmc2:0001 NCard  7.30 GiB 
[    8.380337] usb usb1: Manufacturer: Linux 6.4.0-1-armmp-lpae ehci_hcd
[    8.391360] usb usb1: SerialNumber: 1c1b000.usb
[    8.394059]  mmcblk2: p1 p2 p3 < p5 p6 p7 p8 p9 p10 p11 p12 p13 p14 p15 >
[    8.397636] hub 1-0:1.0: USB hub found
[    8.402800] mmcblk2: p1 size 10483712 extends beyond EOD, truncated
[    8.406713] hub 1-0:1.0: 1 port detected
[    8.420751] mmcblk2boot0: mmc2:0001 NCard  4.00 MiB 
[    8.436359] dwmac-sun8i 1c30000.ethernet: IRQ eth_wake_irq not found
[    8.440297] mmcblk2boot1: mmc2:0001 NCard  4.00 MiB 
[    8.443239] dwmac-sun8i 1c30000.ethernet: IRQ eth_lpi not found
[    8.458008] dwmac-sun8i 1c30000.ethernet: PTP uses main clock
[    8.464479] dwmac-sun8i 1c30000.ethernet: Current syscon value is not the default 6 (expect 0)
[    8.474135] dwmac-sun8i 1c30000.ethernet: No HW DMA feature register supported
[    8.481566] dwmac-sun8i 1c30000.ethernet: RX Checksum Offload Engine supported
[    8.488878] dwmac-sun8i 1c30000.ethernet: COE Type 2
[    8.493942] dwmac-sun8i 1c30000.ethernet: TX Checksum insertion supported
[    8.500831] dwmac-sun8i 1c30000.ethernet: Normal descriptors
[    8.506582] dwmac-sun8i 1c30000.ethernet: Chain mode enabled
[    8.615768] usb 3-1: new high-speed USB device number 2 using ehci-platform
[    8.675342] usb 1-1: new high-speed USB device number 2 using ehci-platform
[    8.785880] usb 3-1: New USB device found, idVendor=05e3, idProduct=0718, bcdDevice= 0.16
[    8.794222] usb 3-1: New USB device strings: Mfr=0, Product=1, SerialNumber=2
[    8.801426] usb 3-1: Product: USB Storage
[    8.805527] usb 3-1: SerialNumber: 000000000033
Begin: Loading essential drivers ... done.
Begin: Running /scripts/init-premount ... done.
Begin: Mounting root file system ... Begin: Running /scripts/local-top ... done.
Begin: Running /scripts/local-premount ... [    8.840029] usb 1-1: New USB device found, idVendor=0424, idProduct=3503, bcdDevice=a1.a0
[    8.846357] SCSI subsystem initialized
[    8.852645] usb 1-1: New USB device strings: Mfr=0, Product=0, SerialNumber=0
done.
[    8.867686] hub 1-1:1.0: USB hub found
[    8.872053] hub 1-1:1.0: 2 ports detected
[    8.877618] usb-storage 3-1:1.0: USB Mass Storage device detected
[    8.888683] scsi host0: usb-storage 3-1:1.0
[    8.894682] usbcore: registered new interface driver usb-storage
[    8.905694] usbcore: registered new interface driver uas
Begin: Will now check root file system ... fsck from util-linux 2.38.1
[/sbin/fsck.ext4 (1) -- /dev/mmcblk1p1] fsck.ext4 -f -y -C0 /dev/mmcblk1p1 
e2fsck 1.47.0 (5-Feb-2023)
/dev/mmcblk1p1: recovering journal
Pass 1: Checking inodes, blocks, and sizes
/dev/mmcblk1p1: |=                                               |  2.9%   /dev/mmcblk1p1: |===                                             /  5.8%   /dev/mmcblk1p1: |====                                            -  8.8%   [    9.920994] scsi 0:0:0:0: Direct-Access     USB TO I DE/SATA Device   0016 PQ: 0 ANSI: 4
/dev/mmcblk1p1: |======                                          \ 11.7%                                                                                  Pass 2: Checking directory structure
[   10.060755] sd 0:0:0:0: [sda] Media removed, stopped polling
[   10.068109] sd 0:0:0:0: [sda] 0 512-byte logical blocks: (0 B/0 B)
[   10.074357] sd 0:0:0:0: [sda] 0-byte physical blocks
[   10.080512] sd 0:0:0:0: [sda] Test WP failed, assume Write Enabled
[   10.087849] sd 0:0:0:0: [sda] Asking for cache data failed
[   10.093372] sd 0:0:0:0: [sda] Assuming drive cache: write through
/dev/mmcblk1p1: |==================================            [   10.102204] sd 0:0:0:0: [sda] Attached SCSI disk
  | 70.1%   /dev/mmcblk1p1: |==================================              / 70.8%   /dev/mmcblk1p1: |====================================            - 75.6%   /dev/mmcblk1p1: |=======================================         \ 81.4%   /dev/mmcblk1p1: |========================================        | 83.9%   /dev/mmcblk1p1: |=========================================       / 84.9%   /dev/mmcblk1p1: |===========================================     - 89.6%                                                                                  Pass 3: Checking directory connectivity
Pass 4: Checking reference counts
/dev/mmcblk1p1: |=============================================   \ 93.9%                                                                                  Pass 5: Checking group summary information
Free blocks count wrong (486211, counted=484163).
Fix? yes

/dev/mmcblk1p1: |================================================| 100.0%                                                                                  Free inodes count wrong (166636, counted=166635).
Fix? yes


/dev/mmcblk1p1: ***** FILE SYSTEM WAS MODIFIED *****
/dev/mmcblk1p1: 29205/195840 files (0.4% non-contiguous), 298429/782592 blocks
fsck exited with status code 1
done.
[   11.288728] EXT4-fs (mmcblk1p1): mounted filesystem 840f6b37-0a5c-4d3b-a140-8c0bb19dff52 ro with ordered data mode. Quota mode: none.
done.
Begin: Running /scripts/local-bottom ... done.
Begin: Running /scripts/init-bottom ... done.
[   11.624655] Not activating Mandatory Access Control as /sbin/tomoyo-init does not exist.
[   12.164321] systemd[1]: System time before build time, advancing clock.
[   12.277879] systemd[1]: Inserted module 'autofs4'
[   12.385844] systemd[1]: systemd 252.12-1~deb12u1 running in system mode (+PAM +AUDIT +SELINUX +APPARMOR +IMA +SMACK +SECCOMP +GCRYPT -GNUTLS +OPENSSL +ACL +BLKID +CURL +ELFUTILS +FIDO2 +IDN2 -IDN +IPTC +KMOD +LIBCRYPTSETUP +LIBFDISK +PCRE2 -PWQUALITY +P11KIT +QRENCODE +TPM2 +BZIP2 +LZ4 +XZ +ZLIB +ZSTD -BPF_FRAMEWORK -XKBCOMMON +UTMP +SYSVINIT default-hierarchy=unified)
[   12.418664] systemd[1]: Detected architecture arm.

Welcome to Debian GNU/Linux 12 (bookworm)!

[   12.452234] systemd[1]: Hostname set to <Cubietruck-Plus>.
[   13.487973] systemd[1]: Queued start job for default target graphical.target.
[   13.528442] systemd[1]: Created slice system-getty.slice - Slice /system/getty.
[  OK  ] Created slice system-getty.slice - Slice /system/getty.
[   13.555366] systemd[1]: Created slice system-modprobe.slice - Slice /system/modprobe.
[  OK  ] Created slice system-modpr‚Ä¶lice - Slice /system/modprobe.
[   13.583251] systemd[1]: Created slice system-serial\x2dgetty.slice - Slice /system/serial-getty.
[  OK  ] Created slice system-seria‚Ä¶ - Slice /system/serial-getty.
[   13.610105] systemd[1]: Created slice user.slice - User and Session Slice.
[  OK  ] Created slice user.slice - User and Session Slice.
[   13.632176] systemd[1]: Started systemd-ask-password-console.path - Dispatch Password Requests to Console Directory Watch.
[  OK  ] Started systemd-ask-passwo‚Ä¶quests to Console Directory Watch.
[   13.659924] systemd[1]: Started systemd-ask-password-wall.path - Forward Password Requests to Wall Directory Watch.
[  OK  ] Started systemd-ask-passwo‚Ä¶ Requests to Wall Directory Watch.
[   13.689032] systemd[1]: Set up automount proc-sys-fs-binfmt_misc.automount - Arbitrary Executable File Formats File System Automount Point.
[  OK  ] Set up automount proc-sys-‚Ä¶rmats File System Automount Point.
[   13.719767] systemd[1]: Reached target cryptsetup.target - Local Encrypted Volumes.
[  OK  ] Reached target cryptsetup.‚Ä¶get - Local Encrypted Volumes.
[   13.743614] systemd[1]: Reached target integritysetup.target - Local Integrity Protected Volumes.
[  OK  ] Reached target integrityse‚Ä¶Local Integrity Protected Volumes.
[   13.767652] systemd[1]: Reached target paths.target - Path Units.
[  OK  ] Reached target paths.target - Path Units.
[   13.791467] systemd[1]: Reached target remote-fs.target - Remote File Systems.
[  OK  ] Reached target remote-fs.target - Remote File Systems.
[   13.815368] systemd[1]: Reached target slices.target - Slice Units.
[  OK  ] Reached target slices.target - Slice Units.
[   13.839426] systemd[1]: Reached target swap.target - Swaps.
[  OK  ] Reached target swap.target - Swaps.
[   13.859499] systemd[1]: Reached target veritysetup.target - Local Verity Protected Volumes.
[  OK  ] Reached target veritysetup‚Ä¶ - Local Verity Protected Volumes.
[   13.884860] systemd[1]: Listening on systemd-fsckd.socket - fsck to fsckd communication Socket.
[  OK  ] Listening on systemd-fsckd‚Ä¶sck to fsckd communication Socket.
[   13.912168] systemd[1]: Listening on systemd-initctl.socket - initctl Compatibility Named Pipe.
[  OK  ] Listening on systemd-initc‚Ä¶ initctl Compatibility Named Pipe.
[   13.937904] systemd[1]: Listening on systemd-journald-audit.socket - Journal Audit Socket.
[  OK  ] Listening on systemd-journ‚Ä¶socket - Journal Audit Socket.
[   13.964973] systemd[1]: Listening on systemd-journald-dev-log.socket - Journal Socket (/dev/log).
[  OK  ] Listening on systemd-journ‚Ä¶t - Journal Socket (/dev/log).
[   13.992891] systemd[1]: Listening on systemd-journald.socket - Journal Socket.
[  OK  ] Listening on systemd-journald.socket - Journal Socket.
[   14.017127] systemd[1]: Listening on systemd-udevd-control.socket - udev Control Socket.
[  OK  ] Listening on systemd-udevd‚Ä¶.socket - udev Control Socket.
[   14.044525] systemd[1]: Listening on systemd-udevd-kernel.socket - udev Kernel Socket.
[  OK  ] Listening on systemd-udevd‚l.socket - udev Kernel Socket.
[   14.092032] systemd[1]: Mounting dev-hugepages.mount - Huge Pages File System...
         Mounting dev-hugepages.mount - Huge Pages File System...
[   14.126837] systemd[1]: Mounting dev-mqueue.mount - POSIX Message Queue File System...
         Mounting dev-mqueue.mountÄ¶POSIX Message Queue File System...
[   14.162648] systemd[1]: Mounting sys-kernel-debug.mount - Kernel Debug File System...
         Mounting sys-kernel-debug.‚Ä¶ - Kernel Debug File System...
[   14.196920] systemd[1]: Mounting sys-kernel-tracing.mount - Kernel Trace File System...
         Mounting sys-kernel-tracin‚Ä¶ - Kernel Trace File System...
[   14.239021] systemd[1]: Starting kmod-static-nodes.service - Create List of Static Device Nodes...
         Starting kmod-static-nodes‚Ä¶ate List of Static Device Nodes...
[   14.274057] systemd[1]: Starting modprobe@configfs.service - Load Kernel Module configfs...
         Starting modprobe@configfs‚Ä¶m - Load Kernel Module configfs...
[   14.314118] systemd[1]: Starting modprobe@dm_mod.service - Load Kernel Module dm_mod...
         Starting modprobe@dm_mod.s‚Ä¶[0m - Load Kernel Module dm_mod...
[   14.352965] systemd[1]: Starting modprobe@drm.service - Load Kernel Module drm...
         Starting modprobe@drm.service - Load Kernel Module drm...
[   14.374520] device-mapper: core: CONFIG_IMA_DISABLE_HTABLE is disabled. Duplicate IMA measurements will not be recorded in the IMA log.
[   14.387343] device-mapper: uevent: version 1.0.3
[   14.393161] device-mapper: ioctl: 4.48.0-ioctl (2023-03-01) initialised: dm-devel@redhat.com
[   14.397724] systemd[1]: Starting modprobe@efi_pstore.service - Load Kernel Module efi_pstore...
         Starting modprobe@efi_psto‚- Load Kernel Module efi_pstore...
[   14.445387] systemd[1]: Starting modprobe@fuse.service - Load Kernel Module fuse...
         Starting modprobe@fuse.ser‚Ä¶e - Load Kernel Module fuse...
[   14.486467] systemd[1]: Starting modprobe@loop.service - Load Kernel Module loop...
[   14.492587] fuse: init (API version 7.38)
         Starting modprobe@loop.ser‚Ä¶e - Load Kernel Module loop...
[   14.520092] systemd[1]: systemd-fsck-root.service - File System Check on Root Device was skipped because of an unmet condition check (ConditionPathExists=!/run/initramfs/fsck-root).
[   14.541060] loop: module loaded
[   14.576999] systemd[1]: Starting systemd-journald.service - Journal Service...
         Starting systemd-journald.service - Journal Service...
[   14.618736] systemd[1]: Starting systemd-modules-load.service - Load Kernel Modules...
         Starting systemd-modules-l‚Ä¶rvice - Load Kernel Modules...
[   14.658275] systemd[1]: Starting systemd-remount-fs.service - Remount Root and Kernel File Systems...
         Starting systemd-remount-f‚Ä¶nt Root and Kernel File Systems...
[   14.717552] systemd[1]: Starting systemd-udev-trigger.service - Coldplug All udev Devices...
         Starting systemd-udev-trig‚Ä¶[0m - Coldplug All udev Devices...
[   14.749404] EXT4-fs (mmcblk1p1): re-mounted 840f6b37-0a5c-4d3b-a140-8c0bb19dff52 r/w. Quota mode: none.
[   14.773986] systemd[1]: Mounted dev-hugepages.mount - Huge Pages File System.
[  OK  ] Mounted dev-hugepages.mount - Huge Pages File System.
[   14.801166] systemd[1]: Mounted dev-mqueue.mount - POSIX Message Queue File System.
[  OK  ] Mounted dev-mqueue.mountÄ¶- POSIX Message Queue File System.
[   14.825020] systemd[1]: Mounted sys-kernel-debug.mount - Kernel Debug File System.
[  OK  ] Mounted sys-kernel-debug.m‚Ä¶nt - Kernel Debug File System.
[   14.849330] systemd[1]: Mounted sys-kernel-tracing.mount - Kernel Trace File System.
[  OK  ] Mounted sys-kernel-tracing‚Ä¶nt - Kernel Trace File System.
[   14.878440] systemd[1]: Finished kmod-static-nodes.service - Create List of Static Device Nodes.
[  OK  ] Finished kmod-static-nodes‚Ä¶reate List of Static Device Nodes.
[   14.908416] systemd[1]: modprobe@configfs.service: Deactivated successfully.
[   14.918450] systemd[1]: Finished modprobe@configfs.service - Load Kernel Module configfs.
[  OK  ] Finished modprobe@configfs‚Ä¶[0m - Load Kernel Module configfs.
[   14.947302] systemd[1]: modprobe@dm_mod.service: Deactivated successfully.
[   14.956753] systemd[1]: Finished modprobe@dm_mod.service - Load Kernel Module dm_mod.
[  OK  ] Finished modprobe@dm_mod.s‚Ä¶e - Load Kernel Module dm_mod.
[   14.981867] systemd[1]: Started systemd-journald.service - Journal Service.
[  OK  ] Started systemd-journald.service - Journal Service.
[  OK  ] Finished modprobe@drm.service - Load Kernel Module drm.
[  OK  ] Finished modprobe@efi_psto‚Ä¶m - Load Kernel Module efi_pstore.
[  OK  ] Finished modprobe@fuse.service - Load Kernel Module fuse.
[  OK  ] Finished modprobe@loop.service - Load Kernel Module loop.
[  OK  ] Finished systemd-modules-l‚Ä¶service - Load Kernel Modules.
[  OK  ] Finished systemd-remount-f‚Ä¶ount Root and Kernel File Systems.
         Mounting sys-fs-fuse-conne‚Ä¶ - FUSE Control File System...
         Mounting sys-kernel-config‚Ä¶ernel Configuration File System...
         Starting systemd-journal-f‚Ä¶h Journal to Persistent Storage...
         Starting systemd-random-se‚Ä¶ice - Load/Save Random Seed...
         Starting systemd-sysctl.se‚Ä¶ce - Apply Kernel Variables...
[   15.346496] systemd-journald[274]: Received client request to flush runtime journal.
         Starting systemd-sysusers.‚Ä¶rvice - Creat[   15.362610] systemd-journald[274]: File /var/log/journal/e52de349c06d44999e5a921e4856d126/system.journal corrupted or uncleanly shut down, renaming and replacing.
e System Users...
[  OK  ] Mounted sys-fs-fuse-connec‚Ä¶nt - FUSE Control File System.
[  OK  ] Mounted sys-kernel-config.‚Ä¶ Kernel Configuration File System.
[  OK  ] Finished systemd-sysctl.service - Apply Kernel Variables.
[  OK  ] Finished systemd-sysusers.service - Create System Users.
         Starting systemd-tmpfiles-‚Ä¶ate Static Device Nodes in /dev...
[  OK  ] Finished systemd-journal-f‚Ä¶ush Journal to Persistent Storage.
[  OK  ] Finished systemd-tmpfiles-‚Ä¶reate Static Device Nodes in /dev.
[  OK  ] Finished systemd-udev-trig‚Ä¶e - Coldplug All udev Devices.
[  OK  ] Reached target local-fs-pr‚Ä¶reparation for Local File Systems.
[  OK  ] Reached target local-fs.target - Local File Systems.
         Starting apparmor.service - Load AppArmor profiles...
         Starting ifupdown-pre.serv‚Ä¶ynchronize boot up for ifupdown...
         Starting systemd-binfmt.se‚Ä¶et Up Additional Binary Formats...
         Starting systemd-tmpfiles-‚Ä¶ Volatile Files and Directories...
         Starting systemd-udevd.ser‚Ä¶ger for Device Events and Files...
         Mounting proc-sys-fs-binfm‚Ä¶utable File Formats File System...
[  OK  ] Mounted proc-sys-fs-binfmt‚Ä¶ecutable File Formats File System.
[   16.142450] audit: type=1400 audit(1689025478.972:2): apparmor="STATUS" operation="profile_load" profile="unconfined" name="lsb_release" pid=305 comm="apparmor_parser"
[   16.162897] audit: type=1400 audit(1689025478.976:3): apparmor="STATUS" operation="profile_load" profile="unconfined" name="nvidia_modprobe" pid=306 comm="apparmor_parser"
[   16.178487] audit: type=1400 audit(1689025478.976:4): apparmor="STATUS" operation="profile_load" profile="unconfined" name="nvidia_modprobe//kmod" pid=306 comm="apparmor_parser"
[  OK  ] Finished systemd-tmpfiles-‚Ä¶te Vol[   16.197945] audit: type=1400 audit(1689025479.028:5): apparmor="STATUS" operation="profile_load" profile="unconfined" name="/usr/lib/NetworkManager/nm-dhcp-client.action" pid=307 comm="apparmor_parser"
atile Files and Directories.
[   16.219293] audit: type=1400 audit(1689025479.028:6): apparmor="STATUS" operation="profile_load" profile="unconfined" name="/usr/lib/NetworkManager/nm-dhcp-helper" pid=307 comm="apparmor_parser"
[   16.239348] audit: type=1400 audit(1689025479.028:7): apparmor="STATUS" operation="profile_load" profile="unconfined" name="/usr/lib/connman/scripts/dhclient-script" pid=307 comm="apparmor_parser"
[   16.257136] audit: type=1400 audit(1689025479.028:8): apparmor="STATUS" operation="profile_load" profile="unconfined" name="/{,usr/}sbin/dhclient" pid=307 comm="apparmor_parser"
[  OK  ] Finished apparmor.service - Load AppArmor profiles.
[  OK  ] Finished systemd-binfmt.se‚Ä¶ Set Up Additional Binary Formats.
         Starting systemd-update-ut‚Ä¶rd System Boot/Shutdown in UTMP...
[  OK  ] Started systemd-udevd.serv‚Ä¶nager for Device Events and Files.
[   16.547378] random: crng init done
[  OK  ] Finished systemd-random-se‚Ä¶rvice - Load/Save Random Seed.
[  OK  ] Found device dev-ttyS0.device - /dev/ttyS0.
[  OK  ] Finished systemd-update-ut‚Ä¶cord System Boot/Shutdown in UTMP.
[   16.907670] sd 0:0:0:0: Attached scsi generic sg0 type 0
[   17.168797] sun8i-a83t-pinctrl 1c20800.pinctrl: supply vcc-pe not found, using dummy regulator
[   17.324592] sunxi-wdt 1c20ca0.watchdog: Watchdog enabled (timeout=16 sec, nowayout=0)
[   17.419366] usb3503 usb-hub: Ports disabled with no control interface
[   17.424026] thermal_sys: Failed to find 'trips' node
[   17.431360] thermal_sys: Failed to find trip points for thermal-sensor id=2
[   17.437407] usb3503 usb-hub: switched to HUB mode
[   17.438437] sun8i-thermal: probe of 1f04000.thermal-sensor failed with error -22
[   17.443234] usb3503 usb-hub: usb3503_probe: probed in hub mode
[   17.541706] axp20x-ac-power-supply axp20x-ac-power-supply: DMA mask not set
[   17.541706] axp20x-adc axp813-adc: DMA mask not set
[   17.563020] input: axp20x-pek as /devices/platform/soc/1f03400.rsb/sunxi-rsb-3a3/axp221-pek/input/input0
[   17.594266] axp20x-battery-power-supply axp20x-battery-power-supply: DMA mask not set
[   17.696686] sun4i-drm display-engine: bound 1100000.mixer (ops sun8i_mixer_platform_driver_exit [sun8i_mixer])
[   17.717723] sun4i-drm display-engine: bound 1200000.mixer (ops sun8i_mixer_platform_driver_exit [sun8i_mixer])
[   17.731044] sun4i-drm display-engine: No panel or bridge found... RGB output disabled
[   17.739283] sun4i-drm display-engine: bound 1c0c000.lcd-controller (ops sun4i_tcon_platform_driver_exit [sun4i_tcon])
[   17.757705] sun4i-drm display-engine: bound 1c0d000.lcd-controller (ops sun4i_tcon_platform_driver_exit [sun4i_tcon])
[   17.789514] sun8i-dw-hdmi 1ee0000.hdmi: supply hvcc not found, using dummy regulator
[   17.799912] sun8i-dw-hdmi 1ee0000.hdmi: Detected HDMI TX controller v1.32a with HDCP (sun8i_dw_hdmi_phy)
[   17.813491] sun8i-dw-hdmi 1ee0000.hdmi: registered DesignWare HDMI I2C bus driver
[   17.835633] sun4i-drm display-engine: bound 1ee0000.hdmi (ops sun8i_dw_hdmi_exit [sun8i_drm_hdmi])
[   17.849160] [drm] Initialized sun4i-drm 1.0.0 20150629 for display-engine on minor 0
[   17.862044] sun4i-drm display-engine: [drm] Cannot find any crtc or sizes
[   17.875928] 8<--- cut here ---
[   17.879278] Unable to handle kernel paging request at virtual address b31f0441 when read
[   17.887553] [b31f0441] *pgd=43666003, *pmd=00000000
[   17.892831] Internal error: Oops: 206 [#1] SMP ARM
[   17.897745] Modules linked in: sun4i_spdif(+) snd_soc_simple_card_utils(+) snd_soc_spdif_tx snd_soc_core drbg(+) sun8i_drm_hdmi ansi_cprng snd_pcm_dmaengine dw_hdmi snd_pcm axp20x_battery ecdh_generic(+) axp20x_adc axp20x_ac_power axp20x_pek drm_display_helper rfkill snd_timer ecc cec usb3503 snd rc_core sun8i_thermal soundcore sunxi_wdt nvmem_sunxi_sid display_connector sun6i_dma leds_gpio cpufreq_dt sg binfmt_misc loop fuse dm_mod configfs ip_tables x_tables autofs4 ext4 crc16 mbcache jbd2 crc32c_generic sd_mod t10_pi crc64_rocksoft crc64 crc_t10dif crct10dif_generic crct10dif_common uas usb_storage scsi_mod scsi_common realtek dwmac_sun8i stmmac_platform stmmac pcs_xpcs phylink mdio_mux of_mdio sunxi fixed_phy phy_generic fwnode_mdio musb_hdrc axp20x_usb_power pinctrl_axp209 axp20x_regulator industrialio ehci_platform sun4i_drm sun4i_frontend sun4i_tcon sun8i_mixer ehci_hcd udc_core drm_dma_helper sun8i_tcon_top libphy usbcore drm_kms_helper phy_sun4i_usb drm sunxi_mmc
[   17.984736] CPU: 0 PID: 324 Comm: (udev-worker) Not tainted 6.4.0-1-armmp-lpae #1  Debian 6.4.4-2
[   17.993637] Hardware name: Allwinner A83t board
[   17.998167] PC is at __kmem_cache_alloc_node+0x10c/0x310
[   18.003506] LR is at __kmem_cache_alloc_node+0x58/0x310
[   18.008736] pc : [<c06d13b8>]    lr : [<c06d1304>]    psr: a00f0013
[   18.015001] sp : f0af5d58  ip : 000030f6  fp : f0af5d58
[   18.020223] r10: 135c16e8  r9 : c04f3acc  r8 : b31f0441
[   18.025445] r7 : c160b7bc  r6 : 00000000  r5 : 00000cc0  r4 : c2001180
[   18.031967] r3 : 00000020  r2 : eed58278  r1 : 2d819000  r0 : b31f0421
[   18.038490] Flags: NzCv  IRQs on  FIQs on  Mode SVC_32  ISA ARM  Segment user
[   18.045624] Control: 30c5387d  Table: 442f90c0  DAC: fffffffd
[   18.051364] Register r0 information: non-paged memory
[   18.056429] Register r1 information: non-paged memory
[   18.061481] Register r2 information: non-slab/vmalloc memory
[   18.067146] Register r3 information: non-paged memory
[   18.072201] Register r4 information: slab kmem_cache start c2001180 pointer offset 0 size 140
[   18.080748] Register r5 information: non-paged memory
[   18.085799] Register r6 information: NULL pointer
[   18.090503] Register r7 information: non-slab/vmalloc memory
[   18.096163] Register r8 information: non-paged memory
[   18.101216] Register r9 information: non-slab/vmalloc memory
[   18.106874] Register r10 information: non-paged memory
[   18.112011] Register r11 information: 2-page vmalloc region starting at 0xf0af4000 allocated at kernel_clone+0xac/0x3a8
[   18.122807] Register r12 information: non-paged memory
[   18.127946] Process (udev-worker) (pid: 324, stack limit = 0x2f1ff252)
[   18.134480] Stack: (0xf0af5d58 to 0xf0af6000)
[   18.138839] 5d40:                                                       f0af5d70 0000000c
[   18.147013] 5d60: a00f0013 00000000 0000000b ffffffff 00000000 40472788 00000000 0000000b
[   18.155187] 5d80: c2001180 0000000b 00000cc0 ffffffff c04f3acc bf542040 00000028 c066d908
[   18.163359] 5da0: c04f3acc c04f3a34 bf542304 bf54204c 00000008 f0b29bbc 00000cc0 0000000b
[   18.171530] 5dc0: c04f3acc f0af5f48 c416fed8 bf542040 00000028 c06604bc 00000017 c04f35a4
[   18.179702] 5de0: c416fe10 c416fc00 f0af5f48 c04f3acc bf54204c c16a5824 c04ed820 00000000
[   18.187873] 5e00: f0af5f48 bf542088 ffff8000 00007fff 00000000 00000000 00000000 40472788
[   18.196045] 5e20: 0000000a 00000001 f0af5f48 f0af5ec8 bf542040 c17d7cb0 00000000 00000000
[   18.204216] 5e40: c17d7cb0 c04f0e10 ffff8000 00007fff bf542040 c04ed820 f0af5f48 f0af5ec0
[   18.212387] 5e60: bf54204c bf542044 c1694264 bf542040 bf542040 c1255dc0 00000000 c1256490
[   18.220558] 5e80: f0af5f48 bf54213c 00000000 c17d7cb0 c3721600 00000001 00000000 b6f8dad8
[   18.227168] power_supply axp813-ac: driver failed to report `health' property: -110
[   18.228728] 5ea0: bf548306 00000001 00000000 00000000 00000000 00000000 00000000 00000000
[   18.228738] 5ec0: bf548064 00000018 6e72656b 00006c65 00000000 00000000 00000000 00000000
[   18.252710] 5ee0: 00000000 00000000 00000000 00000000 00000000 00000000 00000000 00000000
[   18.260883] 5f00: 00000000 40472788 f0af5f44 00000000 00000012 b6f8dad8 0000017b c04002e4
[   18.269056] 5f20: c3721600 0000017b 00000000 c04f169c f0af5f44 7fffffff 00000000 00000002
[   18.277227] 5f40: b6f8e7bc f0b23000 f0b2593f f0b24f40 f0b23000 00007194 f0b29c1c f0b29ac4
[   18.285399] 5f60: f0b27a80 00000340 00000530 0000260c 000007e4 00000000 000025fc 00000020
[   18.293571] 5f80: 00000021 0000000d 00000019 00000013 00000000 40472788 b6f8ec90 013b6e50
[   18.301742] 5fa0: 8f515200 c04002d4 b6f8ec90 013b6e50 00000012 b6f8dad8 00000000 b6f8e7bc
[   18.309914] 5fc0: b6f8ec90 013b6e50 8f515200 0000017b 013bbc08 00000000 00000000 00000000
[   18.318086] 5fe0: befc4788 befc4778 b6f88051 b6ebbdd2 400d0030 00000012 00000000 00000000
[   18.326273]  __kmem_cache_alloc_node from __kmalloc_node_track_caller+0x4c/0x174
[   18.333700]  __kmalloc_node_track_caller from kstrdup+0x38/0x5c
[   18.335148] power_supply axp813-ac: driver failed to report `health' property: -110
[   18.339636]  kstrdup from mod_sysfs_setup+0x45c/0x748
[   18.339667]  mod_sysfs_setup from load_module+0x1920/0x1eb8
[   18.357930]  load_module from sys_finit_module+0xcc/0x13c
[   18.363347]  sys_finit_module from __sys_trace_return+0x0/0x10
[   18.369185] Exception stack(0xf0af5fa8 to 0xf0af5ff0)
[   18.374236] 5fa0:                   b6f8ec90 013b6e50 00000012 b6f8dad8 00000000 b6f8e7bc
[   18.382407] 5fc0: b6f8ec90 013b6e50 8f515200 0000017b 013bbc08 00000000 00000000 00000000
[   18.390577] 5fe0: befc4788 befc4778 b6f88051 b6ebbdd2
[   18.395633] Code: 0a000069 e594301c e594a078 e0808003 (e7903003) 
[   18.401975] ---[ end trace 0000000000000000 ]---
[   18.447414] cryptd: max_cpu_qlen set to 1000
[   18.450090] Registered IR keymap rc-cec
[   18.452808] 8<--- cut here ---
[   18.456118] rc rc0: dw_hdmi as /devices/platform/soc/1ee0000.hdmi/rc/rc0
[   18.458885] Unable to handle kernel paging request at virtual address b31f0441 when read
[   18.466154] input: dw_hdmi as /devices/platform/soc/1ee0000.hdmi/rc/rc0/input1
[   18.473789] [b31f0441] *pgd=80000040206003, *pmd=00000000
[   18.486511] Internal error: Oops: 206 [#2] SMP ARM
[   18.491315] Modules linked in: dw_hdmi_cec(+) dw_hdmi_i2s_audio cryptd sun4i_spdif snd_soc_simple_card_utils(+) snd_soc_spdif_tx snd_soc_core drbg(+) sun8i_drm_hdmi ansi_cprng snd_pcm_dmaengine dw_hdmi snd_pcm axp20x_battery ecdh_generic(+) axp20x_adc axp20x_ac_power axp20x_pek drm_display_helper rfkill snd_timer ecc cec usb3503 snd rc_core sun8i_thermal soundcore sunxi_wdt nvmem_sunxi_sid display_connector sun6i_dma leds_gpio cpufreq_dt sg binfmt_misc loop fuse dm_mod configfs ip_tables x_tables autofs4 ext4 crc16 mbcache jbd2 crc32c_generic sd_mod t10_pi crc64_rocksoft crc64 crc_t10dif crct10dif_generic crct10dif_common uas usb_storage scsi_mod scsi_common realtek dwmac_sun8i stmmac_platform stmmac pcs_xpcs phylink mdio_mux of_mdio sunxi fixed_phy phy_generic fwnode_mdio musb_hdrc axp20x_usb_power pinctrl_axp209 axp20x_regulator industrialio ehci_platform sun4i_drm sun4i_frontend sun4i_tcon sun8i_mixer ehci_hcd udc_core drm_dma_helper sun8i_tcon_top libphy usbcore drm_kms_helper phy_sun4i_usb drm sunxi_mmc
[   18.581072] CPU: 0 PID: 55 Comm: kworker/u16:1 Tainted: G      D            6.4.0-1-armmp-lpae #1  Debian 6.4.4-2
[   18.591332] Hardware name: Allwinner A83t board
[   18.595866] Workqueue: events_unbound deferred_probe_work_func
[   18.601731] PC is at __kmem_cache_alloc_node+0x10c/0x310
[   18.607060] LR is at __kmem_cache_alloc_node+0x58/0x310
[   18.612296] pc : [<c06d13b8>]    lr : [<c06d1304>]    psr: a00f0113
[   18.618561] sp : f0945d08  ip : 000030f6  fp : f0945d08
[   18.623787] r10: 135c16e8  r9 : c08bc728  r8 : b31f0441
[   18.629010] r7 : c160b7bc  r6 : 00000000  r5 : 00000cc0  r4 : c2001180
[   18.635537] r3 : 00000020  r2 : eed58278  r1 : 2d819000  r0 : b31f0421
[   18.642064] Flags: NzCv  IRQs on  FIQs on  Mode SVC_32  ISA ARM  Segment user
[   18.649199] Control: 30c5387d  Table: 442f90c0  DAC: fffffffd
[   18.654943] Register r0 information: non-paged memory
[   18.660006] Register r1 information: non-paged memory
[   18.665061] Register r2 information: non-slab/vmalloc memory
[   18.670728] Register r3 information: non-paged memory
[   18.675782] Register r4 information: slab kmem_cache start c2001180 pointer offset 0 size 140
[   18.684339] Register r5 information: non-paged memory
[   18.689394] Register r6 information: NULL pointer
[   18.694103] Register r7 information: non-slab/vmalloc memory
[   18.699767] Register r8 information: non-paged memory
[   18.704822] Register r9 information: non-slab/vmalloc memory
[   18.710486] Register r10 information: non-paged memory
[   18.715627] Register r11 information: 2-page vmalloc region starting at 0xf0944000 allocated at kernel_clone+0xac/0x3a8
[   18.726423] Register r12 information: non-paged memory
[   18.731565] Process kworker/u16:1 (pid: 55, stack limit = 0xf11dc8c2)
[   18.738013] Stack: (0xf0945d08 to 0xf0946000)
[   18.742377] 5d00:                   00000001 00000000 ffffff04 ffff0a00 00000028 ffffffff
[   18.750554] 5d20: 00000000 b135471e 0000000a 00000028 c2001180 c12a6cec 00000cc0 ffffffff
[   18.758731] 5d40: c08bc728 c179f050 c2098e05 c066d908 c08bc728 ffffff05 ffff0a00 b135471e
[   18.766907] 5d60: 00000002 f0945dc8 00000027 c12a6cec 00000cc0 00000028 00000001 c179f050
[   18.775085] 5d80: c2098e05 c08bc610 c5282c00 c160b0ac c178fcbc 00000000 f0945dc8 b135471e
[   18.783262] 5da0: c23d0010 c124f0e4 f0945df4 c1762a0c 00000000 c08bc728 f0945dc8 b135471e
[   18.791440] 5dc0: c0b33dc8 c12a6cec c124f0e4 f0945df4 fffffdfb c23d0010 c23d0068 c23d0010
[   18.799616] 5de0: 00000000 c0b2bdb4 c153c3c0 c160b76c f0945e14 c12fe12c f0945df0 b135471e
[   18.807792] 5e00: c1762854 c23d0058 c3094800 c0b2d91c c12fe12c c2537e40 c23d0010 c1770558
[   18.815969] 5e20: c1770558 00000049 c1762a64 c12fe6fc c179f050 c0b330a4 c23d0110 c23d0010
[   18.824146] 5e40: 00000000 c23d0010 c1770558 c23d0010 00000049 c0b334d8 600f0113 c12fe6fc
[   18.832324] 5e60: c1806b70 c1770558 c23d0010 00000049 c1762a64 c0b33668 00000001 c1770558
[   18.840501] 5e80: f0945ed4 c23d0010 c1762a64 c0b33798 00000000 f0945ed4 c0b336f8 c2129d00
[   18.848677] 5ea0: c1762a64 c0b30f34 c2129d00 c2129d6c c325d738 b135471e c2098e05 c23d0010
[   18.856854] 5ec0: 00000001 c23d0054 c2129d00 c0b33bf4 c23d0010 c23d0010 00000001 b135471e
[   18.865030] 5ee0: c23a1554 c23d0010 c1762a08 c0b320ac c23a1554 c23d0010 c1762a08 c1762a0c
[   18.873207] 5f00: c1762a64 c0b32c50 c1762a38 c234cf80 c200a800 c2098e00 00000000 00000200
[   18.881384] 5f20: c2250000 c0468494 c200a85c c2250000 c200a800 c234cf98 c200a820 c234cf80
[   18.889562] 5f40: c200a800 c234cf98 c200a820 c2250000 c1604d40 00000088 c200a800 c0469e30
[   18.897739] 5f60: c200a85c c1604d40 f0855ed8 c234d4c0 c2250000 c0469dd8 c234cf80 c234da40
[   18.905916] 5f80: f0855ed8 00000000 00000000 c0470ae8 c234d4c0 c0470a00 00000000 00000000
[   18.914091] 5fa0: 00000000 00000000 00000000 c0400160 00000000 00000000 00000000 00000000
[   18.922267] 5fc0: 00000000 00000000 00000000 00000000 00000000 00000000 00000000 00000000
[   18.930443] 5fe0: 00000000 00000000 00000000 00000000 00000013 00000000 00000000 00000000
[   18.938630]  __kmem_cache_alloc_node from __kmalloc_node_track_caller+0x4c/0x174
[   18.946054]  __kmalloc_node_track_caller from kvasprintf+0x5c/0xcc
[   18.952257]  kvasprintf from kasprintf+0x2c/0x58
[   18.956888]  kasprintf from device_set_deferred_probe_reason+0x40/0x68
[   18.963431]  device_set_deferred_probe_reason from dev_err_probe+0x58/0xcc
[   18.970328]  dev_err_probe from device_links_check_suppliers+0x19c/0x28c
[   18.977048]  device_links_check_suppliers from really_probe+0x30/0x3d0
[   18.983591]  really_probe from __driver_probe_device+0x94/0x1ec
[   18.989523]  __driver_probe_device from driver_probe_device+0x38/0xc8
[   18.995975]  driver_probe_device from __device_attach_driver+0xa0/0x114
[   19.002600]  __device_attach_driver from bus_for_each_drv+0x98/0xec
[   19.008877]  bus_for_each_drv from __device_attach+0xb0/0x1d0
[   19.014634]  __device_attach from bus_probe_device+0x90/0x94
[   19.020307]  bus_probe_device from deferred_probe_work_func+0xa4/0xe8
[   19.026757]  deferred_probe_work_func from process_one_work+0x1f0/0x4b8
[   19.033393]  process_one_work from worker_thread+0x58/0x504
[   19.038985]  worker_thread from kthread+0xe8/0x104
[   19.043795]  kthread from ret_from_fork+0x14/0x34
[   19.048514] Exception stack(0xf0945fb0 to 0xf0945ff8)
[   19.053567] 5fa0:                                     00000000 00000000 00000000 00000000
[   19.061743] 5fc0: 00000000 00000000 00000000 00000000 00000000 00000000 00000000 00000000
[   19.069917] 5fe0: 00000000 00000000 00000000 00000000 00000013 00000000
[   19.076539] Code: 0a000069 e594301c e594a078 e0808003 (e7903003) 
[   19.082784] ---[ end trace 0000000000000000 ]---
[   19.221437] 8<--- cut here ---
[   19.224685] Unable to handle kernel paging request at virtual address b31f0441 when read
[   19.232869] [b31f0441] *pgd=451de003, *pmd=00000000
[   19.232947] Internal error: Oops: 206 [#3] SMP ARM
[   19.232976] Modules linked in: evdev crypto_simd dw_hdmi_cec(+) dw_hdmi_i2s_audio cryptd sun4i_spdif snd_soc_simple_card_utils(+) snd_soc_spdif_tx snd_soc_core drbg(+) sun8i_drm_hdmi ansi_cprng snd_pcm_dmaengine dw_hdmi snd_pcm axp20x_battery ecdh_generic(+) axp20x_adc axp20x_ac_power axp20x_pek drm_display_helper rfkill snd_timer ecc cec usb3503 snd rc_core sun8i_thermal soundcore sunxi_wdt nvmem_sunxi_sid display_connector sun6i_dma leds_gpio cpufreq_dt sg binfmt_misc loop fuse dm_mod configfs ip_tables x_tables autofs4 ext4 crc16 mbcache jbd2 crc32c_generic sd_mod t10_pi crc64_rocksoft crc64 crc_t10dif crct10dif_generic crct10dif_common uas usb_storage scsi_mod scsi_common realtek dwmac_sun8i stmmac_platform stmmac pcs_xpcs phylink mdio_mux of_mdio sunxi fixed_phy phy_generic fwnode_mdio musb_hdrc axp20x_usb_power pinctrl_axp209 axp20x_regulator industrialio ehci_platform sun4i_drm sun4i_frontend sun4i_tcon sun8i_mixer ehci_hcd udc_core drm_dma_helper sun8i_tcon_top libphy usbcore drm_kms_helper phy_sun4i_usb drm
[   19.243387]  sunxi_mmc
[   19.335572] CPU: 0 PID: 351 Comm: modprobe Tainted: G      D            6.4.0-1-armmp-lpae #1  Debian 6.4.4-2
[   19.345486] Hardware name: Allwinner A83t board
[   19.350017] PC is at __kmem_cache_alloc_node+0x10c/0x310
[   19.355359] LR is at __kmem_cache_alloc_node+0x58/0x310
[   19.360594] pc : [<c06d13b8>]    lr : [<c06d1304>]    psr: a00f0113
[   19.366863] sp : f0b2dcf8  ip : 000030fb  fp : f0b2dcf8
[   19.372088] r10: 135c16e8  r9 : 00000028  r8 : b31f0441
[   19.377313] r7 : c160b7bc  r6 : 00000000  r5 : 00002dc0  r4 : c2001180
[   19.383839] r3 : 00000020  r2 : eed58278  r1 : 2d819000  r0 : b31f0421
[   19.390366] Flags: NzCv  IRQs on  FIQs on  Mode SVC_32  ISA ARM  Segment user
[   19.397500] Control: 30c5387d  Table: 451dc100  DAC: fffffffd
[   19.403244] Register r0 information: non-paged memory
[   19.408307] Register r1 information: non-paged memory
[   19.413362] Register r2 information: non-slab/vmalloc memory
[   19.419027] Register r3 information: non-paged memory
[   19.424083] Register r4 information: slab kmem_cache start c2001180 pointer offset 0 size 140
[   19.432639] Register r5 information: non-paged memory
[   19.437694] Register r6 information: NULL pointer
[   19.442401] Register r7 information: non-slab/vmalloc memory
[   19.448063] Register r8 information: non-paged memory
[   19.453118] Register r9 information: non-paged memory
[   19.458174] Register r10 information: non-paged memory
[   19.463316] Register r11 information: 2-page vmalloc region starting at 0xf0b2c000 allocated at kernel_clone+0xac/0x3a8
[   19.474110] Register r12 information: non-paged memory
[   19.479254] Process modprobe (pid: 351, stack limit = 0xfb4464cb)
[   19.485356] Stack: (0xf0b2dcf8 to 0xf0b2e000)
[   19.489718] dce0:                                                       00000001 00000001
[   19.497895] dd00: 00000000 ffefe000 00000028 ffffffff 00000000 566e8350 c2610f68 c2001180
[   19.506072] dd20: bf000000 c069af1c 00002dc0 ffffffff 00000028 00002cc0 c04efbf4 c066cfe4
[   19.514249] dd40: c069af1c c0698b74 beb1e71f 00800000 c2001180 00002000 bf000000 00000022
[   19.522425] dd60: 00000001 bf000000 ffffffff 00002cc0 c04efbf4 c069af1c c0203018 bf5ecfff
[   19.530603] dd80: 00000000 000000c0 00002000 bf000000 c1272d10 00002cc0 bfe00000 ffffffff
[   19.538779] dda0: 00000000 c069dc7c bfe00000 ffffffff 00002cc0 c04efbf4 f0b6c624 000000c8
[   19.546955] ddc0: f0b6bc64 0000000c 00000022 00000001 c1272cd8 c3720000 bf5ea000 00002cc2
[   19.555134] dde0: f0b6bc64 566e8350 f0b6c124 c17b1e20 c04efbf4 00002000 ffffffff fffff000
[   19.563313] de00: 00000001 00000000 c17d7cb0 c040e5d4 00002cc0 f0b6c5ac 0000071f 00800000
[   19.571490] de20: 00000000 ffffffff c04efbf4 f0b69e40 00000003 bf5ea000 f0b2df48 f0b69e64
[   19.579666] de40: f0b69e40 c04efbf4 00000000 00000000 00000000 566e8350 00000001 00000001
[   19.587842] de60: 00005624 c1255da4 00000017 00000022 00000001 c1255dc0 00000000 0000000c
[   19.596018] de80: f0b2df48 f0b67000 f0b6c05c 00000000 c3720000 00000001 00000000 004d6d38
[   19.604194] dea0: 00000000 7fffffff c492ca80 00005624 00000000 c074268c 00000002 566e8350
[   19.612371] dec0: beffa000 00000000 00000001 f0b67000 00005624 00000000 00000000 566e8350
[   19.620549] dee0: 00000000 c492ca80 00000000 00000000 c492ca80 c04002e4 c3720000 0000017b
[   19.628726] df00: 004d50bc 566e8350 f0b2df44 00000000 00000002 004d6d38 0000017b c04002e4
[   19.636903] df20: c3720000 0000017b 004d50bc c04f169c f0b2df44 7fffffff 00000000 00000002
[   19.645079] df40: 00000000 f0b67000 f0b6946d f0b69e40 f0b67000 00005624 f0b6c05c f0b6bef4
[   19.653256] df60: f0b6b250 00000c14 00000f44 00000e68 00001135 00000000 00000e58 00000022
[   19.661432] df80: 00000023 00000017 0000001b 0000000c 00000000 566e8350 004d8ad8 0089f4bc
[   19.669609] dfa0: 450e0000 c04000c0 004d8ad8 0089f4bc 00000002 004d6d38 00000000 004d86bc
[   19.677786] dfc0: 004d8ad8 0089f4bc 450e0000 0000017b 008a0920 00000000 00000000 004d50bc
[   19.685962] dfe0: beb0f9c8 beb0f9b8 004cf149 b6b99dd2 400b0030 00000002 00000000 00000000
[   19.694149]  __kmem_cache_alloc_node from kmalloc_node_trace+0x2c/0xb8
[   19.700709]  kmalloc_node_trace from __get_vm_area_node.constprop.0+0x90/0x164
[   19.707963]  __get_vm_area_node.constprop.0 from __vmalloc_node_range+0xa4/0x604
[   19.715375]  __vmalloc_node_range from module_alloc+0x58/0xb8
[   19.721140]  module_alloc from load_module+0x704/0x1eb8
[   19.726394]  load_module from sys_finit_module+0xcc/0x13c
[   19.731809]  sys_finit_module from ret_fast_syscall+0x0/0x1c
[   19.737479] Exception stack(0xf0b2dfa8 to 0xf0b2dff0)
[   19.742535] dfa0:                   004d8ad8 0089f4bc 00000002 004d6d38 00000000 004d86bc
[   19.750712] dfc0: 004d8ad8 0089f4bc 450e0000 0000017b 008a0920 00000000 00000000 004d50bc
[   19.758886] dfe0: beb0f9c8 beb0f9b8 004cf149 b6b99dd2
[   19.763946] Code: 0a000069 e594301c e594a078 e0808003 (e7903003) 
[*     ] Job ifupdown-pre.service/start running ([   19.770193] ---[ end trace 0000000000000000 ]---
5s / 3min 2s)
[**    ] Job ifupdown-pre.service/start running (6s / 3min 2s)
[  OK  ] Reached target sysinit.target - System Initialization.
[   19.836220] 8<--- cut here ---
[   19.839447] Unable to handle kernel paging request at virtual address b31f0441 when read
[   19.847651] [b31f0441] *pgd=42722003, *pmd=00000000
[   19.852630] Internal error: Oops: 206 [#4] SMP ARM
[   19.857463] Modules linked in: ctr evdev crypto_simd dw_hdmi_cec(+) dw_hdmi_i2s_audio cryptd sun4i_spdif snd_soc_simple_card_utils(+) snd_soc_spdif_tx snd_soc_core drbg(+) sun8i_drm_hdmi ansi_cprng snd_pcm_dmaengine dw_hdmi snd_pcm axp20x_battery ecdh_generic(+) axp20x_adc axp20x_ac_power axp20x_pek drm_display_helper rfkill snd_timer ecc cec usb3503 snd rc_core sun8i_thermal soundcore sunxi_wdt nvmem_sunxi_sid display_connector sun6i_dma leds_gpio cpufreq_dt sg binfmt_misc loop fuse dm_mod configfs ip_tables x_tables autofs4 ext4 crc16 mbcache jbd2 crc32c_generic sd_mod t10_pi crc64_rocksoft crc64 crc_t10dif crct10dif_generic crct10dif_common uas usb_storage scsi_mod scsi_common realtek dwmac_sun8i stmmac_platform stmmac pcs_xpcs phylink mdio_mux of_mdio sunxi fixed_phy phy_generic fwnode_mdio musb_hdrc axp20x_usb_power pinctrl_axp209 axp20x_regulator industrialio ehci_platform sun4i_drm sun4i_frontend sun4i_tcon sun8i_mixer ehci_hcd udc_core drm_dma_helper sun8i_tcon_top libphy usbcore drm_kms_helper phy_sun4i_usb
[   19.858118]  drm sunxi_mmc
[   19.950734] CPU: 0 PID: 1 Comm: systemd Tainted: G      D            6.4.0-1-armmp-lpae #1  Debian 6.4.4-2
[   19.960391] Hardware name: Allwinner A83t board
[   19.964921] PC is at __kmem_cache_alloc_node+0x10c/0x310
[   19.970259] LR is at __kmem_cache_alloc_node+0x58/0x310
[   19.975486] pc : [<c06d13b8>]    lr : [<c06d1304>]    psr: a0000013
[   19.981749] sp : f0831cf0  ip : 000030fb  fp : f0831cf0
[   19.986972] r10: 135c16e8  r9 : 00500001  r8 : b31f0441
[   19.992193] r7 : c160b7bc  r6 : 00000000  r5 : 00000cc0  r4 : c2001180
[   19.998715] r3 : 00000020  r2 : eed58278  r1 : 2d819000  r0 : b31f0421
[   20.005239] Flags: NzCv  IRQs on  FIQs on  Mode SVC_32  ISA ARM  Segment user
[   20.012374] Control: 30c5387d  Table: 44275300  DAC: fffffffd
[   20.018113] Register r0 information: non-paged memory
[   20.023173] Register r1 information: non-paged memory
[   20.028226] Register r2 information: non-slab/vmalloc memory
[   20.033888] Register r3 information: non-paged memory
[   20.038939] Register r4 information: slab kmem_cache start c2001180 pointer offset 0 size 140
[   20.047483] Register r5 information: non-paged memory
[   20.052534] Register r6 information: NULL pointer
[   20.057238] Register r7 information: non-slab/vmalloc memory
[   20.062897] Register r8 information: non-paged memory
[   20.067947] Register r9 information: non-paged memory
[   20.072998] Register r10 information: non-paged memory
[   20.078136] Register r11 information: 2-page vmalloc region starting at 0xf0830000 allocated at kernel_clone+0xac/0x3a8
[   20.088922] Register r12 information: non-paged memory
[   20.094060] Process systemd (pid: 1, stack limit = 0x145f2979)
[   20.099898] Stack: (0xf0831cf0 to 0xf0832000)
[   20.104258] 1ce0:                                     00000000 00000000 00000000 00000000
[   20.112422] 1d00: 00000010 ffffffff 00000000 8dba7f58 00000000 c2001180 c5379d80 00000010
[   20.120594] 1d20: c0ac16d0 00000cc0 00500001 c1342534 c1104a4c c066d0a0 c0ac16d0 00000000
[   20.128766] 1d40: 00000000 00000000 00000000 c1803770 c5379d80 c1104bbc c2192100 00000000
[   20.136938] 1d60: 00500001 c1342534 c1104a4c c0ac16d0 00020101 c259c850 c175a954 00000000
[   20.145109] 1d80: 00000000 8dba7f58 00000000 c1803770 c259c850 c1104bbc 00000000 00000000
[   20.153282] 1da0: c5379d80 f0831e68 c5379d80 c0701670 c5379d80 8dba7f58 c5379d80 c259c850
[   20.161446] 1dc0: 00000000 c0701560 c5379d88 00000000 f0831e68 c06f7500 00020101 c16c3c78
[   20.169618] 1de0: 00000000 00000002 f0831f30 00000000 f0831e68 c070ebcc 00000000 00000000
[   20.177793] 1e00: 00000000 00000000 00000000 c0c67874 bef8a36c c2192100 f0831f38 0000015e
[   20.185965] 1e20: 00000000 00000041 00004000 00000000 f0831e84 c0c67874 00000000 8dba7f58
[   20.194137] 1e40: c5373e00 c23db000 c2192100 f0831f30 00000001 c04002e4 c2192100 00000142
[   20.202310] 1e60: 00e5a378 c070fa14 c22a8e50 c2966c38 cfb00f97 00000007 c23db015 00000000
[   20.210474] 1e80: 00000000 c3cc13b8 c259c850 00000101 00000000 00000000 00000000 00000614
[   20.218645] 1ea0: 0000069a 00000000 00000000 00000000 f0831eb4 00000000 00000000 00000000
[   20.226816] 1ec0: 00000000 00000000 00000000 00000000 00000000 00000000 00000000 00000000
[   20.234988] 1ee0: 00000000 c23db000 00000000 00000002 ffffff9c 00000000 000041ed 00000000
[   20.243162] 1f00: c23db000 8dba7f58 00000000 c23db000 f0831f60 0000002f ffffff9c c06f90cc
[   20.251334] 1f20: c2192100 c0c67d6c 00000000 00000000 00020101 00000000 00000002 00000100
[   20.259506] 1f40: 00000001 8dba7f58 01000000 ffffff9c b6ef0b80 b6ef0b80 00000142 c06f9528
[   20.267678] 1f60: 000a0101 00000000 00000000 00000000 00000000 00000000 000a0101 00000000
[   20.275849] 1f80: 00000000 00000000 00000000 00000000 00e4fcd0 8dba7f58 bef8a358 000a0101
[   20.284022] 1fa0: 00000000 c04000c0 000a0101 00000000 ffffff9c b6ef0b80 000a0101 00000000
[   20.292194] 1fc0: 000a0101 00000000 b6ef0b80 00000142 bef8b2e4 b6ef610c bef8b3dc 00e5a378
[   20.300366] 1fe0: 00000142 bef8b290 b6d89f73 b6d03616 00000030 ffffff9c 00000000 00000000
[   20.308551]  __kmem_cache_alloc_node from kmalloc_trace+0x30/0xc0
[   20.314666]  kmalloc_trace from tty_open+0x64/0x5f8
[   20.319564]  tty_open from chrdev_open+0x110/0x248
[   20.324370]  chrdev_open from do_dentry_open+0x1e4/0x484
[   20.329695]  do_dentry_open from path_openat+0xa60/0x104c
[   20.335105]  path_openat from do_filp_open+0x98/0x134
[   20.340164]  do_filp_open from do_sys_openat2+0xbc/0x184
[   20.345488]  do_sys_openat2 from sys_openat+0x80/0xcc
[   20.350550]  sys_openat from ret_fast_syscall+0x0/0x1c
[   20.355698] Exception stack(0xf0831fa8 to 0xf0831ff0)
[   20.360750] 1fa0:                   000a0101 00000000 ffffff9c b6ef0b80 000a0101 00000000
[   20.368923] 1fc0: 000a0101 00000000 b6ef0b80 00000142 bef8b2e4 b6ef610c bef8b3dc 00e5a378
[   20.377093] 1fe0: 00000142 bef8b290 b6d89f73 b6d03616
[   20.382150] Code: 0a000069 e594301c e594a078 e0808003 (e7903003) 
[   20.388437] ---[ end trace 0000000000000000 ]---
[   20.393416] Kernel panic - not syncing: Attempted to kill init! exitcode=0x0000000b
[   20.401080] CPU3: stopping
[   20.403792] CPU: 3 PID: 0 Comm: swapper/3 Tainted: G      D            6.4.0-1-armmp-lpae #1  Debian 6.4.4-2
[   20.413613] Hardware name: Allwinner A83t board
[   20.418146]  unwind_backtrace from show_stack+0x18/0x1c
[   20.423390]  show_stack from dump_stack_lvl+0x40/0x4c
[   20.428455]  dump_stack_lvl from do_handle_IPI+0x1b8/0x1ec
[   20.433952]  do_handle_IPI from ipi_handler+0x20/0x28
[   20.439012]  ipi_handler from handle_percpu_devid_irq+0x84/0x1c0
[   20.445032]  handle_percpu_devid_irq from generic_handle_domain_irq+0x30/0x40
[   20.452181]  generic_handle_domain_irq from gic_handle_irq+0x70/0x9c
[   20.458543]  gic_handle_irq from generic_handle_arch_irq+0x34/0x44
[   20.464729]  generic_handle_arch_irq from call_with_stack+0x18/0x20
[   20.471003]  call_with_stack from __irq_svc+0x84/0x94
[   20.476058] Exception stack(0xf0899f70 to 0xf0899fb8)
[   20.481108] 9f60:                                     00000003 00000001 00000003 40000000
[   20.489278] 9f80: c21a2100 c160b0ac c21a2100 c160b10c 40207000 410fc075 00000000 00000000
[   20.497447] 9fa0: 2d852000 f0899fc0 c0ec6cf4 c0ec7910 600b0013 ffffffff
[   20.504055]  __irq_svc from default_idle_call+0x38/0xa0
[   20.509285]  default_idle_call from do_idle+0xb0/0x124
[   20.514434]  do_idle from cpu_startup_entry+0x20/0x24
[   20.519490]  cpu_startup_entry from secondary_start_kernel+0x12c/0x150
[   20.526025]  secondary_start_kernel from 0x40401c54
[   20.530981] CPU2: stopping
[   20.533691] CPU: 2 PID: 0 Comm: swapper/2 Tainted: G      D            6.4.0-1-armmp-lpae #1  Debian 6.4.4-2
[   20.543511] Hardware name: Allwinner A83t board
[   20.548038]  unwind_backtrace from show_stack+0x18/0x1c
[   20.553272]  show_stack from dump_stack_lvl+0x40/0x4c
[   20.558328]  dump_stack_lvl from do_handle_IPI+0x1b8/0x1ec
[   20.563820]  do_handle_IPI from ipi_handler+0x20/0x28
[   20.568879]  ipi_handler from handle_percpu_devid_irq+0x84/0x1c0
[   20.574891]  handle_percpu_devid_irq from generic_handle_domain_irq+0x30/0x40
[   20.582032]  generic_handle_domain_irq from gic_handle_irq+0x70/0x9c
[   20.588392]  gic_handle_irq from generic_handle_arch_irq+0x34/0x44
[   20.594575]  generic_handle_arch_irq from call_with_stack+0x18/0x20
[   20.600846]  call_with_stack from __irq_svc+0x84/0x94
[   20.605902] Exception stack(0xf0895f70 to 0xf0895fb8)
[   20.610951] 5f60:                                     00000003 00000001 00000002 40000000
[   20.619121] 5f80: c21a6300 c160b0ac c21a6300 c160b10c 40207000 410fc075 00000000 00000000
[   20.627292] 5fa0: 2d83f000 f0895fc0 c0ec6cf4 c0ec7910 60070013 ffffffff
[   20.633900]  __irq_svc from default_idle_call+0x38/0xa0
[   20.639130]  default_idle_call from do_idle+0xb0/0x124
[   20.644274]  do_idle from cpu_startup_entry+0x20/0x24
[   20.649331]  cpu_startup_entry from secondary_start_kernel+0x12c/0x150
[   20.655863]  secondary_start_kernel from 0x40401c54
[   20.660753] CPU1: stopping
[   20.663462] CPU: 1 PID: 0 Comm: swapper/1 Tainted: G      D            6.4.0-1-armmp-lpae #1  Debian 6.4.4-2
[   20.673280] Hardware name: Allwinner A83t board
[   20.677806]  unwind_backtrace from show_stack+0x18/0x1c
[   20.683039]  show_stack from dump_stack_lvl+0x40/0x4c
[   20.688095]  dump_stack_lvl from do_handle_IPI+0x1b8/0x1ec
[   20.693586]  do_handle_IPI from ipi_handler+0x20/0x28
[   20.698645]  ipi_handler from handle_percpu_devid_irq+0x84/0x1c0
[   20.704658]  handle_percpu_devid_irq from generic_handle_domain_irq+0x30/0x40
[   20.711800]  generic_handle_domain_irq from gic_handle_irq+0x70/0x9c
[   20.718160]  gic_handle_irq from generic_handle_arch_irq+0x34/0x44
[   20.724343]  generic_handle_arch_irq from call_with_stack+0x18/0x20
[   20.730615]  call_with_stack from __irq_svc+0x84/0x94
[   20.735670] Exception stack(0xf0891f70 to 0xf0891fb8)
[   20.740719] 1f60:                                     00000003 00000001 00000001 40000000
[   20.748889] 1f80: c21a2c00 c160b0ac c21a2c00 c160b10c 40207000 410fc075 00000000 00000000
[   20.757058] 1fa0: 2d82c000 f0891fc0 c0ec6cf4 c0ec7910 600f0013 ffffffff
[   20.763664]  __irq_svc from default_idle_call+0x38/0xa0
[   20.768894]  default_idle_call from do_idle+0xb0/0x124
[   20.774037]  do_idle from cpu_startup_entry+0x20/0x24
[   20.779093]  cpu_startup_entry from secondary_start_kernel+0x12c/0x150
[   20.785625]  secondary_start_kernel from 0x40401c54
[   20.790516] CPU4: stopping
[   20.793263] CPU: 4 PID: 0 Comm: swapper/4 Tainted: G      D            6.4.0-1-armmp-lpae #1  Debian 6.4.4-2
[   20.803092] Hardware name: Allwinner A83t board
[   20.807634]  unwind_backtrace from show_stack+0x18/0x1c
[   20.812890]  show_stack from dump_stack_lvl+0x40/0x4c
[   20.817963]  dump_stack_lvl from do_handle_IPI+0x1b8/0x1ec
[   20.823469]  do_handle_IPI from ipi_handler+0x20/0x28
[   20.828542]  ipi_handler from handle_percpu_devid_irq+0x84/0x1c0
[   20.834573]  handle_percpu_devid_irq from generic_handle_domain_irq+0x30/0x40
[   20.841739]  generic_handle_domain_irq from gic_handle_irq+0x70/0x9c
[   20.848115]  gic_handle_irq from generic_handle_arch_irq+0x34/0x44
[   20.854310]  generic_handle_arch_irq from call_with_stack+0x18/0x20
[   20.860599]  call_with_stack from __irq_svc+0x84/0x94
[   20.865665] Exception stack(0xf089df70 to 0xf089dfb8)
[   20.870724] df60:                                     00000003 00000001 00000004 40000000
[   20.878901] df80: c21a5800 c160b0ac c21a5800 c160b10c 40207000 410fc075 00000000 00000000
[   20.887079] dfa0: 2d865000 f089dfc0 c0ec6cf4 c0ec7910 60010013 ffffffff
[   20.893692]  __irq_svc from default_idle_call+0x38/0xa0
[   20.898933]  default_idle_call from do_idle+0xb0/0x124
[   20.904092]  do_idle from cpu_startup_entry+0x20/0x24
[   20.909162]  cpu_startup_entry from secondary_start_kernel+0x12c/0x150
[   20.915711]  secondary_start_kernel from 0x40401c54
[   20.920660] CPU5: stopping
[   20.923379] CPU: 5 PID: 0 Comm: swapper/5 Tainted: G      D            6.4.0-1-armmp-lpae #1  Debian 6.4.4-2
[   20.933205] Hardware name: Allwinner A83t board
[   20.937739]  unwind_backtrace from show_stack+0x18/0x1c
[   20.942982]  show_stack from dump_stack_lvl+0x40/0x4c
[   20.948050]  dump_stack_lvl from do_handle_IPI+0x1b8/0x1ec
[   20.953555]  do_handle_IPI from ipi_handler+0x20/0x28
[   20.958629]  ipi_handler from handle_percpu_devid_irq+0x84/0x1c0
[   20.964657]  handle_percpu_devid_irq from generic_handle_domain_irq+0x30/0x40
[   20.971814]  generic_handle_domain_irq from gic_handle_irq+0x70/0x9c
[   20.978191]  gic_handle_irq from generic_handle_arch_irq+0x34/0x44
[   20.984387]  generic_handle_arch_irq from call_with_stack+0x18/0x20
[   20.990670]  call_with_stack from __irq_svc+0x84/0x94
[   20.995735] Exception stack(0xf08a1f70 to 0xf08a1fb8)
[   21.000792] 1f60:                                     00000003 00000001 00000005 40000000
[   21.008971] 1f80: c21a0b00 c160b0ac c21a0b00 c160b10c 40207000 410fc075 00000000 00000000
[   21.017148] 1fa0: 2d878000 f08a1fc0 c0ec6cf4 c0ec7910 60070013 ffffffff
[   21.023761]  __irq_svc from default_idle_call+0x38/0xa0
[   21.029002]  default_idle_call from do_idle+0xb0/0x124
[   21.034159]  do_idle from cpu_startup_entry+0x20/0x24
[   21.039227]  cpu_startup_entry from secondary_start_kernel+0x12c/0x150
[   21.045774]  secondary_start_kernel from 0x40401c54
[   21.050676] CPU7: stopping
[   21.053393] CPU: 7 PID: 0 Comm: swapper/7 Tainted: G      D            6.4.0-1-armmp-lpae #1  Debian 6.4.4-2
[   21.063219] Hardware name: Allwinner A83t board
[   21.067752]  unwind_backtrace from show_stack+0x18/0x1c
[   21.072995]  show_stack from dump_stack_lvl+0x40/0x4c
[   21.078063]  dump_stack_lvl from do_handle_IPI+0x1b8/0x1ec
[   21.083568]  do_handle_IPI from ipi_handler+0x20/0x28
[   21.088642]  ipi_handler from handle_percpu_devid_irq+0x84/0x1c0
[   21.094669]  handle_percpu_devid_irq from generic_handle_domain_irq+0x30/0x40
[   21.101826]  generic_handle_domain_irq from gic_handle_irq+0x70/0x9c
[   21.108201]  gic_handle_irq from generic_handle_arch_irq+0x34/0x44
[   21.114395]  generic_handle_arch_irq from call_with_stack+0x18/0x20
[   21.120679]  call_with_stack from __irq_svc+0x84/0x94
[   21.125745] Exception stack(0xf08a9f70 to 0xf08a9fb8)
[   21.130802] 9f60:                                     00000003 00000001 00000007 40000000
[   21.138981] 9f80: c21ae300 c160b0ac c21ae300 c160b10c 40207000 410fc075 00000000 00000000
[   21.147157] 9fa0: 2d89e000 f08a9fc0 c0ec6cf4 c0ec7910 600f0013 ffffffff
[   21.153770]  __irq_svc from default_idle_call+0x38/0xa0
[   21.159011]  default_idle_call from do_idle+0xb0/0x124
[   21.164168]  do_idle from cpu_startup_entry+0x20/0x24
[   21.169238]  cpu_startup_entry from secondary_start_kernel+0x12c/0x150
[   21.175787]  secondary_start_kernel from 0x40401c54
[   21.180689] CPU6: stopping
[   21.183406] CPU: 6 PID: 0 Comm: swapper/6 Tainted: G      D            6.4.0-1-armmp-lpae #1  Debian 6.4.4-2
[   21.193232] Hardware name: Allwinner A83t board
[   21.197766]  unwind_backtrace from show_stack+0x18/0x1c
[   21.203012]  show_stack from dump_stack_lvl+0x40/0x4c
[   21.208080]  dump_stack_lvl from do_handle_IPI+0x1b8/0x1ec
[   21.213584]  do_handle_IPI from ipi_handler+0x20/0x28
[   21.218658]  ipi_handler from handle_percpu_devid_irq+0x84/0x1c0
[   21.224687]  handle_percpu_devid_irq from generic_handle_domain_irq+0x30/0x40
[   21.231843]  generic_handle_domain_irq from gic_handle_irq+0x70/0x9c
[   21.238219]  gic_handle_irq from generic_handle_arch_irq+0x34/0x44
[   21.244416]  generic_handle_arch_irq from call_with_stack+0x18/0x20
[   21.250700]  call_with_stack from __irq_svc+0x84/0x94
[   21.255766] Exception stack(0xf08a5f70 to 0xf08a5fb8)
[   21.260823] 5f60:                                     00000003 00000001 00000006 40000000
[   21.269001] 5f80: c21a1600 c160b0ac c21a1600 c160b10c 40207000 410fc075 00000000 00000000
[   21.277178] 5fa0: 2d88b000 f08a5fc0 c0ec6cf4 c0ec7910 60030013 ffffffff
[   21.283790]  __irq_svc from default_idle_call+0x38/0xa0
[   21.289031]  default_idle_call from do_idle+0xb0/0x124
[   21.294188]  do_idle from cpu_startup_entry+0x20/0x24
[   21.299257]  cpu_startup_entry from secondary_start_kernel+0x12c/0x150
[   21.305807]  secondary_start_kernel from 0x40401c54
[   21.310727] ---[ end Kernel panic - not syncing: Attempted to kill init! exitcode=0x0000000b ]---
