
U-Boot TPL 2023.01+dfsg-2 (Jan 18 2023 - 01:57:16)
Trying to boot from BOOTROM
Returning to boot ROM...

U-Boot SPL 2023.01+dfsg-2 (Jan 18 2023 - 01:57:16 +0000)
Loading Environment from SPIFlash... *** Warning - bad CRC, using default environment

Trying to boot from MMC2


U-Boot 2023.01+dfsg-2 (Jan 18 2023 - 01:57:16 +0000)

SoC: Rockchip rk3399
Reset cause: POR
Model: Firefly ROC-RK3399-PC Board
DRAM:  3.9 GiB
PMIC:  RK808 
Core:  297 devices, 32 uclasses, devicetree: separate
MMC:   mmc@fe320000: 1, mmc@fe330000: 0
Loading Environment from SPIFlash... SF: Detected w25q128 with page size 256 Bytes, erase size 4 KiB, total 16 MiB
*** Warning - bad CRC, using default environment

In:    serial
Out:   serial
Err:   serial
Model: Firefly ROC-RK3399-PC Board
Net:   eth0: ethernet@fe300000
starting USB...
Bus usb@fe380000: ehci_generic usb@fe380000: Failed to get clocks (ret=-19)
Port not available.
Bus usb@fe3a0000: USB OHCI 1.0
Bus usb@fe3c0000: ehci_generic usb@fe3c0000: Failed to get clocks (ret=-19)
Port not available.
Bus usb@fe3e0000: USB OHCI 1.0
Bus usb@fe900000: Register 2000140 NbrPorts 2
Starting the controller
USB XHCI 1.10
scanning bus usb@fe3a0000 for devices... 1 USB Device(s) found
scanning bus usb@fe3e0000 for devices... 2 USB Device(s) found
scanning bus usb@fe900000 for devices... 1 USB Device(s) found
       scanning usb for storage devices... 0 Storage Device(s) found
Hit any key to stop autoboot:  2  1  0 
switch to partitions #0, OK
mmc1 is current device
Scanning mmc 1:1...
Found U-Boot script /boot/boot.scr
2992 bytes read in 6 ms (486.3 KiB/s)
## Executing script at 00500000
32554944 bytes read in 1381 ms (22.5 MiB/s)
60643 bytes read in 11 ms (5.3 MiB/s)
30430038 bytes read in 1292 ms (22.5 MiB/s)
Booting Debian 6.1.0-12-arm64 from mmc 1:1...
Moving Image from 0x2080000 to 0x2200000, end=41b0000
## Flattened Device Tree blob at 01f00000
   Booting using the fdt blob at 0x1f00000
Working FDT set to 1f00000
   Loading Ramdisk to ef207000, end f0f0c356 ... OK
   Loading Device Tree to 00000000ef1f5000, end 00000000ef206ce2 ... OK
Working FDT set to ef1f5000

Starting kernel ...

[    0.000000] Booting Linux on physical CPU 0x0000000000 [0x410fd034]
[    0.000000] Linux version 6.1.0-12-arm64 (debian-kernel@lists.debian.org) (gcc-12 (Debian 12.2.0-14) 12.2.0, GNU ld (GNU Binutils for Debian) 2.40) #1 SMP Debian 6.1.52-1 (2023-09-07)
[    0.000000] Machine model: Firefly ROC-RK3399-PC Board
[    0.000000] efi: UEFI not found.
[    0.000000] NUMA: No NUMA configuration found
[    0.000000] NUMA: Faking a node at [mem 0x0000000000200000-0x00000000f7ffffff]
[    0.000000] NUMA: NODE_DATA [mem 0xf77de380-0xf77e0fff]
[    0.000000] Zone ranges:
[    0.000000]   DMA      [mem 0x0000000000200000-0x00000000f7ffffff]
[    0.000000]   DMA32    empty
[    0.000000]   Normal   empty
[    0.000000] Movable zone start for each node
[    0.000000] Early memory node ranges
[    0.000000]   node   0: [mem 0x0000000000200000-0x00000000f7ffffff]
[    0.000000] Initmem setup node 0 [mem 0x0000000000200000-0x00000000f7ffffff]
[    0.000000] On node 0, zone DMA: 512 pages in unavailable ranges
[    0.000000] cma: Reserved 64 MiB at 0x00000000eb000000
[    0.000000] psci: probing for conduit method from DT.
[    0.000000] psci: PSCIv1.1 detected in firmware.
[    0.000000] psci: Using standard PSCI v0.2 function IDs
[    0.000000] psci: MIGRATE_INFO_TYPE not supported.
[    0.000000] psci: SMC Calling Convention v1.2
[    0.000000] percpu: Embedded 30 pages/cpu s83560 r8192 d31128 u122880
[    0.000000] Detected VIPT I-cache on CPU0
[    0.000000] CPU features: detected: GIC system register CPU interface
[    0.000000] CPU features: detected: ARM erratum 845719
[    0.000000] alternatives: applying boot alternatives
[    0.000000] Fallback order for Node 0: 0 
[    0.000000] Built 1 zonelists, mobility grouping on.  Total pages: 999432
[    0.000000] Policy zone: DMA
[    0.000000] Kernel command line:   root=UUID=5db9fa2b-1cff-4646-beac-b504dc9e90d9 net.ifnames=0 fsck.mode=force fsck.repair=yes 
[    0.000000] Dentry cache hash table entries: 524288 (order: 10, 4194304 bytes, linear)
[    0.000000] Inode-cache hash table entries: 262144 (order: 9, 2097152 bytes, linear)
[    0.000000] mem auto-init: stack:all(zero), heap alloc:on, heap free:off
[    0.000000] Memory: 227732K/4061184K available (12992K kernel code, 2798K rwdata, 9472K rodata, 6400K init, 628K bss, 140976K reserved, 65536K cma-reserved)
[    0.000000] SLUB: HWalign=64, Order=0-3, MinObjects=0, CPUs=6, Nodes=1
[    0.000000] ftrace: allocating 43829 entries in 172 pages
[    0.000000] ftrace: allocated 172 pages with 4 groups
[    0.000000] trace event string verifier disabled
[    0.000000] rcu: Hierarchical RCU implementation.
[    0.000000] rcu: 	RCU restricting CPUs from NR_CPUS=256 to nr_cpu_ids=6.
[    0.000000] 	Rude variant of Tasks RCU enabled.
[    0.000000] 	Tracing variant of Tasks RCU enabled.
[    0.000000] rcu: RCU calculated value of scheduler-enlistment delay is 25 jiffies.
[    0.000000] rcu: Adjusting geometry for rcu_fanout_leaf=16, nr_cpu_ids=6
[    0.000000] NR_IRQS: 64, nr_irqs: 64, preallocated irqs: 0
[    0.000000] GICv3: GIC: Using split EOI/Deactivate mode
[    0.000000] GICv3: 256 SPIs implemented
[    0.000000] GICv3: 0 Extended SPIs implemented
[    0.000000] Root IRQ handler: gic_handle_irq
[    0.000000] GICv3: GICv3 features: 16 PPIs
[    0.000000] GICv3: CPU0: found redistributor 0 region 0:0x00000000fef00000
[    0.000000] ITS [mem 0xfee20000-0xfee3ffff]
[    0.000000] ITS@0x00000000fee20000: allocated 65536 Devices @600000 (flat, esz 8, psz 64K, shr 0)
[    0.000000] ITS: using cache flushing for cmd queue
[    0.000000] GICv3: using LPI property table @0x00000000005a0000
[    0.000000] GIC: using cache flushing for LPI property table
[    0.000000] GICv3: CPU0: using allocated LPI pending table @0x00000000005b0000
[    0.000000] GICv3: GIC: PPI partition interrupt-partition-0[0] { /cpus/cpu@0[0] /cpus/cpu@1[1] /cpus/cpu@2[2] /cpus/cpu@3[3] }
[    0.000000] GICv3: GIC: PPI partition interrupt-partition-1[1] { /cpus/cpu@100[4] /cpus/cpu@101[5] }
[    0.000000] rcu: srcu_init: Setting srcu_struct sizes based on contention.
[    0.000000] arch_timer: cp15 timer(s) running at 24.00MHz (phys).
[    0.000000] clocksource: arch_sys_counter: mask: 0xffffffffffffff max_cycles: 0x588fe9dc0, max_idle_ns: 440795202592 ns
[    0.000001] sched_clock: 56 bits at 24MHz, resolution 41ns, wraps every 4398046511097ns
[    0.002669] Console: colour dummy device 80x25
[    0.003388] printk: console [tty0] enabled
[    0.003680] Calibrating delay loop (skipped), value calculated using timer frequency.. 48.00 BogoMIPS (lpj=96000)
[    0.003720] pid_max: default: 32768 minimum: 301
[    0.004133] LSM: Security Framework initializing
[    0.004266] landlock: Up and running.
[    0.004284] Yama: disabled by default; enable with sysctl kernel.yama.*
[    0.004489] AppArmor: AppArmor initialized
[    0.004517] TOMOYO Linux initialized
[    0.004563] LSM support for eBPF active
[    0.004850] Mount-cache hash table entries: 8192 (order: 4, 65536 bytes, linear)
[    0.004902] Mountpoint-cache hash table entries: 8192 (order: 4, 65536 bytes, linear)
[    0.007296] cacheinfo: Unable to detect cache hierarchy for CPU 0
[    0.008597] cblist_init_generic: Setting adjustable number of callback queues.
[    0.008626] cblist_init_generic: Setting shift to 3 and lim to 1.
[    0.008815] cblist_init_generic: Setting adjustable number of callback queues.
[    0.008841] cblist_init_generic: Setting shift to 3 and lim to 1.
[    0.009212] rcu: Hierarchical SRCU implementation.
[    0.009233] rcu: 	Max phase no-delay instances is 1000.
[    0.011515] Platform MSI: interrupt-controller@fee20000 domain created
[    0.012029] PCI/MSI: /interrupt-controller@fee00000/interrupt-controller@fee20000 domain created
[    0.012313] fsl-mc MSI: interrupt-controller@fee20000 domain created
[    0.015453] EFI services will not be available.
[    0.016555] smp: Bringing up secondary CPUs ...
[    0.017585] Detected VIPT I-cache on CPU1
[    0.017701] cacheinfo: Unable to detect cache hierarchy for CPU 1
[    0.017720] GICv3: CPU1: found redistributor 1 region 0:0x00000000fef20000
[    0.017742] GICv3: CPU1: using allocated LPI pending table @0x00000000005c0000
[    0.017806] CPU1: Booted secondary processor 0x0000000001 [0x410fd034]
[    0.018969] Detected VIPT I-cache on CPU2
[    0.019072] cacheinfo: Unable to detect cache hierarchy for CPU 2
[    0.019086] GICv3: CPU2: found redistributor 2 region 0:0x00000000fef40000
[    0.019105] GICv3: CPU2: using allocated LPI pending table @0x00000000005d0000
[    0.019149] CPU2: Booted secondary processor 0x0000000002 [0x410fd034]
[    0.020259] Detected VIPT I-cache on CPU3
[    0.020362] cacheinfo: Unable to detect cache hierarchy for CPU 3
[    0.020378] GICv3: CPU3: found redistributor 3 region 0:0x00000000fef60000
[    0.020397] GICv3: CPU3: using allocated LPI pending table @0x00000000005e0000
[    0.020439] CPU3: Booted secondary processor 0x0000000003 [0x410fd034]
[    0.021521] CPU features: detected: Spectre-v2
[    0.021532] CPU features: detected: Spectre-v3a
[    0.021541] CPU features: detected: Spectre-BHB
[    0.021551] CPU features: detected: ARM erratum 1742098
[    0.021558] CPU features: detected: ARM errata 1165522, 1319367, or 1530923
[    0.021563] Detected PIPT I-cache on CPU4
[    0.021667] cacheinfo: Unable to detect cache hierarchy for CPU 4
[    0.021682] GICv3: CPU4: found redistributor 100 region 0:0x00000000fef80000
[    0.021700] GICv3: CPU4: using allocated LPI pending table @0x00000000005f0000
[    0.021741] CPU4: Booted secondary processor 0x0000000100 [0x410fd082]
[    0.022856] Detected PIPT I-cache on CPU5
[    0.022944] cacheinfo: Unable to detect cache hierarchy for CPU 5
[    0.022957] GICv3: CPU5: found redistributor 101 region 0:0x00000000fefa0000
[    0.022974] GICv3: CPU5: using allocated LPI pending table @0x0000000000680000
[    0.023006] CPU5: Booted secondary processor 0x0000000101 [0x410fd082]
[    0.023140] smp: Brought up 1 node, 6 CPUs
[    0.023515] SMP: Total of 6 processors activated.
[    0.023535] CPU features: detected: 32-bit EL0 Support
[    0.023551] CPU features: detected: 32-bit EL1 Support
[    0.023570] CPU features: detected: CRC32 instructions
[    0.023717] CPU: All CPU(s) started at EL2
[    0.023762] alternatives: applying system-wide alternatives
[    0.122199] node 0 deferred pages initialised in 96ms
[    0.123956] devtmpfs: initialized
[    0.141547] Registered cp15_barrier emulation handler
[    0.141588] Registered setend emulation handler
[    0.141845] clocksource: jiffies: mask: 0xffffffff max_cycles: 0xffffffff, max_idle_ns: 7645041785100000 ns
[    0.141910] futex hash table entries: 2048 (order: 5, 131072 bytes, linear)
[    0.143433] pinctrl core: initialized pinctrl subsystem
[    0.146192] DMI not present or invalid.
[    0.147165] NET: Registered PF_NETLINK/PF_ROUTE protocol family
[    0.149331] DMA: preallocated 512 KiB GFP_KERNEL pool for atomic allocations
[    0.149892] DMA: preallocated 512 KiB GFP_KERNEL|GFP_DMA pool for atomic allocations
[    0.150475] DMA: preallocated 512 KiB GFP_KERNEL|GFP_DMA32 pool for atomic allocations
[    0.150566] audit: initializing netlink subsys (disabled)
[    0.150819] audit: type=2000 audit(0.148:1): state=initialized audit_enabled=0 res=1
[    0.152286] thermal_sys: Registered thermal governor 'fair_share'
[    0.152296] thermal_sys: Registered thermal governor 'bang_bang'
[    0.152315] thermal_sys: Registered thermal governor 'step_wise'
[    0.152328] thermal_sys: Registered thermal governor 'user_space'
[    0.152340] thermal_sys: Registered thermal governor 'power_allocator'
[    0.152407] cpuidle: using governor ladder
[    0.152456] cpuidle: using governor menu
[    0.152615] hw-breakpoint: found 6 breakpoint and 4 watchpoint registers.
[    0.152829] ASID allocator initialised with 65536 entries
[    0.153431] Serial: AMBA PL011 UART driver
[    0.177978] platform fe330000.mmc: Fixed dependency cycle(s) with /syscon@ff770000/phy@f780
[    0.183761] platform ff900000.vop: Fixed dependency cycle(s) with /hdmi@ff940000
[    0.183864] platform ff8f0000.vop: Fixed dependency cycle(s) with /hdmi@ff940000
[    0.192731] rockchip-gpio ff720000.gpio: probed /pinctrl/gpio@ff720000
[    0.193579] rockchip-gpio ff730000.gpio: probed /pinctrl/gpio@ff730000
[    0.194235] rockchip-gpio ff780000.gpio: probed /pinctrl/gpio@ff780000
[    0.194920] rockchip-gpio ff788000.gpio: probed /pinctrl/gpio@ff788000
[    0.195572] rockchip-gpio ff790000.gpio: probed /pinctrl/gpio@ff790000
[    0.202833] KASLR disabled due to lack of seed
[    0.210238] HugeTLB: registered 1.00 GiB page size, pre-allocated 0 pages
[    0.210262] HugeTLB: 0 KiB vmemmap can be freed for a 1.00 GiB page
[    0.210278] HugeTLB: registered 32.0 MiB page size, pre-allocated 0 pages
[    0.210293] HugeTLB: 0 KiB vmemmap can be freed for a 32.0 MiB page
[    0.210308] HugeTLB: registered 2.00 MiB page size, pre-allocated 0 pages
[    0.210322] HugeTLB: 0 KiB vmemmap can be freed for a 2.00 MiB page
[    0.210337] HugeTLB: registered 64.0 KiB page size, pre-allocated 0 pages
[    0.210350] HugeTLB: 0 KiB vmemmap can be freed for a 64.0 KiB page
[    0.254535] ACPI: Interpreter disabled.
[    0.255579] iommu: Default domain type: Translated 
[    0.255599] iommu: DMA domain TLB invalidation policy: strict mode 
[    0.255906] pps_core: LinuxPPS API ver. 1 registered
[    0.255924] pps_core: Software ver. 5.3.6 - Copyright 2005-2007 Rodolfo Giometti <giometti@linux.it>
[    0.255952] PTP clock support registered
[    0.255997] EDAC MC: Ver: 3.0.0
[    0.259107] NetLabel: Initializing
[    0.259129] NetLabel:  domain hash size = 128
[    0.259141] NetLabel:  protocols = UNLABELED CIPSOv4 CALIPSO
[    0.259215] NetLabel:  unlabeled traffic allowed by default
[    0.259412] vgaarb: loaded
[    0.259774] clocksource: Switched to clocksource arch_sys_counter
[    0.260454] VFS: Disk quotas dquot_6.6.0
[    0.260559] VFS: Dquot-cache hash table entries: 512 (order 0, 4096 bytes)
[    0.261498] AppArmor: AppArmor Filesystem Enabled
[    0.261593] pnp: PnP ACPI: disabled
[    0.274187] NET: Registered PF_INET protocol family
[    0.274507] IP idents hash table entries: 65536 (order: 7, 524288 bytes, linear)
[    0.279499] tcp_listen_portaddr_hash hash table entries: 2048 (order: 3, 32768 bytes, linear)
[    0.279648] Table-perturb hash table entries: 65536 (order: 6, 262144 bytes, linear)
[    0.279810] TCP established hash table entries: 32768 (order: 6, 262144 bytes, linear)
[    0.280416] TCP bind hash table entries: 32768 (order: 8, 1048576 bytes, linear)
[    0.281725] TCP: Hash tables configured (established 32768 bind 32768)
[    0.282093] MPTCP token hash table entries: 4096 (order: 4, 98304 bytes, linear)
[    0.282306] UDP hash table entries: 2048 (order: 4, 65536 bytes, linear)
[    0.282489] UDP-Lite hash table entries: 2048 (order: 4, 65536 bytes, linear)
[    0.282866] NET: Registered PF_UNIX/PF_LOCAL protocol family
[    0.282924] NET: Registered PF_XDP protocol family
[    0.282946] PCI: CLS 0 bytes, default 64
[    0.283527] Trying to unpack rootfs image as initramfs...
[    0.299372] hw perfevents: enabled with armv8_cortex_a53 PMU driver, 7 counters available
[    0.301677] hw perfevents: enabled with armv8_cortex_a72 PMU driver, 7 counters available
[    0.303091] kvm [1]: IPA Size Limit: 40 bits
[    0.306570] kvm [1]: vgic-v2@fff20000
[    0.306630] kvm [1]: GIC system register CPU interface enabled
[    0.308686] kvm [1]: vgic interrupt IRQ18
[    0.309003] kvm [1]: Hyp mode initialized successfully
[    0.333562] Initialise system trusted keyrings
[    0.333791] Key type blacklist registered
[    0.334200] workingset: timestamp_bits=42 max_order=20 bucket_order=0
[    0.341800] zbud: loaded
[    0.343153] integrity: Platform Keyring initialized
[    0.343236] integrity: Machine keyring initialized
[    0.343255] Key type asymmetric registered
[    0.343269] Asymmetric key parser 'x509' registered
[    1.980421] Freeing initrd memory: 29716K
[    2.024009] alg: self-tests for CTR-KDF (hmac(sha256)) passed
[    2.024163] Block layer SCSI generic (bsg) driver version 0.4 loaded (major 247)
[    2.024468] io scheduler mq-deadline registered
[    2.042423] shpchp: Standard Hot Plug PCI Controller Driver version: 0.4
[    2.062327] Serial: 8250/16550 driver, 4 ports, IRQ sharing enabled
[    2.065063] ff180000.serial: ttyS0 at MMIO 0xff180000 (irq = 33, base_baud = 1500000) is a 16550A
[    2.066081] ff1a0000.serial: ttyS2 at MMIO 0xff1a0000 (irq = 34, base_baud = 1500000) is a 16550A
[    2.179332] printk: console [ttyS2] enabled
[    2.181407] Serial: AMBA driver
[    2.181755] SuperH (H)SCI(F) driver initialized
[    2.183229] msm_serial: driver initialized
[    2.189508] cacheinfo: Unable to detect cache hierarchy for CPU 0
[    2.191411] mousedev: PS/2 mouse device common for all mice
[    2.196893] ledtrig-cpu: registered to indicate activity on CPUs
[    2.198535] SMCCC: SOC_ID: ARCH_SOC_ID not implemented, skipping ....
[    2.264078] NET: Registered PF_INET6 protocol family
[    2.308029] Segment Routing with IPv6
[    2.308469] In-situ OAM (IOAM) with IPv6
[    2.308919] mip6: Mobile IPv6
[    2.309226] NET: Registered PF_PACKET protocol family
[    2.310411] mpls_gso: MPLS GSO support
[    2.312406] registered taskstats version 1
[    2.312833] Loading compiled-in X.509 certificates
[    2.431487] Loaded X.509 cert 'Debian Secure Boot CA: 6ccece7e4c6c0d1f6149f3dd27dfcc5cbb419ea1'
[    2.432405] Loaded X.509 cert 'Debian Secure Boot Signer 2022 - linux: 14011249c2675ea8e5148542202005810584b25f'
[    2.436408] zswap: loaded using pool lzo/zbud
[    2.438166] Key type .fscrypt registered
[    2.438532] Key type fscrypt-provisioning registered
[    2.479458] Key type encrypted registered
[    2.479901] AppArmor: AppArmor sha1 policy hashing enabled
[    2.480464] ima: No TPM chip found, activating TPM-bypass!
[    2.481000] ima: Allocated hash algorithm: sha256
[    2.481487] ima: No architecture policies found
[    2.481972] evm: Initialising EVM extended attributes:
[    2.482442] evm: security.selinux
[    2.482750] evm: security.SMACK64 (disabled)
[    2.483140] evm: security.SMACK64EXEC (disabled)
[    2.483561] evm: security.SMACK64TRANSMUTE (disabled)
[    2.484052] evm: security.SMACK64MMAP (disabled)
[    2.484476] evm: security.apparmor
[    2.484790] evm: security.ima
[    2.485066] evm: security.capability
[    2.485396] evm: HMAC attrs: 0x1
[    3.064246] dw-apb-uart ff1a0000.serial: forbid DMA for kernel console
[    3.075165] Freeing unused kernel memory: 6400K
[    3.149643] Checked W+X mappings: passed, no W+X pages found
[    3.150190] Run /init as init process
Loading, please wait...
Starting systemd-udevd version 252.12-1~deb12u1
[    4.334930] sdhci: Secure Digital Host Controller Interface driver
[    4.335522] sdhci: Copyright(c) Pierre Ossman
[    4.369300] usbcore: registered new interface driver usbfs
[    4.369879] usbcore: registered new interface driver hub
[    4.391305] usbcore: registered new device driver usb
[    4.394384] pwm-backlight backlight: supply power not found, using dummy regulator
[    4.414785] Synopsys Designware Multimedia Card Interface Driver
[    4.422232] sdhci-pltfm: SDHCI platform and OF driver helper
[    4.434020] dma-pl330 ff6d0000.dma-controller: Loaded driver for PL330 DMAC-241330
[    4.434722] dma-pl330 ff6d0000.dma-controller: 	DBUFF-32x8bytes Num_Chans-6 Num_Peri-12 Num_Events-12
[    4.469264] dma-pl330 ff6e0000.dma-controller: Loaded driver for PL330 DMAC-241330
[    4.469987] dma-pl330 ff6e0000.dma-controller: 	DBUFF-128x8bytes Num_Chans-8 Num_Peri-20 Num_Events-16
[    4.604223] input: gpio-keys as /devices/platform/gpio-keys/input/input0
[    4.621099] mmc1: CQHCI version 5.10
[    4.648404] mmc1: SDHCI controller on fe330000.mmc [fe330000.mmc] using ADMA
[    4.838143] rockchip-vop ff8f0000.vop: Adding to iommu group 2
[    4.840989] rockchip-vop ff900000.vop: Adding to iommu group 3
[    4.866034] OF: graph: no port node found in /i2c@ff160000/usb-typec@22
[    4.876652] fan53555-regulator 0-0040: FAN53555 Option[8] Rev[1] Detected!
[    4.879904] fan53555-regulator 0-0041: FAN53555 Option[8] Rev[1] Detected!
[    4.896225] rk808 0-001b: chip id: 0x0
[    4.908246] rk808-rtc rk808-rtc: registered as rtc0
[    4.909326] rk808-rtc rk808-rtc: setting system clock to 2013-01-18T08:50:21 UTC (1358499021)
Begin: Loading essential drivers ... [    4.910112] rk808-regulator rk808-regulator: there is no dvs0 gpio
done.
[    4.910975] rk808-regulator rk808-regulator: there is no dvs1 gpio
Begin: Running /scripts/init-premount ... done.
Begin: Mounting root file system ... Begin: Running /scripts/local-top ... [    4.929640] OF: graph: no port node found in /i2c@ff3d0000/usb-typec@22
done.
Begin: Running /scripts/local-premount ... done.
[    4.953153] rk_gmac-dwmac fe300000.ethernet: IRQ eth_wake_irq not found
[    4.953803] rk_gmac-dwmac fe300000.ethernet: IRQ eth_lpi not found
[    4.954561] rk_gmac-dwmac fe300000.ethernet: PTP uses main clock
[    4.955561] rk_gmac-dwmac fe300000.ethernet: clock input or output? (input).
[    4.956266] rk_gmac-dwmac fe300000.ethernet: TX delay(0x28).
[    4.956789] rk_gmac-dwmac fe300000.ethernet: RX delay(0x11).
[    4.957321] rk_gmac-dwmac fe300000.ethernet: integrated PHY? (no).
[    4.957944] rk_gmac-dwmac fe300000.ethernet: clock input from PHY
[    4.963522] rk_gmac-dwmac fe300000.ethernet: init for RGMII
[    4.964767] rk_gmac-dwmac fe300000.ethernet: User ID: 0x10, Synopsys ID: 0x35
[    4.965434] rk_gmac-dwmac fe300000.ethernet: 	DWMAC1000
[    4.965909] rk_gmac-dwmac fe300000.ethernet: DMA HW capability register supported
[    4.966578] rk_gmac-dwmac fe300000.ethernet: RX Checksum Offload Engine supported
[    4.967246] rk_gmac-dwmac fe300000.ethernet: COE Type 2
[    4.967718] rk_gmac-dwmac fe300000.ethernet: TX Checksum insertion supported
[    4.968381] rk_gmac-dwmac fe300000.ethernet: Wake-Up On Lan supported
[    4.969049] rk_gmac-dwmac fe300000.ethernet: Normal descriptors
[    4.969584] rk_gmac-dwmac fe300000.ethernet: Ring mode enabled
[    4.970107] rk_gmac-dwmac fe300000.ethernet: Enable RX Mitigation via HW Watchdog Timer
Begin: Waiting for root file system ... [    5.096605] RTL8211E Gigabit Ethernet stmmac-0:00: attached PHY driver (mii_bus:phy_addr=stmmac-0:00, irq=POLL)
[    5.097530] RTL8211E Gigabit Ethernet stmmac-0:01: attached PHY driver (mii_bus:phy_addr=stmmac-0:01, irq=POLL)
[    5.104328] dwmmc_rockchip fe320000.mmc: IDMAC supports 32-bit address mode.
[    5.104592] rockchip-drm display-subsystem: bound ff8f0000.vop (ops rockchip_drm_fini [rockchipdrm])
[    5.105008] dwmmc_rockchip fe320000.mmc: Using internal DMA controller.
[    5.105879] [drm] unsupported AFBC format[3231564e]
[    5.106363] dwmmc_rockchip fe320000.mmc: Version ID is 270a
[    5.107417] dwmmc_rockchip fe320000.mmc: DW MMC controller at irq 70,32 bit host data width,256 deep fifo
[    5.108090] rockchip-drm display-subsystem: bound ff900000.vop (ops rockchip_drm_fini [rockchipdrm])
[    5.109299] dwmmc_rockchip fe320000.mmc: Got CD GPIO
[    5.109784] dwhdmi-rockchip ff940000.hdmi: Detected HDMI TX controller v2.11a with HDCP (DWC HDMI 2.0 TX PHY)
[    5.112326] rockchip-drm display-subsystem: bound ff940000.hdmi (ops rockchip_drm_fini [rockchipdrm])
[    5.114806] [drm] Initialized rockchip 1.0.0 20140818 for display-subsystem on minor 0
[    5.115650] rockchip-drm display-subsystem: [drm] Cannot find any crtc or sizes
[    5.116494] rockchip-drm display-subsystem: [drm] Cannot find any crtc or sizes
[    5.117175] rockchip-drm display-subsystem: [drm] Cannot find any crtc or sizes
[    5.122844] mmc_host mmc0: Bus speed (slot 0) = 400000Hz (slot req 400000Hz, actual 400000HZ div = 0)
[    5.123385] ehci-platform fe380000.usb: EHCI Host Controller
[    5.124273] ehci-platform fe380000.usb: new USB bus registered, assigned bus number 1
[    5.125116] ehci-platform fe380000.usb: irq 72, io mem 0xfe380000
[    5.138637] ohci-platform fe3a0000.usb: Generic Platform OHCI controller
[    5.139275] ohci-platform fe3a0000.usb: new USB bus registered, assigned bus number 2
[    5.140185] ohci-platform fe3a0000.usb: irq 75, io mem 0xfe3a0000
[    5.143967] ehci-platform fe380000.usb: USB 2.0 started, EHCI 1.00
[    5.144589] ohci-platform fe3e0000.usb: Generic Platform OHCI controller
[    5.144717] ehci-platform fe3c0000.usb: EHCI Host Controller
[    5.145080] usb usb1: New USB device found, idVendor=1d6b, idProduct=0002, bcdDevice= 6.01
[    5.145097] usb usb1: New USB device strings: Mfr=3, Product=2, SerialNumber=1
[    5.145110] usb usb1: Product: EHCI Host Controller
[    5.145120] usb usb1: Manufacturer: Linux 6.1.0-12-arm64 ehci_hcd
[    5.145130] usb usb1: SerialNumber: fe380000.usb
[    5.146269] hub 1-0:1.0: USB hub found
[    5.148902] hub 1-0:1.0: 1 port detected
[    5.149828] ohci-platform fe3e0000.usb: new USB bus registered, assigned bus number 3
[    5.149853] ehci-platform fe3c0000.usb: new USB bus registered, assigned bus number 4
[    5.150680] ohci-platform fe3e0000.usb: irq 76, io mem 0xfe3e0000
[    5.151463] ehci-platform fe3c0000.usb: irq 77, io mem 0xfe3c0000
[    5.168025] ehci-platform fe3c0000.usb: USB 2.0 started, EHCI 1.00
[    5.169015] usb usb4: New USB device found, idVendor=1d6b, idProduct=0002, bcdDevice= 6.01
[    5.169784] usb usb4: New USB device strings: Mfr=3, Product=2, SerialNumber=1
[    5.170443] usb usb4: Product: EHCI Host Controller
[    5.170892] usb usb4: Manufacturer: Linux 6.1.0-12-arm64 ehci_hcd
[    5.171447] usb usb4: SerialNumber: fe3c0000.usb
[    5.173047] hub 4-0:1.0: USB hub found
[    5.173493] hub 4-0:1.0: 1 port detected
[    5.189178] xhci-hcd xhci-hcd.3.auto: xHCI Host Controller
[    5.189747] xhci-hcd xhci-hcd.3.auto: new USB bus registered, assigned bus number 5
[    5.190699] xhci-hcd xhci-hcd.3.auto: hcc params 0x0220fe64 hci version 0x110 quirks 0x0000000002010010
[    5.191616] xhci-hcd xhci-hcd.3.auto: irq 73, io mem 0xfe800000
[    5.192480] xhci-hcd xhci-hcd.3.auto: xHCI Host Controller
[    5.193002] xhci-hcd xhci-hcd.3.auto: new USB bus registered, assigned bus number 6
[    5.193716] xhci-hcd xhci-hcd.3.auto: Host supports USB 3.0 SuperSpeed
[    5.194616] usb usb5: New USB device found, idVendor=1d6b, idProduct=0002, bcdDevice= 6.01
[    5.195373] usb usb5: New USB device strings: Mfr=3, Product=2, SerialNumber=1
[    5.196081] usb usb5: Product: xHCI Host Controller
[    5.196532] usb usb5: Manufacturer: Linux 6.1.0-12-arm64 xhci-hcd
[    5.197087] usb usb5: SerialNumber: xhci-hcd.3.auto
[    5.198590] hub 5-0:1.0: USB hub found
[    5.198987] hub 5-0:1.0: 1 port detected
[    5.199938] usb usb6: We don't know the algorithms for LPM for this host, disabling LPM.
[    5.200830] usb usb6: New USB device found, idVendor=1d6b, idProduct=0003, bcdDevice= 6.01
[    5.201577] usb usb6: New USB device strings: Mfr=3, Product=2, SerialNumber=1
[    5.202226] usb usb6: Product: xHCI Host Controller
[    5.202667] usb usb6: Manufacturer: Linux 6.1.0-12-arm64 xhci-hcd
[    5.203214] usb usb6: SerialNumber: xhci-hcd.3.auto
[    5.204815] hub 6-0:1.0: USB hub found
[    5.205210] hub 6-0:1.0: 1 port detected
[    5.206402] usb usb2: New USB device found, idVendor=1d6b, idProduct=0001, bcdDevice= 6.01
[    5.206435] xhci-hcd xhci-hcd.4.auto: xHCI Host Controller
[    5.207159] usb usb2: New USB device strings: Mfr=3, Product=2, SerialNumber=1
[    5.208363] usb usb2: Product: Generic Platform OHCI controller
[    5.208906] usb usb2: Manufacturer: Linux 6.1.0-12-arm64 ohci_hcd
[    5.209461] usb usb2: SerialNumber: fe3a0000.usb
[    5.210900] hub 2-0:1.0: USB hub found
[    5.211424] hub 2-0:1.0: 1 port detected
[    5.212809] xhci-hcd xhci-hcd.4.auto: new USB bus registered, assigned bus number 7
[    5.213831] xhci-hcd xhci-hcd.4.auto: hcc params 0x0220fe64 hci version 0x110 quirks 0x0000000002010010
[    5.214792] xhci-hcd xhci-hcd.4.auto: irq 78, io mem 0xfe900000
[    5.215568] xhci-hcd xhci-hcd.4.auto: xHCI Host Controller
[    5.216174] usb usb3: New USB device found, idVendor=1d6b, idProduct=0001, bcdDevice= 6.01
[    5.216927] usb usb3: New USB device strings: Mfr=3, Product=2, SerialNumber=1
[    5.217578] usb usb3: Product: Generic Platform OHCI controller
[    5.218111] usb usb3: Manufacturer: Linux 6.1.0-12-arm64 ohci_hcd
[    5.218658] usb usb3: SerialNumber: fe3e0000.usb
[    5.220120] hub 3-0:1.0: USB hub found
[    5.220507] hub 3-0:1.0: 1 port detected
[    5.221415] xhci-hcd xhci-hcd.4.auto: new USB bus registered, assigned bus number 8
[    5.222222] xhci-hcd xhci-hcd.4.auto: Host supports USB 3.0 SuperSpeed
[    5.223232] usb usb7: New USB device found, idVendor=1d6b, idProduct=0002, bcdDevice= 6.01
[    5.224029] usb usb7: New USB device strings: Mfr=3, Product=2, SerialNumber=1
[    5.224692] usb usb7: Product: xHCI Host Controller
[    5.225142] usb usb7: Manufacturer: Linux 6.1.0-12-arm64 xhci-hcd
[    5.225703] usb usb7: SerialNumber: xhci-hcd.4.auto
[    5.226528] mmc_host mmc0: Bus speed (slot 0) = 148500000Hz (slot req 150000000Hz, actual 148500000HZ div = 0)
[    5.227266] hub 7-0:1.0: USB hub found
[    5.227989] hub 7-0:1.0: 1 port detected
[    5.229027] usb usb8: We don't know the algorithms for LPM for this host, disabling LPM.
[    5.229896] usb usb8: New USB device found, idVendor=1d6b, idProduct=0003, bcdDevice= 6.01
[    5.230643] usb usb8: New USB device strings: Mfr=3, Product=2, SerialNumber=1
[    5.231293] usb usb8: Product: xHCI Host Controller
[    5.231736] usb usb8: Manufacturer: Linux 6.1.0-12-arm64 xhci-hcd
[    5.232308] usb usb8: SerialNumber: xhci-hcd.4.auto
[    5.233628] hub 8-0:1.0: USB hub found
[    5.234014] hub 8-0:1.0: 1 port detected
[    5.432059] usb 4-1: new high-speed USB device number 2 using ehci-platform
[    5.527140] dwmmc_rockchip fe320000.mmc: Successfully tuned phase to 216
[    5.527865] mmc0: new ultra high speed SDR104 SDHC card at address aaaa
[    5.530676] mmcblk0: mmc0:aaaa SC16G 14.8 GiB 
[    5.536536]  mmcblk0: p1
[    5.589994] usb 4-1: New USB device found, idVendor=1a40, idProduct=0101, bcdDevice= 1.00
[    5.590775] usb 4-1: New USB device strings: Mfr=0, Product=1, SerialNumber=0
[    5.591424] usb 4-1: Product: USB 2.0 Hub [MTT]
[    5.593243] hub 4-1:1.0: USB hub found
[    5.593885] hub 4-1:1.0: 4 ports detected
Begin: Running /scripts/local-block ... done.
done.
Begin: Will now check root file system ... fsck from util-linux 2.38.1
[/sbin/fsck.ext4 (1) -- /dev/mmcblk0p1] fsck.ext4 -f -y -C0 /dev/mmcblk0p1 
e2fsck 1.47.0 (5-Feb-2023)
/dev/mmcblk0p1: recovering journal
Superblock last mount time (Mon Jul 10 21:44:36 2023,
	now = Fri Jan 18 08:50:22 2013) is in the future.
Fix? yes

Pass 1: Checking inodes, blocks, and sizes
/dev/mmcblk0p1: |=                                               |  2.9%   /dev/mmcblk0p1: |===                                             /  5.8%   /dev/mmcblk0p1: |====                                            -  8.8%                                                                                  Pass 2: Checking directory structure
/dev/mmcblk0p1: |==================================              \ 70.1%   /dev/mmcblk0p1: |=====================================           | 76.9%   /dev/mmcblk0p1: |======================================          / 78.3%   /dev/mmcblk0p1: |=========================================       - 86.2%                                                                                  Pass 3: Checking directory connectivity
Pass 4: Checking reference counts
/dev/mmcblk0p1: |=============================================   \ 94.0%                                                                                  Pass 5: Checking group summary information
Free blocks count wrong (514213, counted=512104).
Fix? yes

/dev/mmcblk0p1: |================================================| 100.0%                                                                                  Free inodes count wrong (172704, counted=172679).
Fix? yes


/dev/mmcblk0p1: ***** FILE SYSTEM WAS MODIFIED *****
/dev/mmcblk0p1: 23161/195840 files (1.4% non-contiguous), 270488/782592 blocks
fsck exited with status code 1
done.
[    8.042130] EXT4-fs (mmcblk0p1): mounted filesystem with ordered data mode. Quota mode: none.
done.
Begin: Running /scripts/local-bottom ... done.
Begin: Running /scripts/init-bottom ... done.
[    8.377252] Not activating Mandatory Access Control as /sbin/tomoyo-init does not exist.
[    8.704203] systemd[1]: System time before build time, advancing clock.
[    8.763633] systemd[1]: Inserted module 'autofs4'
[    8.854357] systemd[1]: systemd 252.12-1~deb12u1 running in system mode (+PAM +AUDIT +SELINUX +APPARMOR +IMA +SMACK +SECCOMP +GCRYPT -GNUTLS +OPENSSL +ACL +BLKID +CURL +ELFUTILS +FIDO2 +IDN2 -IDN +IPTC +KMOD +LIBCRYPTSETUP +LIBFDISK +PCRE2 -PWQUALITY +P11KIT +QRENCODE +TPM2 +BZIP2 +LZ4 +XZ +ZLIB +ZSTD -BPF_FRAMEWORK -XKBCOMMON +UTMP +SYSVINIT default-hierarchy=unified)
[    8.857319] systemd[1]: Detected architecture arm64.

Welcome to Debian GNU/Linux 12 (bookworm)!

[    8.882373] systemd[1]: Hostname set to <Roc-Rk3399-Pc>.
[    9.567162] systemd[1]: Queued start job for default target graphical.target.
[    9.589751] systemd[1]: Created slice system-getty.slice - Slice /system/getty.
[  OK  ] Created slice system-getty.slice - Slice /system/getty.
[    9.602391] systemd[1]: Created slice system-modprobe.slice - Slice /system/modprobe.
[  OK  ] Created slice system-modpr‚lice - Slice /system/modprobe.
[    9.618320] systemd[1]: Created slice system-serial\x2dgetty.slice - Slice /system/serial-getty.
[  OK  ] Created slice system-seria‚ - Slice /system/serial-getty.
[    9.622436] systemd[1]: Created slice user.slice - User and Session Slice.
[  OK  ] Created slice user.slice - User and Session Slice.
[    9.625148] systemd[1]: Started systemd-ask-password-console.path - Dispatch Password Requests to Console Directory Watch.
[  OK  ] Started systemd-ask-passwo‚quests to Console Directory Watch.
[    9.636745] systemd[1]: Started systemd-ask-password-wall.path - Forward Password Requests to Wall Directory Watch.
[  OK  ] Started systemd-ask-passwo‚ Requests to Wall Directory Watch.
[    9.649308] systemd[1]: Set up automount proc-sys-fs-binfmt_misc.automount - Arbitrary Executable File Formats File System Automount Point.
[  OK  ] Set up automount proc-sys-‚rmats File System Automount Point.
[    9.660496] systemd[1]: Reached target cryptsetup.target - Local Encrypted Volumes.
[  OK  ] Reached target cryptsetup.‚get - Local Encrypted Volumes.
[    9.672425] systemd[1]: Reached target integritysetup.target - Local Integrity Protected Volumes.
[  OK  ] Reached target integrityse‚Local Integrity Protected Volumes.
[    9.684392] systemd[1]: Reached target paths.target - Path Units.
[  OK  ] Reached target paths.target - Path Units.
[    9.686198] systemd[1]: Reached target remote-fs.target - Remote File Systems.
[  OK  ] Reached target remote-fs.target - Remote File Systems.
[    9.696355] systemd[1]: Reached target slices.target - Slice Units.
[  OK  ] Reached target slices.target - Slice Units.
[    9.698195] systemd[1]: Reached target swap.target - Swaps.
[  OK  ] Reached target swap.target - Swaps.
[    9.708338] systemd[1]: Reached target veritysetup.target - Local Verity Protected Volumes.
[  OK  ] Reached target veritysetup‚ - Local Verity Protected Volumes.
[    9.721139] systemd[1]: Listening on systemd-fsckd.socket - fsck to fsckd communication Socket.
[  OK  ] Listening on systemd-fsckd‚sck to fsckd communication Socket.
[    9.732740] systemd[1]: Listening on systemd-initctl.socket - initctl Compatibility Named Pipe.
[  OK  ] Listening on systemd-initc‚ initctl Compatibility Named Pipe.
[    9.746134] systemd[1]: Listening on systemd-journald-audit.socket - Journal Audit Socket.
[  OK  ] Listening on systemd-journ‚socket - Journal Audit Socket.
[    9.757237] systemd[1]: Listening on systemd-journald-dev-log.socket - Journal Socket (/dev/log).
[  OK  ] Listening on systemd-journ‚t - Journal Socket (/dev/log).
[    9.769342] systemd[1]: Listening on systemd-journald.socket - Journal Socket.
[  OK  ] Listening on systemd-journald.socket - Journal Socket.
[    9.785432] systemd[1]: Listening on systemd-udevd-control.socket - udev Control Socket.
[  OK  ] Listening on systemd-udevd‚.socket - udev Control Socket.
[    9.797034] systemd[1]: Listening on systemd-udevd-kernel.socket - udev Kernel Socket.
[  OK  ] Listening on systemd-udevd‚l.socket - udev Kernel Socket.
[    9.848552] systemd[1]: Mounting dev-hugepages.mount - Huge Pages File System...
         Mounting dev-hugepages.mount - Huge Pages File System...
[    9.865328] systemd[1]: Mounting dev-mqueue.mount - POSIX Message Queue File System...
         Mounting dev-mqueue.mountPOSIX Message Queue File System...
[    9.881617] systemd[1]: Mounting sys-kernel-debug.mount - Kernel Debug File System...
         Mounting sys-kernel-debug.‚ - Kernel Debug File System...
[    9.897413] systemd[1]: Mounting sys-kernel-tracing.mount - Kernel Trace File System...
         Mounting sys-kernel-tracin‚ - Kernel Trace File System...
[    9.914156] systemd[1]: Starting kmod-static-nodes.service - Create List of Static Device Nodes...
         Starting kmod-static-nodes‚ate List of Static Device Nodes...
[    9.936375] systemd[1]: Starting modprobe@configfs.service - Load Kernel Module configfs...
         Starting modprobe@configfs‚m - Load Kernel Module configfs...
[    9.961056] systemd[1]: Starting modprobe@dm_mod.service - Load Kernel Module dm_mod...
         Starting modprobe@dm_mod.s‚[0m - Load Kernel Module dm_mod...
[    9.984605] systemd[1]: Starting modprobe@drm.service - Load Kernel Module drm...
         Starting modprobe@drm.service - Load Kernel Module drm...
[   10.008864] systemd[1]: Starting modprobe@efi_pstore.service - Load Kernel Module efi_pstore...
         Starting modprobe@efi_psto‚- Load Kernel Module efi_pstore...
[   10.029779] systemd[1]: Starting modprobe@fuse.service - Load Kernel Module fuse...
         Starting modprobe@fuse.ser‚e - Load Kernel Module fuse...
[   10.046225] systemd[1]: Starting modprobe@loop.service - Load Kernel Module loop...
         Starting modprobe@loop.ser‚e - Load Kernel Module loop...
[   10.047901] device-mapper: core: CONFIG_IMA_DISABLE_HTABLE is disabled. Duplicate IMA measurements will not be recorded in the IMA log.
[   10.049137] device-mapper: uevent: version 1.0.3
[   10.050375] device-mapper: ioctl: 4.47.0-ioctl (2022-07-28) initialised: dm-devel@redhat.com
[   10.056737] systemd[1]: systemd-fsck-root.service - File System Check on Root Device was skipped because of an unmet condition check (ConditionPathExists=!/run/initramfs/fsck-root).
[   10.072663] systemd[1]: Starting systemd-journald.service - Journal Service...
         Starting systemd-journald.service - Journal Service...
[   10.085854] systemd[1]: Starting systemd-modules-load.service - Load Kernel Modules...
         Starting systemd-modules-l‚rvice - Load Kernel Modules...
[   10.087616] fuse: init (API version 7.37)
[   10.091366] loop: module loaded
[   10.101702] systemd[1]: Starting systemd-remount-fs.service - Remount Root and Kernel File Systems...
         Starting systemd-remount-f‚nt Root and Kernel File Systems...
[   10.117975] systemd[1]: Starting systemd-udev-trigger.service - Coldplug All udev Devices...
         Starting systemd-udev-trig‚[0m - Coldplug All udev Devices...
[   10.138755] systemd[1]: Mounted dev-hugepages.mount - Huge Pages File System.
[  OK  ] Mounted dev-hugepages.mount - Huge Pages File System.
[   10.153474] systemd[1]: Mounted dev-mqueue.mount - POSIX Message Queue File System.
[  OK  ] Mounted dev-mqueue.mount- POSIX Message Queue File System.
[   10.164955] systemd[1]: Mounted sys-kernel-debug.mount - Kernel Debug File System.
[  OK  ] Mounted sys-kernel-debug.m‚Ä¶nt - Kernel Debug File System.
[   10.174507] EXT4-fs (mmcblk0p1): re-mounted. Quota mode: none.
[   10.180749] systemd[1]: Mounted sys-kernel-tracing.mount - Kernel Trace File System.
[  OK  ] Mounted sys-kernel-tracing‚nt - Kernel Trace File System.
[   10.197723] systemd[1]: Finished kmod-static-nodes.service - Create List of Static Device Nodes.
[  OK  ] Finished kmod-static-nodes‚reate List of Static Device Nodes.
[   10.210605] systemd[1]: modprobe@configfs.service: Deactivated successfully.
[   10.212348] systemd[1]: Finished modprobe@configfs.service - Load Kernel Module configfs.
[  OK  ] Finished modprobe@configfs‚[0m - Load Kernel Module configfs.
[   10.227131] systemd[1]: modprobe@dm_mod.service: Deactivated successfully.
[   10.229304] systemd[1]: Finished modprobe@dm_mod.service - Load Kernel Module dm_mod.
[  OK  ] Finished modprobe@dm_mod.s‚e - Load Kernel Module dm_mod.
[   10.242954] systemd[1]: modprobe@drm.service: Deactivated successfully.
[   10.245582] systemd[1]: Finished modprobe@drm.service - Load Kernel Module drm.
[  OK  ] Finished modprobe@drm.service - Load Kernel Module drm.
[   10.258974] systemd[1]: modprobe@efi_pstore.service: Deactivated successfully.
[   10.261420] systemd[1]: Finished modprobe@efi_pstore.service - Load Kernel Module efi_pstore.
[  OK  ] Finished modprobe@efi_psto‚m - Load Kernel Module efi_pstore.
[   10.275306] systemd[1]: modprobe@fuse.service: Deactivated successfully.
[   10.277511] systemd[1]: Finished modprobe@fuse.service - Load Kernel Module fuse.
[  OK  ] Finished modprobe@fuse.service - Load Kernel Module fuse.
[   10.291362] systemd[1]: modprobe@loop.service: Deactivated successfully.
[   10.293449] systemd[1]: Finished modprobe@loop.service - Load Kernel Module loop.
[  OK  ] Finished modprobe@loop.service - Load Kernel Module loop.
[   10.307157] systemd[1]: Finished systemd-modules-load.service - Load Kernel Modules.
[  OK  ] Finished systemd-modules-l‚service - Load Kernel Modules.
[   10.322699] systemd[1]: Finished systemd-remount-fs.service - Remount Root and Kernel File Systems.
[  OK  ] Finished systemd-remount-f‚ount Root and Kernel File Systems.
[   10.365038] systemd[1]: Mounting sys-fs-fuse-connections.mount - FUSE Control File System...
         Mounting sys-fs-fuse-conne‚ - FUSE Control File System...
[   10.383829] systemd[1]: Mounting sys-kernel-config.mount - Kernel Configuration File System...
         Mounting sys-kernel-config‚ernel Configuration File System...
[   10.396488] systemd[1]: systemd-firstboot.service - First Boot Wizard was skipped because of an unmet condition check (ConditionFirstBoot=yes).
[   10.398117] systemd[1]: systemd-pstore.service - Platform Persistent Storage Archival was skipped because of an unmet condition check (ConditionDirectoryNotEmpty=/sys/fs/pstore).
[   10.407176] systemd[1]: Starting systemd-random-seed.service - Load/Save Random Seed...
         Starting systemd-random-se‚ice - Load/Save Random Seed...
[   10.420724] systemd[1]: systemd-repart.service - Repartition Root Disk was skipped because no trigger condition checks were met.
[   10.429620] systemd[1]: Starting systemd-sysctl.service - Apply Kernel Variables...
         Starting systemd-sysctl.se‚ce - Apply Kernel Variables...
[   10.448639] systemd[1]: Starting systemd-sysusers.service - Create System Users...
         Starting systemd-sysusers.‚rvice - Create System Users...
[   10.478300] systemd[1]: Started systemd-journald.service - Journal Service.
[  OK  ] Started systemd-journald.service - Journal Service.
[  OK  ] Mounted sys-fs-fuse-connec‚nt - FUSE Control File System.
[  OK  ] Mounted sys-kernel-config.‚ Kernel Configuration File System.
[  OK  ] Finished systemd-sysctl.service - Apply Kernel Variables.
         Starting systemd-journal-f‚h Journal to Persistent Storage...
[  OK  ] Finished systemd-sysusers.service - Create System Users.
         Starting systemd-tmpfiles-‚ate Static Device Nodes in /dev...
[   10.635520] systemd-journald[274]: Received client request to flush runtime journal.
[   10.640056] systemd-journald[274]: File /var/log/journal/e94278ba1a18418a8d254b5fe365905a/system.journal corrupted or uncleanly shut down, renaming and replacing.
[  OK  ] Finished systemd-tmpfiles-‚reate Static Device Nodes in /dev.
[  OK  ] Reached target local-fs-pr‚reparation for Local File Systems.
[  OK  ] Reached target local-fs.target - Local File Systems.
         Starting apparmor.service - Load AppArmor profiles...
         Starting systemd-binfmt.se‚et Up Additional Binary Formats...
         Starting systemd-udevd.ser‚ger for Device Events and Files...
[  OK  ] Finished systemd-journal-f‚ush Journal to Persistent Storage.
         Starting systemd-tmpfiles-‚ Volatile Files and Directories...
[   11.104470] audit: type=1400 audit(1689025477.396:2): apparmor="STATUS" operation="profile_load" profile="unconfined" name="lsb_release" pid=301 comm="apparmor_parser"
[   11.107135] audit: type=1400 audit(1689025477.396:3): apparmor="STATUS" operation="profile_load" profile="unconfined" name="nvidia_modprobe" pid=302 comm="apparmor_parser"
[   11.108860] audit: type=1400 audit(1689025477.396:4): apparmor="STATUS" operation="profile_load" profile="unconfined" name="nvidia_modprobe//kmod" pid=302 comm="apparmor_parser"
[  OK  ] Finished systemd-udev-trig‚e - Coldplug All udev Devices.
[  OK  ] Finished systemd-tmpfiles-‚te Volatile Files and Directories.
[   11.191027] audit: type=1400 audit(1689025477.480:5): apparmor="STATUS" operation="profile_load" profile="unconfined" name="/usr/lib/NetworkManager/nm-dhcp-client.action" pid=303 comm="apparmor_parser"
[   11.192759] audit: type=1400 audit(1689025477.480:6): apparmor="STATUS" operation="profile_load" profile="unconfined" name="/usr/lib/NetworkManager/nm-dhcp-helper" pid=303 comm="apparmor_parser"
[   11.194354] audit: type=1400 audit(1689025477.480:7): apparmor="STATUS" operation="profile_load" profile="unconfined" name="/usr/lib/connman/scripts/dhclient-script" pid=303 comm="apparmor_parser"
[   11.195993] audit: type=1400 audit(1689025477.480:8): apparmor="STATUS" operation="profile_load" profile="unconfined" name="/{,usr/}sbin/dhclient" pid=303 comm="apparmor_parser"
         Mounting proc-sys-fs-binfm‚utable File Formats File System...
         Starting ifupdown-pre.serv‚ynchronize boot up for ifupdown...
         Starting systemd-update-ut‚rd System Boot/Shutdown in UTMP...
[  OK  ] Finished apparmor.service - Load AppArmor profiles.
[  OK  ] Started systemd-udevd.serv‚nager for Device Events and Files.
[  OK  ] Mounted proc-sys-fs-binfmt‚ecutable File Formats File System.
[  OK  ] Finished systemd-binfmt.se‚ Set Up Additional Binary Formats.
[  OK  ] Finished systemd-update-ut‚cord System Boot/Shutdown in UTMP.
[  OK  ] Reached target sysinit.target - System Initialization.
[  OK  ] Started apt-daily.timer - Daily apt download activities.
[  OK  ] Started apt-daily-upgrade.‚ apt upgrade and clean activities.
[  OK  ] Started dpkg-db-backup.tim‚ Daily dpkg database backup timer.
[  OK  ] Started e2scrub_all.timeretadata Check for All Filesystems.
[  OK  ] Started fstrim.timer - Discard unused blocks once a week.
[  OK  ] Started logrotate.timer - Daily rotation of log files.
[  OK  ] Started systemd-tmpfiles-c‚ Cleanup of Temporary Directories.
[  OK  ] Reached target timers.target - Timer Units.
[  OK  ] Listening on dbus.socket- D-Bus System Message Bus Socket.
[  OK  ] Reached target sockets.target - Socket Units.
[  OK  ] Reached target basic.target - Basic System.
[  OK  ] Started cron.service -‚kground program processing daemon.
         Starting dbus.service - D-Bus System Message Bus...
         Starting e2scrub_reap.serv‚e ext4 Metadata Check Snapshots...
         Starting systemd-logind.se‚ice - User Login Management...
[  OK  ] Found device dev-ttyS2.device - /dev/ttyS2.
[   11.751330] cpu cpu0: EM: created perf domain
[   11.764361] cpu cpu4: EM: created perf domain
[   11.822448] mc: Linux media interface: v0.10
[   11.835998] input: adc-keys as /devices/platform/adc-keys/input/input1
[   11.851804] random: crng init done
[   11.856581] videodev: Linux video capture interface: v2.00
[  OK  ] Created slice system-syste‚- Slice /system/systemd-backlight.
[   11.917582] dw_wdt ff848000.watchdog: No valid TOPs array specified
         Starting systemd-backlight‚ightness of backlight:backlight...
[  OK  ] Finished systemd-random-se‚rvice - Load/Save Random Seed.
[   11.980762] spi-nor spi0.0: w25q128 (16384 Kbytes)
[   11.996456] Registered IR keymap rc-cec
[   11.999738] Registered IR keymap rc-empty
[   12.001575] rc rc0: dw_hdmi as /devices/platform/ff940000.hdmi/rc/rc0
[   12.001954] rockchip-rga ff680000.rga: HW Version: 0x03.02
[   12.002394] input: dw_hdmi as /devices/platform/ff940000.hdmi/rc/rc0/input2
[   12.002851] rockchip-rga ff680000.rga: Registered rockchip-rga as /dev/video0
[   12.005178] panfrost ff9a0000.gpu: clock rate = 500000000
[   12.018182] rc rc1: gpio_ir_recv as /devices/platform/ir-receiver/rc/rc1
[   12.018208] hantro-vpu ff650000.video-codec: Adding to iommu group 0
[   12.018401] rc rc1: lirc_dev: driver gpio_ir_recv registered at minor = 0, raw IR receiver, no transmitter
[   12.018597] input: gpio_ir_recv as /devices/platform/ir-receiver/rc/rc1/input3
[   12.018802] hantro-vpu ff650000.video-codec: registered rockchip,rk3399-vpu-enc as /dev/video1
[   12.018885] hantro-vpu ff650000.video-codec: registered rockchip,rk3399-vpu-dec as /dev/video2
[   12.020573] rockchip_vdec: module is from the staging directory, the quality is unknown, you have been warned.
[   12.028868] rkvdec ff660000.video-codec: Adding to iommu group 1
[  OK  ] Started dbus.service - D-Bus System Message Bus.
[   12.086943] panfrost ff9a0000.gpu: mali-t860 id 0x860 major 0x2 minor 0x0 status 0x0
[   12.086955] panfrost ff9a0000.gpu: features: 00000000,00000407, issues: 00000000,24040400
[   12.086962] panfrost ff9a0000.gpu: Features: L2:0x07120206 Shader:0x00000000 Tiler:0x00000809 Mem:0x1 MMU:0x00002830 AS:0xff JS:0x7
[   12.086968] panfrost ff9a0000.gpu: shader_present=0xf l2_present=0x1
[   12.099594] [drm] Initialized panfrost 1.2.0 20180908 for ff9a0000.gpu on minor 1
[  OK  ] Finished systemd-backlight‚Brightness of backlight:backlight.
[  OK  ] Started systemd-logind.service - User Login Management.
[  OK  ] Finished e2scrub_reap.serv‚ine ext4 Metadata Check Snapshots.
[  OK  ] Reached target sound.target - Sound Card.
[  OK  ] Finished ifupdown-pre.serv‚ synchronize boot up for ifupdown.
         Starting networking.service - Raise network interfaces...
[   12.633245] rk_gmac-dwmac fe300000.ethernet eth0: Register MEM_TYPE_PAGE_POOL RxQ-0
[   12.636321] rk_gmac-dwmac fe300000.ethernet eth0: PHY [stmmac-0:00] driver [RTL8211E Gigabit Ethernet] (irq=POLL)
[   12.643993] rk_gmac-dwmac fe300000.ethernet eth0: No Safety Features support found
[   12.644708] rk_gmac-dwmac fe300000.ethernet eth0: PTP not supported by HW
[   12.645818] rk_gmac-dwmac fe300000.ethernet eth0: configuring for phy/rgmii link mode
[*     ] Job networking.service/start running (4s / 5min 2s)
[**    ] Job networking.service/start running (5s / 5min 2s)
[***   ] Job networking.service/start running (5s / 5min 2s)
[ ***  ] Job networking.service/start running (6s / 5min 2s)
[  *** ] Job networking.service/start running (6s / 5min 2s)
[   16.737144] rk_gmac-dwmac fe300000.ethernet eth0: Link is Up - 1Gbps/Full - flow control off
[   16.738003] IPv6: ADDRCONF(NETDEV_CHANGE): eth0: link becomes ready
[   ***] Job networking.service/start running (7s / 5min 2s)
[    **] Job networking.service/start running (7s / 5min 2s)
[     *] Job networking.service/start running (8s / 5min 2s)
[    **] Job networking.service/start running (8s / 5min 2s)
[   ***] Job networking.service/start running (9s / 5min 2s)
[  *** ] Job networking.service/start running (9s / 5min 2s)
[ ***  ] Job networking.service/start running (10s / 5min 2s)
[***   ] Job networking.service/start running (10s / 5min 2s)
[**    ] Job networking.service/start running (11s / 5min 2s)
[*     ] Job networking.service/start running (11s / 5min 2s)
[**    ] Job networking.service/start running (12s / 5min 2s)
[***   ] Job networking.service/start running (12s / 5min 2s)
[ ***  ] Job networking.service/start running (13s / 5min 2s)
[  *** ] Job networking.service/start running (13s / 5min 2s)
[   ***] Job networking.service/start running (14s / 5min 2s)
[    **] Job networking.service/start running (14s / 5min 2s)
[     *] Job networking.service/start running (15s / 5min 2s)
[    **] Job networking.service/start running (15s / 5min 2s)
[   ***] Job networking.service/start running (16s / 5min 2s)
[  *** ] Job networking.service/start running (16s / 5min 2s)
[ ***  ] Job networking.service/start running (17s / 5min 2s)
[***   ] Job networking.service/start running (17s / 5min 2s)
[**    ] Job networking.service/start running (18s / 5min 2s)
[*     ] Job networking.service/start running (18s / 5min 2s)
[**    ] Job networking.service/start running (19s / 5min 2s)
[  OK  ] Finished networking.service - Raise network interfaces.
[  OK  ] Reached target network.target - Network.
         Starting ssh.service - OpenBSD Secure Shell server...
         Starting systemd-user-sess‚vice - Permit User Sessions...
[  OK  ] Finished systemd-user-sess‚ervice - Permit User Sessions.
[  OK  ] Started getty@tty1.service - Getty on tty1.
[  OK  ] Started serial-getty@ttyS2‚rvice - Serial Getty on ttyS2.
[  OK  ] Reached target getty.target - Login Prompts.
[  OK  ] Started ssh.service - OpenBSD Secure Shell server.
[  OK  ] Reached target multi-user.target - Multi-User System.
[  OK  ] Reached target graphical.target - Graphical Interface.
         Starting systemd-update-ut‚ Record Runlevel Change in UTMP...
[  OK  ] Finished systemd-update-ut‚ - Record Runlevel Change in UTMP.

Debian GNU/Linux 12 Roc-Rk3399-Pc ttyS2

Roc-Rk3399-Pc login: root
Linux Roc-Rk3399-Pc 6.1.0-12-arm64 #1 SMP Debian 6.1.52-1 (2023-09-07) aarch64

The programs included with the Debian GNU/Linux system are free software;
the exact distribution terms for each program are described in the
individual files in /usr/share/doc/*/copyright.

Debian GNU/Linux comes with ABSOLUTELY NO WARRANTY, to the extent
permitted by applicable law.
root@Roc-Rk3399-Pc:~# ip route ls
default via 192.168.254.253 dev eth0 
192.168.254.0/24 dev eth0 proto kernel scope link src 192.168.254.134 
root@Roc-Rk3399-Pc:~# ping ftp.free.fr
PING ftp.proxad.net (212.27.60.27) 56(84) bytes of data.
64 bytes from ftp.proxad.net (212.27.60.27): icmp_seq=1 ttl=55 time=45.2 ms
64 bytes from ftp.proxad.net (212.27.60.27): icmp_seq=2 ttl=55 time=39.3 ms
^C
--- ftp.proxad.net ping statistics ---
2 packets transmitted, 2 received, 0% packet loss, time 1002ms
rtt min/avg/max/mdev = 39.299/42.267/45.236/2.968 ms
root@Roc-Rk3399-Pc:~# cat /proc/interrupts 
           CPU0       CPU1       CPU2       CPU3       CPU4       CPU5       
 18:          0          0          0          0          0          0     GICv3  25 Level     vgic
 20:          0          0          0          0          0          0     GICv3  27 Level     kvm guest vtimer
 23:       3442       2277       1039       1437       1610       2500     GICv3  30 Level     arch_timer
 25:       1693       1035       1026        540        479        514     GICv3 113 Level     rk_timer
 31:          0          0          0          0          0          0  GICv3-23   0 Level     arm-pmu
 32:          0          0          0          0          0          0  GICv3-23   1 Level     arm-pmu
 34:        483          0          0          0          0          0     GICv3 132 Level     ttyS2
 35:          0          0          0          0          0          0     GICv3 147 Level     ff650800.iommu
 36:          0          0          0          0          0          0     GICv3 149 Level     ff660480.iommu
 37:          0          0          0          0          0          0     GICv3 151 Level     ff8f3f00.iommu, ff8f0000.vop
 38:          0          0          0          0          0          0     GICv3 150 Level     ff903f00.iommu, ff900000.vop
 39:          0          0          0          0          0          0     GICv3  75 Level     ff914000.iommu
 40:          0          0          0          0          0          0     GICv3  76 Level     ff924000.iommu
 41:          0          0          0          0          0          0     GICv3  91 Level     ff110000.i2c
 42:          0          0          0          0          0          0     GICv3  66 Level     ff130000.i2c
 43:        573          0          0          0          0          0     GICv3  68 Level     ff160000.i2c
 44:          0          0          0          0          0          0     GICv3  37 Level     ff6d0000.dma-controller
 45:          0          0          0          0          0          0     GICv3  38 Level     ff6d0000.dma-controller
 46:       2631          0          0          0          0          0     GICv3  89 Level     ff3c0000.i2c
 47:          2          0          0          0          0          0     GICv3  85 Level     ff1d0000.spi
 48:        201          0          0          0          0          0     GICv3  88 Level     ff3d0000.i2c
 49:          0          0          0          0          0          0     GICv3  39 Level     ff6e0000.dma-controller
 50:          0          0          0          0          0          0     GICv3  40 Level     ff6e0000.dma-controller
 51:         52          0          0          0          0          0     GICv3  43 Level     mmc1
 52:          0          0          0          0          0          0  rockchip_gpio_irq   5 Edge      GPIO Key Power
 53:          7          0          0          0          0          0  rockchip_gpio_irq   2 Level     fsc_interrupt_int_n
 54:          0          0          0          0          0          0  rockchip_gpio_irq  21 Level     rk808
 60:          0          0          0          0          0          0     rk808   5 Edge      RTC alarm
 64:          1          0          0          0          0          0     GICv3  63 Level     rockchip_usb2phy
 65:          1          0          0          0          0          0  rockchip_gpio_irq   1 Level     fsc_interrupt_int_n
 66:          0          0          0          0          0          0     GICv3  59 Level     rockchip_usb2phy
 67:          0          0          0          0          0          0     GICv3 135 Level     rockchip_usb2phy_bvalid
 68:          0          0          0          0          0          0     GICv3 136 Level     rockchip_usb2phy_id
 69:       7470          0          0          0          0          0     GICv3  44 Level     eth0
 70:      10481          0          0          0          0          0     GICv3  97 Level     dw-mci
 71:          0          0          0          0          0          0     GICv3  55 Level     ff940000.hdmi, dw-hdmi-cec
 72:          0          0          0          0          0          0     GICv3  58 Level     ehci_hcd:usb1
 73:          0          0          0          0          0          0     GICv3 137 Level     dwc3-otg, xhci-hcd:usb5
 74:          0          0          0          0          0          0  rockchip_gpio_irq   7 Edge      fe320000.mmc cd
 75:          0          0          0          0          0          0     GICv3  60 Level     ohci_hcd:usb2
 76:          0          0          0          0          0          0     GICv3  64 Level     ohci_hcd:usb3
 77:         28          0          0          0          0          0     GICv3  62 Level     ehci_hcd:usb4
 78:          0          0          0          0          0          0     GICv3 142 Level     xhci-hcd:usb7
 79:          0          0          0          0          0          0     GICv3 129 Level     rockchip_thermal
 80:          2          0          0          0          0          0     GICv3  94 Level     ff100000.saradc
 81:          0          0          0          0          0          0     GICv3 152 Edge      ff848000.watchdog
 82:          0          0          0          0          0          0  rockchip_gpio_irq   6 Edge      gpio-ir-recv-irq
 83:          0          0          0          0          0          0     GICv3  87 Level     ff680000.rga
 84:          0          0          0          0          0          0     GICv3 146 Level     ff650000.video-codec
 85:          0          0          0          0          0          0     GICv3 145 Level     ff650000.video-codec
 86:          0          0          0          0          0          0     GICv3 148 Level     ff660000.video-codec
 87:          2          0          0          0          0          0     GICv3  51 Level     panfrost-gpu
 88:          0          0          0          0          0          0     GICv3  53 Level     panfrost-mmu
 89:          0          0          0          0          0          0     GICv3  52 Level     panfrost-job
IPI0:       278        393        443        381        811        752       Rescheduling interrupts
IPI1:      1687       3442       1961       2377       1810       2577       Function call interrupts
IPI2:         0          0          0          0          0          0       CPU stop interrupts
IPI3:         0          0          0          0          0          0       CPU stop (for crash dump) interrupts
IPI4:       449        597        570        671        516        613       Timer broadcast interrupts
IPI5:        62         39         38         35         52         47       IRQ work interrupts
IPI6:         0          0          0          0          0          0       CPU wake-up interrupts
Err:          0
root@Roc-Rk3399-Pc:~# cat /proc/cpuinfo 
processor	: 0
BogoMIPS	: 48.00
Features	: fp asimd evtstrm aes pmull sha1 sha2 crc32 cpuid
CPU implementer	: 0x41
CPU architecture: 8
CPU variant	: 0x0
CPU part	: 0xd03
CPU revision	: 4

processor	: 1
BogoMIPS	: 48.00
Features	: fp asimd evtstrm aes pmull sha1 sha2 crc32 cpuid
CPU implementer	: 0x41
CPU architecture: 8
CPU variant	: 0x0
CPU part	: 0xd03
CPU revision	: 4

processor	: 2
BogoMIPS	: 48.00
Features	: fp asimd evtstrm aes pmull sha1 sha2 crc32 cpuid
CPU implementer	: 0x41
CPU architecture: 8
CPU variant	: 0x0
CPU part	: 0xd03
CPU revision	: 4

processor	: 3
BogoMIPS	: 48.00
Features	: fp asimd evtstrm aes pmull sha1 sha2 crc32 cpuid
CPU implementer	: 0x41
CPU architecture: 8
CPU variant	: 0x0
CPU part	: 0xd03
CPU revision	: 4

processor	: 4
BogoMIPS	: 48.00
Features	: fp asimd evtstrm aes pmull sha1 sha2 crc32 cpuid
CPU implementer	: 0x41
CPU architecture: 8
CPU variant	: 0x0
CPU part	: 0xd08
CPU revision	: 2

processor	: 5
BogoMIPS	: 48.00
Features	: fp asimd evtstrm aes pmull sha1 sha2 crc32 cpuid
CPU implementer	: 0x41
CPU architecture: 8
CPU variant	: 0x0
CPU part	: 0xd08
CPU revision	: 2

root@Roc-Rk3399-Pc:~# lsmod
Module                  Size  Used by
snd_soc_hdmi_codec     24576  1
aes_ce_blk             32768  0
aes_ce_cipher          16384  1 aes_ce_blk
polyval_ce             16384  0
polyval_generic        16384  1 polyval_ce
ghash_ce               20480  0
gf128mul               16384  2 polyval_generic,ghash_ce
sha2_ce                16384  0
sha256_arm64           24576  1 sha2_ce
sha1_ce                16384  0
snd_soc_simple_card    24576  0
snd_soc_rockchip_i2s    28672  2
snd_soc_simple_card_utils    24576  1 snd_soc_simple_card
leds_gpio              16384  0
snd_soc_core          212992  4 snd_soc_hdmi_codec,snd_soc_simple_card_utils,snd_soc_rockchip_i2s,snd_soc_simple_card
governor_simpleondemand    16384  0
ofpart                 20480  0
rockchip_vdec          40960  0
hantro_vpu            139264  0
gpio_ir_recv           16384  0
snd_pcm_dmaengine      16384  1 snd_soc_core
panfrost               69632  0
v4l2_vp9               24576  2 rockchip_vdec,hantro_vpu
dw_hdmi_i2s_audio      16384  0
rockchip_rga           28672  0
dw_hdmi_cec            16384  0
v4l2_h264              20480  2 rockchip_vdec,hantro_vpu
snd_pcm               114688  4 snd_soc_hdmi_codec,snd_soc_simple_card_utils,snd_soc_core,snd_pcm_dmaengine
videobuf2_dma_contig    24576  2 rockchip_vdec,hantro_vpu
spi_nor                94208  0
snd_timer              40960  1 snd_pcm
videobuf2_dma_sg       20480  1 rockchip_rga
gpu_sched              36864  1 panfrost
v4l2_mem2mem           36864  3 rockchip_vdec,hantro_vpu,rockchip_rga
snd                    98304  4 snd_soc_hdmi_codec,snd_timer,snd_soc_core,snd_pcm
drm_shmem_helper       20480  1 panfrost
mtd                    69632  3 spi_nor,ofpart
soundcore              16384  1 snd
videobuf2_memops       20480  2 videobuf2_dma_contig,videobuf2_dma_sg
dw_wdt                 16384  0
videobuf2_v4l2         24576  4 rockchip_vdec,hantro_vpu,rockchip_rga,v4l2_mem2mem
videobuf2_common       53248  8 rockchip_vdec,videobuf2_dma_contig,videobuf2_v4l2,hantro_vpu,rockchip_rga,videobuf2_dma_sg,v4l2_mem2mem,videobuf2_memops
videodev              225280  6 rockchip_vdec,videobuf2_v4l2,hantro_vpu,rockchip_rga,videobuf2_common,v4l2_mem2mem
nvmem_rockchip_efuse    16384  0
rockchip_saradc        24576  0
mc                     57344  6 rockchip_vdec,videodev,videobuf2_v4l2,hantro_vpu,videobuf2_common,v4l2_mem2mem
industrialio_triggered_buffer    16384  1 rockchip_saradc
kfifo_buf              16384  1 industrialio_triggered_buffer
rockchip_thermal       28672  0
cpufreq_dt             20480  0
evdev                  28672  2
binfmt_misc            24576  1
fuse                  135168  1
loop                   36864  0
efi_pstore             16384  0
dm_mod                139264  0
dax                    32768  1 dm_mod
configfs               49152  1
ip_tables              32768  0
x_tables               36864  1 ip_tables
autofs4                45056  2
ext4                  761856  1
crc16                  16384  1 ext4
mbcache                20480  1 ext4
jbd2                  139264  1 ext4
crc32c_generic         16384  2
xhci_plat_hcd          24576  0
xhci_hcd              258048  1 xhci_plat_hcd
realtek                32768  1
rk808_regulator        40960  11
dwc3                  163840  0
fusb302                36864  0
tcpm                   61440  1 fusb302
rockchipdrm           147456  0
udc_core               57344  1 dwc3
typec                  65536  1 tcpm
ulpi                   20480  1 dwc3
dw_hdmi                49152  2 dw_hdmi_i2s_audio,rockchipdrm
mp8859                 16384  1
fan53555               16384  2
roles                  16384  2 dwc3,tcpm
dwmac_rk               28672  0
cec                    45056  2 dw_hdmi_cec,dw_hdmi
stmmac_platform        24576  1 dwmac_rk
rc_core                53248  4 gpio_ir_recv,cec
stmmac                237568  3 stmmac_platform,dwmac_rk
dw_mipi_dsi            20480  1 rockchipdrm
pwm_regulator          16384  0
crct10dif_ce           16384  0
pcs_xpcs               20480  1 stmmac
analogix_dp            49152  1 rockchipdrm
crct10dif_common       16384  1 crct10dif_ce
fixed                  20480  32
gpio_keys              24576  0
dwc3_of_simple         16384  0
phylink                45056  2 stmmac,pcs_xpcs
of_mdio                20480  2 stmmac_platform,stmmac
drm_display_helper    118784  3 rockchipdrm,dw_hdmi,analogix_dp
ohci_platform          16384  0
phy_rockchip_emmc      16384  1
ohci_hcd               53248  1 ohci_platform
drm_dma_helper         16384  1 rockchipdrm
dw_mmc_rockchip        20480  0
phy_rockchip_inno_usb2    45056  12
dw_mmc_pltfm           16384  1 dw_mmc_rockchip
fixed_phy              16384  1 of_mdio
drm_kms_helper        139264  7 dw_mipi_dsi,drm_dma_helper,drm_display_helper,rockchipdrm,dw_hdmi,analogix_dp
sdhci_of_arasan        32768  1
io_domain              24576  0
phy_rockchip_typec     20480  4
fwnode_mdio            20480  1 of_mdio
sdhci_pltfm            16384  1 sdhci_of_arasan
ehci_platform          20480  0
spi_rockchip           20480  0
ehci_hcd               90112  1 ehci_platform
pl330                  36864  8
pwm_rockchip           16384  2
i2c_rk3x               24576  1
cqhci                  28672  1 sdhci_of_arasan
drm                   442368  11 gpu_sched,drm_kms_helper,dw_mipi_dsi,drm_dma_helper,drm_shmem_helper,drm_display_helper,rockchipdrm,dw_hdmi,panfrost,analogix_dp
usbcore               266240  6 ohci_platform,xhci_hcd,ohci_hcd,ehci_platform,ehci_hcd,xhci_plat_hcd
adc_keys               16384  0
dw_mmc                 45056  2 dw_mmc_pltfm,dw_mmc_rockchip
sdhci                  69632  2 sdhci_pltfm,sdhci_of_arasan
libphy                 98304  7 fwnode_mdio,of_mdio,realtek,stmmac,fixed_phy,phylink,pcs_xpcs
industrialio           77824  4 industrialio_triggered_buffer,adc_keys,kfifo_buf,rockchip_saradc
usb_common             16384  12 ohci_platform,xhci_hcd,ohci_hcd,ehci_platform,phy_rockchip_inno_usb2,fusb302,usbcore,ehci_hcd,xhci_plat_hcd,dwc3,udc_core,tcpm
pwm_bl                 20480  0
root@Roc-Rk3399-Pc:~# uname -a
Linux Roc-Rk3399-Pc 6.1.0-12-arm64 #1 SMP Debian 6.1.52-1 (2023-09-07) aarch64 GNU/Linux
root@Roc-Rk3399-Pc:~# 
logout

Debian GNU/Linux 12 Roc-Rk3399-Pc ttyS2

Roc-Rk3399-Pc login: 