

U-Boot 2021.01+dfsg-5 (May 23 2021 - 04:32:45 +0000) for ODROID-XU3/XU4/HC1/HC2

CPU:   Exynos5422 @ 800 MHz
DRAM:  2 GiB
MMC:   EXYNOS DWMMC: 0, EXYNOS DWMMC: 2
Loading Environment from MMC... *** Warning - bad CRC, using default environment

In:    serial
Out:   serial
Err:   serial
Model: Odroid XU3/XU4/HC1/HC2 based on Exynos5422
Type:  hc1
Boot device: MMC(2)
Net:   No ethernet found.
Hit any key to stop autoboot:  2  1  0 
switch to partitions #0, OK
mmc2 is current device
Scanning mmc 2:1...
Found U-Boot script /boot/boot.scr
2972 bytes read in 22 ms (131.8 KiB/s)
## Executing script at 50000000
5403136 bytes read in 353 ms (14.6 MiB/s)
61047 bytes read in 29 ms (2 MiB/s)
24520065 bytes read in 1536 ms (15.2 MiB/s)
Booting Debian 6.1.0-0.deb11.11-armmp-lpae from mmc 2:1...
Kernel image @ 0x42000000 [ 0x000000 - 0x527200 ]
## Flattened Device Tree blob at 43000000
   Booting using the fdt blob at 0x43000000
   Loading Ramdisk to 4e89d000, end 4ffff581 ... OK
   Loading Device Tree to 4e88b000, end 4e89ce76 ... OK

Starting kernel ...

[    0.000000] Booting Linux on physical CPU 0x100
[    0.000000] Linux version 6.1.0-0.deb11.11-armmp-lpae (debian-kernel@lists.debian.org) (gcc-10 (Debian 10.2.1-6) 10.2.1 20210110, GNU ld (GNU Binutils for Debian) 2.35.2) #1 SMP Debian 6.1.38-4~bpo11+1 (2023-08-08)
[    0.000000] CPU: ARMv7 Processor [410fc073] revision 3 (ARMv7), cr=30c5387d
[    0.000000] CPU: div instructions available: patching division code
[    0.000000] CPU: PIPT / VIPT nonaliasing data cache, VIPT aliasing instruction cache
[    0.000000] OF: fdt: Machine model: Hardkernel Odroid HC1
[    0.000000] Memory policy: Data cache writealloc
[    0.000000] efi: UEFI not found.
[    0.000000] cma: Reserved 16 MiB at 0x00000000bda00000
[    0.000000] Samsung CPU ID: 0xe5422001
[    0.000000] Zone ranges:
[    0.000000]   DMA      [mem 0x0000000040000000-0x000000006fffffff]
[    0.000000]   Normal   empty
[    0.000000]   HighMem  [mem 0x0000000070000000-0x00000000be9fffff]
[    0.000000] Movable zone start for each node
[    0.000000] Early memory node ranges
[    0.000000]   node   0: [mem 0x0000000040000000-0x00000000be9fffff]
[    0.000000] Initmem setup node 0 [mem 0x0000000040000000-0x00000000be9fffff]
[    0.000000] Running under secure firmware.
[    0.000000] percpu: Embedded 18 pages/cpu s41684 r8192 d23852 u73728
[    0.000000] Built 1 zonelists, mobility grouping on.  Total pages: 516928
[    0.000000] Kernel command line:   console=ttySAC2,115200n8 root=UUID=d41217ce-dfb7-4322-9cd6-8b08fe8709f1 net.ifnames=0
[    0.000000] Dentry cache hash table entries: 131072 (order: 7, 524288 bytes, linear)
[    0.000000] Inode-cache hash table entries: 65536 (order: 6, 262144 bytes, linear)
[    0.000000] mem auto-init: stack:off, heap alloc:on, heap free:off
[    0.000000] Memory: 1993816K/2074624K available (12288K kernel code, 1709K rwdata, 3592K rodata, 2048K init, 384K bss, 64424K reserved, 16384K cma-reserved, 1271808K highmem)
[    0.000000] SLUB: HWalign=64, Order=0-3, MinObjects=0, CPUs=8, Nodes=1
[    0.000000] ftrace: allocating 39817 entries in 117 pages
[    0.000000] ftrace: allocated 117 pages with 5 groups
[    0.000000] trace event string verifier disabled
[    0.000000] rcu: Hierarchical RCU implementation.
[    0.000000] 	Rude variant of Tasks RCU enabled.
[    0.000000] 	Tracing variant of Tasks RCU enabled.
[    0.000000] rcu: RCU calculated value of scheduler-enlistment delay is 25 jiffies.
[    0.000000] NR_IRQS: 16, nr_irqs: 16, preallocated irqs: 16
[    0.000000] GIC: Using split EOI/Deactivate mode
[    0.000000] rcu: srcu_init: Setting srcu_struct sizes based on contention.
[    0.000000] Switching to timer-based delay loop, resolution 41ns
[    0.000000] clocksource: mct-frc: mask: 0xffffffff max_cycles: 0xffffffff, max_idle_ns: 79635851949 ns
[    0.000002] sched_clock: 32 bits at 24MHz, resolution 41ns, wraps every 89478484971ns
[    0.000031] genirq: irq_chip COMBINER did not update eff. affinity mask of irq 57
[    0.005657] arch_timer: cp15 timer(s) running at 24.00MHz (phys).
[    0.005681] clocksource: arch_sys_counter: mask: 0xffffffffffffff max_cycles: 0x588fe9dc0, max_idle_ns: 440795202592 ns
[    0.005701] sched_clock: 56 bits at 24MHz, resolution 41ns, wraps every 4398046511097ns
[    0.005717] Ignoring duplicate/late registration of read_current_timer delay
[    0.008388] Console: colour dummy device 80x30
[    0.008470] Calibrating delay loop (skipped), value calculated using timer frequency.. 48.00 BogoMIPS (lpj=96000)
[    0.008491] CPU: Testing write buffer coherency: ok
[    0.008572] pid_max: default: 32768 minimum: 301
[    0.009225] LSM: Security Framework initializing
[    0.009406] landlock: Up and running.
[    0.009412] Yama: disabled by default; enable with sysctl kernel.yama.*
[    0.009711] AppArmor: AppArmor initialized
[    0.009728] TOMOYO Linux initialized
[    0.009781] LSM support for eBPF active
[    0.010198] Mount-cache hash table entries: 2048 (order: 1, 8192 bytes, linear)
[    0.010226] Mountpoint-cache hash table entries: 2048 (order: 1, 8192 bytes, linear)
[    0.013187] CPU0: thread -1, cpu 0, socket 1, mpidr 80000100
[    0.014743] cblist_init_generic: Setting adjustable number of callback queues.
[    0.014763] cblist_init_generic: Setting shift to 3 and lim to 1.
[    0.014946] cblist_init_generic: Setting shift to 3 and lim to 1.
[    0.015243] Setting up static identity map for 0x40400000 - 0x404000ac
[    0.015634] ARM CCI driver probed
[    0.016249] Exynos MCPM support installed
[    0.018584] rcu: Hierarchical SRCU implementation.
[    0.018591] rcu: 	Max phase no-delay instances is 1000.
[    0.022659] EFI services will not be available.
[    0.023890] smp: Bringing up secondary CPUs ...
[    0.025344] CPU1: thread -1, cpu 1, socket 1, mpidr 80000101
[    0.026944] CPU2: thread -1, cpu 2, socket 1, mpidr 80000102
[    0.028459] CPU3: thread -1, cpu 3, socket 1, mpidr 80000103
[    0.029962] CPU4: thread -1, cpu 0, socket 0, mpidr 80000000
[    0.029980] CPU4: Spectre v2: using ICIALLU workaround
[    0.029991] CPU4: Spectre BHB: enabling loop workaround for all CPUs
[    0.031729] CPU5: thread -1, cpu 1, socket 0, mpidr 80000001
[    0.031744] CPU5: Spectre v2: using ICIALLU workaround
[    0.033225] CPU6: thread -1, cpu 2, socket 0, mpidr 80000002
[    0.033240] CPU6: Spectre v2: using ICIALLU workaround
[    0.034910] CPU7: thread -1, cpu 3, socket 0, mpidr 80000003
[    0.034926] CPU7: Spectre v2: using ICIALLU workaround
[    0.035155] smp: Brought up 1 node, 8 CPUs
[    0.035176] SMP: Total of 8 processors activated (384.00 BogoMIPS).
[    0.035188] CPU: All CPU(s) started in HYP mode.
[    0.035193] CPU: Virtualization extensions available.
[    0.038711] devtmpfs: initialized
[    0.060320] VFP support v0.3: implementor 41 architecture 4 part 30 variant f rev 0
[    0.060636] clocksource: jiffies: mask: 0xffffffff max_cycles: 0xffffffff, max_idle_ns: 7645041785100000 ns
[    0.060695] futex hash table entries: 2048 (order: 5, 131072 bytes, linear)
[    0.061625] pinctrl core: initialized pinctrl subsystem
[    0.062696] DMI not present or invalid.
[    0.063665] NET: Registered PF_NETLINK/PF_ROUTE protocol family
[    0.066418] DMA: preallocated 256 KiB pool for atomic coherent allocations
[    0.068969] audit: initializing netlink subsys (disabled)
[    0.069360] audit: type=2000 audit(0.064:1): state=initialized audit_enabled=0 res=1
[    0.071168] thermal_sys: Registered thermal governor 'fair_share'
[    0.071177] thermal_sys: Registered thermal governor 'bang_bang'
[    0.071184] thermal_sys: Registered thermal governor 'step_wise'
[    0.071191] thermal_sys: Registered thermal governor 'user_space'
[    0.071199] thermal_sys: Registered thermal governor 'power_allocator'
[    0.071368] No ATAGs?
[    0.071695] hw-breakpoint: found 5 (+1 reserved) breakpoint and 4 watchpoint registers.
[    0.071707] hw-breakpoint: maximum watchpoint size is 8 bytes.
[    0.073407] Serial: AMBA PL011 UART driver
[    0.136679] EXYNOS5420 PMU initialized
[    0.162020] kprobes: kprobe jump-optimization is enabled. All kprobes are optimized if possible.
[    0.163112] HugeTLB: registered 2.00 MiB page size, pre-allocated 0 pages
[    0.163121] HugeTLB: 0 KiB vmemmap can be freed for a 2.00 MiB page
[    0.171530] iommu: Default domain type: Translated 
[    0.171539] iommu: DMA domain TLB invalidation policy: strict mode 
[    0.175374] NetLabel: Initializing
[    0.175381] NetLabel:  domain hash size = 128
[    0.175389] NetLabel:  protocols = UNLABELED CIPSOv4 CALIPSO
[    0.175462] NetLabel:  unlabeled traffic allowed by default
[    0.175709] vgaarb: loaded
[    0.199998] clocksource: Switched to clocksource mct-frc
[    0.315377] VFS: Disk quotas dquot_6.6.0
[    0.315490] VFS: Dquot-cache hash table entries: 1024 (order 0, 4096 bytes)
[    0.316909] AppArmor: AppArmor Filesystem Enabled
[    0.334203] NET: Registered PF_INET protocol family
[    0.334482] IP idents hash table entries: 16384 (order: 5, 131072 bytes, linear)
[    0.336472] tcp_listen_portaddr_hash hash table entries: 512 (order: 0, 4096 bytes, linear)
[    0.336593] Table-perturb hash table entries: 65536 (order: 6, 262144 bytes, linear)
[    0.336637] TCP established hash table entries: 8192 (order: 3, 32768 bytes, linear)
[    0.336818] TCP bind hash table entries: 8192 (order: 5, 131072 bytes, linear)
[    0.337108] TCP: Hash tables configured (established 8192 bind 8192)
[    0.337424] MPTCP token hash table entries: 1024 (order: 2, 16384 bytes, linear)
[    0.337524] UDP hash table entries: 512 (order: 2, 16384 bytes, linear)
[    0.337574] UDP-Lite hash table entries: 512 (order: 2, 16384 bytes, linear)
[    0.337880] NET: Registered PF_UNIX/PF_LOCAL protocol family
[    0.337926] NET: Registered PF_XDP protocol family
[    0.337940] PCI: CLS 0 bytes, default 64
[    0.338634] Trying to unpack rootfs image as initramfs...
[    0.340251] hw perfevents: enabled with armv7_cortex_a7 PMU driver, 5 counters available
[    0.341489] hw perfevents: enabled with armv7_cortex_a15 PMU driver, 7 counters available
[    0.344529] Initialise system trusted keyrings
[    0.344620] Key type blacklist registered
[    0.344939] workingset: timestamp_bits=14 max_order=19 bucket_order=5
[    0.355929] zbud: loaded
[    0.360256] integrity: Platform Keyring initialized
[    0.360295] integrity: Machine keyring initialized
[    0.360306] Key type asymmetric registered
[    0.360315] Asymmetric key parser 'x509' registered
[    1.947265] Freeing initrd memory: 23948K
[    1.987635] alg: self-tests for CTR-KDF (hmac(sha256)) passed
[    1.988080] bounce: pool size: 64 pages
[    1.988334] Block layer SCSI generic (bsg) driver version 0.4 loaded (major 250)
[    1.988575] io scheduler mq-deadline registered
[    2.032562] dma-pl330 3880000.dma-controller: Loaded driver for PL330 DMAC-241330
[    2.032576] dma-pl330 3880000.dma-controller: 	DBUFF-4x8bytes Num_Chans-6 Num_Peri-16 Num_Events-6
[    2.036062] dma-pl330 121a0000.dma-controller: Loaded driver for PL330 DMAC-241330
[    2.036075] dma-pl330 121a0000.dma-controller: 	DBUFF-32x4bytes Num_Chans-8 Num_Peri-32 Num_Events-32
[    2.039401] dma-pl330 121b0000.dma-controller: Loaded driver for PL330 DMAC-241330
[    2.039413] dma-pl330 121b0000.dma-controller: 	DBUFF-32x4bytes Num_Chans-8 Num_Peri-32 Num_Events-32
[    2.040664] dma-pl330 10800000.dma-controller: Loaded driver for PL330 DMAC-241330
[    2.040676] dma-pl330 10800000.dma-controller: 	DBUFF-64x8bytes Num_Chans-8 Num_Peri-1 Num_Events-32
[    2.049674] Serial: 8250/16550 driver, 5 ports, IRQ sharing enabled
[    2.054174] Serial: AMBA driver
[    2.054462] 12c00000.serial: ttySAC0 at MMIO 0x12c00000 (irq = 104, base_baud = 0) is a S3C6400/10
[    2.055173] 12c10000.serial: ttySAC1 at MMIO 0x12c10000 (irq = 105, base_baud = 0) is a S3C6400/10
[    2.055904] 12c20000.serial: ttySAC2 at MMIO 0x12c20000 (irq = 106, base_baud = 0) is a S3C6400/10
[    2.059064] dma-pl330 3880000.dma-controller: PM domain MAU will not be powered off
[    3.025823] printk: console [ttySAC2] enabled
[    3.030883] 12c30000.serial: ttySAC3 at MMIO 0x12c30000 (irq = 107, base_baud = 0) is a S3C6400/10
[    3.043030] STM32 USART driver initialized
[    3.050574] mousedev: PS/2 mouse device common for all mice
[    3.067035] ledtrig-cpu: registered to indicate activity on CPUs
[    3.077793] NET: Registered PF_INET6 protocol family
[    3.112380] Segment Routing with IPv6
[    3.114636] In-situ OAM (IOAM) with IPv6
[    3.118597] mip6: Mobile IPv6
[    3.121472] NET: Registered PF_PACKET protocol family
[    3.126678] mpls_gso: MPLS GSO support
[    3.130960] ThumbEE CPU extension supported.
[    3.134451] Registering SWP/SWPB emulation handler
[    3.140764] registered taskstats version 1
[    3.143423] Loading compiled-in X.509 certificates
[    3.741282] Loaded X.509 cert 'Debian Secure Boot CA: 6ccece7e4c6c0d1f6149f3dd27dfcc5cbb419ea1'
[    3.748629] Loaded X.509 cert 'Debian Secure Boot Signer 2022 - linux: 14011249c2675ea8e5148542202005810584b25f'
[    3.766337] zswap: loaded using pool lzo/zbud
[    3.770500] Key type .fscrypt registered
[    3.773150] Key type fscrypt-provisioning registered
[    3.811153] Key type encrypted registered
[    3.813730] AppArmor: AppArmor sha1 policy hashing enabled
[    3.819205] ima: No TPM chip found, activating TPM-bypass!
[    3.824673] ima: Allocated hash algorithm: sha256
[    3.829349] ima: No architecture policies found
[    3.833915] evm: Initialising EVM extended attributes:
[    3.838929] evm: security.selinux
[    3.842219] evm: security.SMACK64 (disabled)
[    3.846465] evm: security.SMACK64EXEC (disabled)
[    3.851058] evm: security.SMACK64TRANSMUTE (disabled)
[    3.856090] evm: security.SMACK64MMAP (disabled)
[    3.860676] evm: security.apparmor
[    3.864056] evm: security.ima
[    3.866981] evm: security.capability
[    3.870555] evm: HMAC attrs: 0x1
[    4.693541] Freeing unused kernel image (initmem) memory: 2048K
[    4.704717] Checked W+X mappings: passed, no W+X pages found
[    4.708938] Run /init as init process
Loading, please wait...
Starting version 247.3-7+deb11u4
[    5.493758] exynos5_usb3drd_phy 12100000.phy: supply vbus not found, using dummy regulator
[    5.508648] exynos5_usb3drd_phy 12100000.phy: supply vbus-boost not found, using dummy regulator
[    5.509128] samsung-usb2-phy 12130000.phy: supply vbus not found, using dummy regulator
[    5.520524] usbcore: registered new interface driver usbfs
[    5.520713] exynos5_usb3drd_phy 12500000.phy: supply vbus not found, using dummy regulator
[    5.540737] exynos5_usb3drd_phy 12500000.phy: supply vbus-boost not found, using dummy regulator
[    5.547390] usbcore: registered new interface driver hub
[    5.555875] usbcore: registered new device driver usb
[    5.566130] Synopsys Designware Multimedia Card Interface Driver
[    5.593184] phy phy-12130000.phy.2: phy_power_on was called before phy_init
[    5.598710] exynos-ehci 12110000.usb: EHCI Host Controller
[    5.604215] exynos-ehci 12110000.usb: new USB bus registered, assigned bus number 1
[    5.605757] phy phy-12130000.phy.2: phy_power_on was called before phy_init
[    5.618757] exynos-ohci 12120000.usb: USB Host Controller
[    5.627169] exynos-ohci 12120000.usb: new USB bus registered, assigned bus number 2
[    5.637224] exynos-ehci 12110000.usb: irq 109, io mem 0x12110000
[    5.642145] exynos-ohci 12120000.usb: irq 109, io mem 0x12120000
[    5.656060] exynos-ehci 12110000.usb: USB 2.0 started, EHCI 1.00
[    5.660995] usb usb1: New USB device found, idVendor=1d6b, idProduct=0002, bcdDevice= 6.01
[    5.668859] usb usb1: New USB device strings: Mfr=3, Product=2, SerialNumber=1
[    5.676049] usb usb1: Product: EHCI Host Controller
[    5.677366] s5m-rtc s2mps14-rtc: registered as rtc0
[    5.680897] usb usb1: Manufacturer: Linux 6.1.0-0.deb11.11-armmp-lpae ehci_hcd
[    5.680910] usb usb1: SerialNumber: 12110000.usb
[    5.699568] s5m-rtc s2mps14-rtc: setting system clock to 2000-01-01T00:00:24 UTC (946684824)
[    5.724661] hub 1-0:1.0: USB hub found
[    5.727052] hub 1-0:1.0: 3 ports detected
[    5.732555] dwmmc_exynos 12220000.mmc: IDMAC supports 32-bit address mode.
[    5.732966] usb usb2: New USB device found, idVendor=1d6b, idProduct=0001, bcdDevice= 6.01
[    5.746242] usb usb2: New USB device strings: Mfr=3, Product=2, SerialNumber=1
[    5.753440] usb usb2: Product: USB Host Controller
[    5.757474] s2mps11-clk s2mps11-clk: DMA mask not set
[    5.758190] usb usb2: Manufacturer: Linux 6.1.0-0.deb11.11-armmp-lpae ohci_hcd
[    5.770408] usb usb2: SerialNumber: 12120000.usb
[    5.775358] dwmmc_exynos 12220000.mmc: Using internal DMA controller.
[    5.776880] hub 2-0:1.0: USB hub found
[    5.781644] dwmmc_exynos 12220000.mmc: Version ID is 250a
[    5.785252] hub 2-0:1.0: 3 ports detected
[    5.790576] dwmmc_exynos 12220000.mmc: DW MMC controller at irq 112,64 bit host data width,64 deep fifo
[    5.790958] vddq_mmc2: Bringing 3300000uV into 2800000-2800000uV
[    5.804872] exynos-tmu 100a0000.tmu: More trip points than supported by this TMU.
[    5.812047] vdd_sd: Bringing 3300000uV into 2800000-2800000uV
[    5.817334] exynos-tmu 100a0000.tmu: 3 trip points should be configured in polling mode.
[    5.855794] dwmmc_exynos 12220000.mmc: IDMAC supports 32-bit address mode.
[    5.862577] dwmmc_exynos 12220000.mmc: Using internal DMA controller.
[    5.867657] dwmmc_exynos 12220000.mmc: Version ID is 250a
[    5.873078] dwmmc_exynos 12220000.mmc: DW MMC controller at irq 112,64 bit host data width,64 deep fifo
[    5.899570] mmc_host mmc0: Bus speed (slot 0) = 50000000Hz (slot req 400000Hz, actual 396825HZ div = 63)
[    5.944105] xhci-hcd xhci-hcd.7.auto: xHCI Host Controller
[    5.948174] xhci-hcd xhci-hcd.7.auto: new USB bus registered, assigned bus number 3
[    5.957067] xhci-hcd xhci-hcd.7.auto: hcc params 0x0220f04c hci version 0x100 quirks 0x0000000002010010
[    5.965259] xhci-hcd xhci-hcd.7.auto: irq 118, io mem 0x12000000
[    5.972776] xhci-hcd xhci-hcd.7.auto: xHCI Host Controller
[    5.976886] xhci-hcd xhci-hcd.7.auto: new USB bus registered, assigned bus number 4
[    5.984487] xhci-hcd xhci-hcd.7.auto: Host supports USB 3.0 SuperSpeed
[    5.991195] usb usb3: New USB device found, idVendor=1d6b, idProduct=0002, bcdDevice= 6.01
[    5.999195] usb usb3: New USB device strings: Mfr=3, Product=2, SerialNumber=1
[    6.006381] usb usb3: Product: xHCI Host Controller
[    6.006578] mmc_host mmc0: Bus speed (slot 0) = 200000000Hz (slot req 200000000Hz, actual 200000000HZ div = 0)
[    6.011227] usb usb3: Manufacturer: Linux 6.1.0-0.deb11.11-armmp-lpae xhci-hcd
[    6.011237] usb usb3: SerialNumber: xhci-hcd.7.auto
[    6.024562] mmc0: new ultra high speed SDR104 SDHC card at address aaaa
[    6.029389] hub 3-0:1.0: USB hub found
[    6.035084] mmcblk0: mmc0:aaaa SC16G 14.8 GiB 
[    6.039874] hub 3-0:1.0: 1 port detected
[    6.050977]  mmcblk0: p1
[    6.052714] usb usb4: We don't know the algorithms for LPM for this host, disabling LPM.
[    6.062637] usb usb4: New USB device found, idVendor=1d6b, idProduct=0003, bcdDevice= 6.01
[    6.070689] usb usb4: New USB device strings: Mfr=3, Product=2, SerialNumber=1
[    6.077881] usb usb4: Product: xHCI Host Controller
[    6.082724] usb usb4: Manufacturer: Linux 6.1.0-0.deb11.11-armmp-lpae xhci-hcd
[    6.089913] usb usb4: SerialNumber: xhci-hcd.7.auto
[    6.095939] hub 4-0:1.0: USB hub found
[    6.098517] hub 4-0:1.0: 1 port detected
[    6.103582] xhci-hcd xhci-hcd.8.auto: xHCI Host Controller
[    6.107881] xhci-hcd xhci-hcd.8.auto: new USB bus registered, assigned bus number 5
[    6.117059] xhci-hcd xhci-hcd.8.auto: hcc params 0x0220f04c hci version 0x100 quirks 0x0000000002010010
[    6.125156] xhci-hcd xhci-hcd.8.auto: irq 119, io mem 0x12400000
[    6.131381] xhci-hcd xhci-hcd.8.auto: xHCI Host Controller
[    6.136455] xhci-hcd xhci-hcd.8.auto: new USB bus registered, assigned bus number 6
[    6.144085] xhci-hcd xhci-hcd.8.auto: Host supports USB 3.0 SuperSpeed
[    6.150800] usb usb5: New USB device found, idVendor=1d6b, idProduct=0002, bcdDevice= 6.01
[    6.158809] usb usb5: New USB device strings: Mfr=3, Product=2, SerialNumber=1
[    6.165990] usb usb5: Product: xHCI Host Controller
[    6.170836] usb usb5: Manufacturer: Linux 6.1.0-0.deb11.11-armmp-lpae xhci-hcd
[    6.178029] usb usb5: SerialNumber: xhci-hcd.8.auto
[    6.183871] hub 5-0:1.0: USB hub found
[    6.186665] hub 5-0:1.0: 1 port detected
[    6.191198] usb usb6: We don't know the algorithms for LPM for this host, disabling LPM.
[    6.198756] usb usb6: New USB device found, idVendor=1d6b, idProduct=0003, bcdDevice= 6.01
[    6.206805] usb usb6: New USB device strings: Mfr=3, Product=2, SerialNumber=1
[    6.214014] usb usb6: Product: xHCI Host Controller
[    6.218847] usb usb6: Manufacturer: Linux 6.1.0-0.deb11.11-armmp-lpae xhci-hcd
[    6.226038] usb usb6: SerialNumber: xhci-hcd.8.auto
[    6.231888] hub 6-0:1.0: USB hub found
[    6.234663] hub 6-0:1.0: 1 port detected
Begin: Loading essential drivers ... done.
Begin: Running /scripts/init-premount ... done.
Begin: Mounting root file system ... Begin: Running /scripts/local-top ... done.
Begin: Running /scripts/local-premount ... done.
Begin: Will now check root file system ... fsck from util-linux 2.36.1
[/sbin/fsck.ext4 (1) -- /dev/mmcblk0p1] fsck.ext4 -a -C0 /dev/mmcblk0p1 
/dev/mmcblk0p1: clean, 17095/196608 files, 159349/785920 blocks
done.
[    6.616356] usb 4-1: new SuperSpeed USB device number 2 using xhci-hcd
[    6.641516] usb 4-1: New USB device found, idVendor=152d, idProduct=0578, bcdDevice=31.01
[    6.648252] usb 4-1: New USB device strings: Mfr=1, Product=2, SerialNumber=3
[    6.655346] usb 4-1: Product: USB to SATA bridge
[    6.656348] EXT4-fs (mmcblk0p1): mounted filesystem with ordered data mode. Quota mode: none.
[    6.659940] usb 4-1: Manufacturer: JMicron
[    6.672504] usb 4-1: SerialNumber: DB00000000013B
done.
Begin: Running /scripts/local-bottom ... done.
Begin: Running /scripts/init-bottom ... [    6.699528] SCSI subsystem initialized
[    6.706162] usbcore: registered new interface driver usb-storage
done.
[    6.773154] scsi host0: uas
[    6.775378] usbcore: registered new interface driver uas
[    6.776140] scsi 0:0:0:0: Direct-Access     JMicron                   3101 PQ: 0 ANSI: 6
[    6.948623] Not activating Mandatory Access Control as /sbin/tomoyo-init does not exist.
[    7.151666] systemd[1]: System time before build time, advancing clock.
[    7.200736] systemd[1]: Inserted module 'autofs4'
[    7.226080] usb 6-1: new SuperSpeed USB device number 2 using xhci-hcd
[    7.249004] usb 6-1: New USB device found, idVendor=0bda, idProduct=8153, bcdDevice=30.00
[    7.255734] usb 6-1: New USB device strings: Mfr=1, Product=2, SerialNumber=6
[    7.262861] usb 6-1: Product: USB 10/100/1000 LAN
[    7.267530] usb 6-1: Manufacturer: Realtek
[    7.267541] usb 6-1: SerialNumber: 000001000000
[    7.288134] systemd[1]: systemd 247.3-7+deb11u4 running in system mode. (+PAM +AUDIT +SELINUX +IMA +APPARMOR +SMACK +SYSVINIT +UTMP +LIBCRYPTSETUP +GCRYPT +GNUTLS +ACL +XZ +LZ4 +ZSTD +SECCOMP +BLKID +ELFUTILS +KMOD +IDN2 -IDN +PCRE2 default-hierarchy=unified)
[    7.311212] systemd[1]: Detected architecture arm.

Welcome to Debian GNU/Linux 11 (bullseye)!

[    7.334911] systemd[1]: Set hostname to <OdroidHC1>.
[    7.917667] systemd[1]: Queued start job for default target Graphical Interface.
[    8.620004] random: crng init done
[    8.651222] systemd[1]: Created slice system-getty.slice.
[  OK  ] Created slice system-getty.slice.
[    8.673827] systemd[1]: Created slice system-modprobe.slice.
[  OK  ] Created slice system-modprobe.slice.
[    8.697751] systemd[1]: Created slice system-serial\x2dgetty.slice.
[  OK  ] Created slice system-serial\x2dgetty.slice.
[    8.720578] systemd[1]: Started Dispatch Password Requests to Console Directory Watch.
[  OK  ] Started Dispatch Password …ts to Console Directory Watch.
[    8.744489] systemd[1]: Started Forward Password Requests to Wall Directory Watch.
[  OK  ] Started Forward Password R…uests to Wall Directory Watch.
[    8.769105] systemd[1]: Set up automount Arbitrary Executable File Formats File System Automount Point.
[  OK  ] Set up automount Arbitrary…s File System Automount Point.
[    8.796326] systemd[1]: Reached target Local Encrypted Volumes.
[  OK  ] Reached target Local Encrypted Volumes.
[    8.820362] systemd[1]: Reached target Paths.
[  OK  ] Reached target Paths.
[    8.840200] systemd[1]: Reached target Remote File Systems.
[  OK  ] Reached target Remote File Systems.
[    8.860166] systemd[1]: Reached target Slices.
[  OK  ] Reached target Slices.
[    8.880217] systemd[1]: Reached target Swap.
[  OK  ] Reached target Swap.
[    8.896847] systemd[1]: Listening on Syslog Socket.
[  OK  ] Listening on Syslog Socket.
[    8.916752] systemd[1]: Listening on fsck to fsckd communication Socket.
[  OK  ] Listening on fsck to fsckd communication Socket.
[    8.940484] systemd[1]: Listening on initctl Compatibility Named Pipe.
[  OK  ] Listening on initctl Compatibility Named Pipe.
[    8.965013] systemd[1]: Listening on Journal Audit Socket.
[  OK  ] Listening on Journal Audit Socket.
[    8.984721] systemd[1]: Listening on Journal Socket (/dev/log).
[  OK  ] Listening on Journal Socket (/dev/log).
[    9.008901] systemd[1]: Listening on Journal Socket.
[  OK  ] Listening on Journal Socket.
[    9.029080] systemd[1]: Listening on udev Control Socket.
[  OK  ] Listening on udev Control Socket.
[    9.048764] systemd[1]: Listening on udev Kernel Socket.
[  OK  ] Listening on udev Kernel Socket.
[    9.068182] systemd[1]: Reached target Sockets.
[  OK  ] Reached target Sockets.
[    9.112452] systemd[1]: Mounting Huge Pages File System...
         Mounting Huge Pages File System...
[    9.137784] systemd[1]: Mounting POSIX Message Queue File System...
         Mounting POSIX Message Queue File System...
[    9.180514] systemd[1]: Mounting Kernel Debug File System...
         Mounting Kernel Debug File System...
[    9.205666] systemd[1]: Mounting Kernel Trace File System...
         Mounting Kernel Trace File System...
[    9.234350] systemd[1]: Starting Create list of static device nodes for the current kernel...
         Starting Create list of st…odes for the current kernel...
[    9.265963] systemd[1]: Starting Load Kernel Module configfs...
         Starting Load Kernel Module configfs...
[    9.294063] systemd[1]: Starting Load Kernel Module fuse...
         Starting Load Kernel Module fuse...
[    9.321683] systemd[1]: Condition check resulted in Set Up Additional Binary Formats being skipped.
[    9.329604] systemd[1]: Condition check resulted in File System Check on Root Device being skipped.
[    9.332574] fuse: init (API version 7.37)
[    9.373026] systemd[1]: Starting Journal Service...
         Starting Journal Service...
[    9.402304] systemd[1]: Starting Load Kernel Modules...
         Starting Load Kernel Modules...
[    9.426502] systemd[1]: Starting Remount Root and Kernel File Systems...
         Starting Remount Root and Kernel File Systems...
[    9.454379] systemd[1]: Starting Coldplug All udev Devices...
         Starting Coldplug All udev Devices...
[    9.491089] systemd[1]: Mounted Huge Pages File System.
[    9.493563] EXT4-fs (mmcblk0p1): re-mounted. Quota mode: none.
[  OK  ] Mounted Huge Pages File System.
[    9.520638] systemd[1]: Mounted POSIX Message Queue File System.
[  OK  ] Mounted POSIX Message Queue File System.
[    9.544834] systemd[1]: Mounted Kernel Debug File System.
[  OK  ] Mounted Kernel Debug File System.
[    9.564815] systemd[1]: Mounted Kernel Trace File System.
[  OK  ] Mounted Kernel Trace File System.
[    9.587040] systemd[1]: Finished Create list of static device nodes for the current kernel.
[  OK  ] Finished Create list of st… nodes for the current kernel.
[    9.614413] systemd[1]: modprobe@configfs.service: Succeeded.
[    9.621641] systemd[1]: Finished Load Kernel Module configfs.
[  OK  ] Finished Load Kernel Module configfs.
[    9.646114] systemd[1]: modprobe@fuse.service: Succeeded.
[    9.652474] systemd[1]: Finished Load Kernel Module fuse.
[  OK  ] Finished Load Kernel Module fuse.
[    9.673585] systemd[1]: Started Journal Service.
[  OK  ] Started Journal Service.
[  OK  ] Finished Load Kernel Modules.
[  OK  ] Finished Remount Root and Kernel File Systems.
         Mounting FUSE Control File System...
         Mounting Kernel Configuration File System...
         Starting Flush Journal to Persistent Storage...
         Starting Load/Save Random Seed...
         Starting Apply Kernel Variables...
[    9.857171] systemd-journald[234]: Received client request to flush runtime journal.
         Starting Create System Users...
[  OK  ] Mounted FUSE Control File System.
[  OK  ] Mounted Kernel Configuration File System.
[  OK  ] Finished Load/Save Random Seed.
[  OK  ] Finished Apply Kernel Variables.
[  OK  ] Finished Flush Journal to Persistent Storage.
[  OK  ] Finished Create System Users.
         Starting Create Static Device Nodes in /dev...
[  OK  ] Finished Create Static Device Nodes in /dev.
[  OK  ] Reached target Local File Systems (Pre).
[  OK  ] Reached target Local File Systems.
         Starting Load AppArmor profiles...
         Starting Create Volatile Files and Directories...
         Starting Rule-based Manage…for Device Events and Files...
[  OK  ] Finished Coldplug All udev Devices.
         Starting Helper to synchronize boot up for ifupdown...
[  OK  ] Finished Create Volatile Files and Directories.
[  OK  ] Finished Helper to synchronize boot up for ifupdown.
         Starting Update UTMP about System Boot/Shutdown...
[  OK  ] Started Rule-based Manager for Device Events and Files.
[  OK  ] Finished Update UTMP about System Boot/Shutdown.
[   10.794715] audit: type=1400 audit(1687100157.640:2): apparmor="STATUS" operation="profile_load" profile="unconfined" name="lsb_release" pid=263 comm="apparmor_parser"
[   10.850191] audit: type=1400 audit(1687100157.696:3): apparmor="STATUS" operation="profile_load" profile="unconfined" name="nvidia_modprobe" pid=264 comm="apparmor_parser"
[   10.864240] audit: type=1400 audit(1687100157.700:4): apparmor="STATUS" operation="profile_load" profile="unconfined" name="nvidia_modprobe//kmod" pid=264 comm="apparmor_parser"
[  OK  ] Finished Load AppArmor profiles.
[  OK  ] Reached target System Initialization.
[   10.919652] cpu cpu0: EM: created perf domain
[  OK  ] Started Daily apt download activities.
[  OK  ] Started Daily apt upgrade and clean activities.
[   10.966150] cpu cpu4: EM: created perf domain
[  OK  ] Started Periodic ext4 Onli…ata Check for All Filesystems.
[  OK     10.994205] exynos-trng 10830600.rng: Exynos True Random Number Generator.
0m] Started    11.001744] s3c2410-wdt 101d0000.watchdog: watchdog inactive, reset disabled, irq disabled
0;1;39mDiscard unused blocks once a week.
[   11.019242] exynos-chipid 10000000.chipid: cpu0 opp0, freq: 1500 missing
[   11.024606] exynos-chipid 10000000.chipid: cpu4 opp0, freq: 2100 missing
[   11.031306] exynos-chipid 10000000.chipid: Exynos: CPU[EXYNOS5800] PRO_ID[0xe5422000] REV[0x1] Detected
[  OK  ] Started    11.051085] panfrost 11800000.gpu: clock rate = 400000000
0;1;39mDaily rotation of log files.
[  OK  ] Started Daily Cleanup of Temporary Directories.
[  OK  ] Reached target [   11.087227] panfrost 11800000.gpu: mali-t620 id 0x620 major 0x0 minor 0x1 status 0x0
[   11.094533] panfrost 11800000.gpu: features: 00000000,00000408, issues: 00000000,21eee400
[   11.102648] panfrost 11800000.gpu: Features: L2:0x07110206 Shader:0x00000000 Tiler:0x00000809 Mem:0x1 MMU:0x00002830 AS:0xf JS:0x7
[   11.114342] panfrost 11800000.gpu: shader_present=0x3f l2_present=0x11
Basic System.
[   11.123528] panfrost 11800000.gpu: using only 1st core group (4 cores from 6)
[  OK  ] Reached target Timers.
[   11.151523] [drm] Initialized panfrost 1.2.0 20180908 for 11800000.gpu on minor 0
[   11.168066] exynos-adc 12d10000.adc: error -ENXIO: IRQ index 1 not found
[  OK  ] Started Regular background program processing daemon.
         Starting Remove Stale Onli…t4 Metadata Check Snapshots...
         Starting getty on tty2-tty…nd logind are not available...
         Starting Raise network interfaces...
         Starting System Logging Service...
[   11.330741] scsi 0:0:0:0: Attached scsi generic sg0 type 0
[   11.334983] usbcore: registered new interface driver r8152
[  OK  ] Found device /dev/ttySAC2.
[   11.354241] usbcore: registered new interface driver cdc_ether
[   11.361186] usbcore: registered new interface driver r8153_ecm
[  OK  ] Started System Logging Service.
[  OK  ] Finished Raise network interfaces.
[  OK  ] Reached target Network.
[   11.460772] sd 0:0:0:0: [sda] 1953529856 512-byte logical blocks: (1.00 TB/932 GiB)
[   11.467135] sd 0:0:0:0: [sda] 4096-byte physical blocks
[   11.479600] sd 0:0:0:0: [sda] Write Protect is off
[   11.483473] sd 0:0:0:0: [sda] Disabling FUA
[   11.487191] sd 0:0:0:0: [sda] Write cache: enabled, read cache: enabled, doesn't support DPO or FUA
[   11.496955] sd 0:0:0:0: [sda] Preferred minimum I/O size 4096 bytes
[   11.502679] sd 0:0:0:0: [sda] Optimal transfer size 33553920 bytes not a multiple of preferred minimum block size (4096 bytes)
         Starting Permit User Sessions...
[   11.527069] usb 6-1: reset SuperSpeed USB device number 2 using xhci-hcd
[  OK  ] Finished Remove Stale Onli…ext4 Metadata Check Snapshots.
[   11.563679]  sda: sda1 sda2 < sda5 sda6 sda7 sda8 sda9 sda10 sda11 sda12 sda13 sda14 sda15 sda16 sda17 sda18 sda19 sda20 sda21 sda22 sda23 sda24 sda25 sda26 sda27 sda28 sda29 sda30 sda31 sda32 sda33 sda34 sda35 sda36 sda37 sda38 sda39 sda40 sda41 >
[   11.567014] r8152 6-1:1.0: firmware: direct-loading firmware rtl_nic/rtl8153a-3.fw
[   11.596820] sd 0:0:0:0: [sda] Attached SCSI disk
[  OK  ] Finished Permit User Sessions.
[   11.618772] r8152 6-1:1.0: load rtl8153a-3 v2 02/07/20 successfully
[   11.653802] r8152 6-1:1.0 eth0: v1.12.13
[  OK  ] Started Getty on tty1.
[  OK  ] Started Getty on tty2.
[  OK  ] Started Getty on tty3.
[  OK  ] Started Serial Getty on ttySAC2.
[  OK  ] Finished getty on tty2-tty… and logind are not available.
[  OK  ] Started Getty on tty4.
[  OK  ] Started Getty on tty5.
[  OK  ] Started Getty on tty6.
[  OK  ] Reached target Login Prompts.
[  OK  ] Reached target Multi-User System.
[  OK  ] Reached target Graphical Interface.
[  OK  ] Started ifup for eth0.
         Starting Update UTMP about System Runlevel Changes...
[  OK  ] Finished Update UTMP about System Runlevel Changes.

Debian GNU/Linux 11 OdroidHC1 ttySAC2

OdroidHC1 login: [   15.353896] IPv6: ADDRCONF(NETDEV_CHANGE): eth0: link becomes ready
[   15.360212] r8152 6-1:1.0 eth0: carrier on
[   35.812567] vddq_mmc0: disabling
[   35.815592] vdd_ldo12: disabling
[   35.819337] vdd_ldo16: disabling
[   35.824281] vdd_ldo24: disabling
[   35.827741] vdd_ldo26: disabling
[   35.836257] vdd_vmem: disabling

OdroidHC1 login: 
OdroidHC1 login: 
OdroidHC1 login: 
OdroidHC1 login: 
OdroidHC1 login: 
OdroidHC1 login: 
OdroidHC1 login: 
OdroidHC1 login: 
OdroidHC1 login: 
OdroidHC1 login: 
OdroidHC1 login: 
OdroidHC1 login: 
OdroidHC1 login: 
OdroidHC1 login: root
Linux OdroidHC1 6.1.0-0.deb11.11-armmp-lpae #1 SMP Debian 6.1.38-4~bpo11+1 (2023-08-08) armv7l

The programs included with the Debian GNU/Linux system are free software;
the exact distribution terms for each program are described in the
individual files in /usr/share/doc/*/copyright.

Debian GNU/Linux comes with ABSOLUTELY NO WARRANTY, to the extent
permitted by applicable law.
root@OdroidHC1:~# uname -a
Linux OdroidHC1 6.1.0-0.deb11.11-armmp-lpae #1 SMP Debian 6.1.38-4~bpo11+1 (2023-08-08) armv7l GNU/Linux
root@OdroidHC1:~# cat /etc/debian_version 
11.7
root@OdroidHC1:~# 