
U-Boot TPL 2023.01+dfsg-2 (Jan 18 2023 - 01:57:16)
LPDDR3, 800MHz
BW=32 Col=11 Bk=8 CS0 Row=15 CS1 Row=15 CS=2 Die BW=16 Size=4096MB
Trying to boot from BOOTROM
Returning to boot ROM...

U-Boot SPL 2023.01+dfsg-2 (Jan 18 2023 - 01:57:16 +0000)
Trying to boot from MMC1
NOTICE:  BL31: v2.8(debug):
NOTICE:  BL31: Built : 06:31:44, Nov 25 2022
NOTICE:  BL31:Rockchip release version: v1.2
INFO:    ARM GICv2 driver initialized
INFO:    plat_rockchip_pmu_init: pd status 0xe
INFO:    BL31: Initializing runtime services
INFO:    BL31: cortex_a53: CPU workaround for 855873 was applied
WARNING: BL31: cortex_a53: CPU workaround for 1530924 was missing!
INFO:    BL31: Preparing for EL3 exit to normal world
INFO:    Entry point address = 0x200000
INFO:    SPSR = 0x3c9


U-Boot 2023.01+dfsg-2 (Jan 18 2023 - 01:57:16 +0000)

Model: Pine64 Rock64
DRAM:  4 GiB
PMIC:  RK8050 (on=0x40, off=0x01)
Core:  228 devices, 24 uclasses, devicetree: separate
MMC:   mmc@ff500000: 1, mmc@ff520000: 0
Loading Environment from MMC... *** Warning - bad CRC, using default environment

In:    serial@ff130000
Out:   serial@ff130000
Err:   serial@ff130000
Model: Pine64 Rock64
Net:   eth0: ethernet@ff540000
Hit any key to stop autoboot:  2  1  0 
switch to partitions #0, OK
mmc1 is current device
Scanning mmc 1:1...
Found U-Boot script /boot/boot.scr
2959 bytes read in 5 ms (577.1 KiB/s)
## Executing script at 00500000
32354240 bytes read in 1406 ms (21.9 MiB/s)
36015 bytes read in 10 ms (3.4 MiB/s)
30420170 bytes read in 1322 ms (21.9 MiB/s)
Booting Debian 6.1.0-10-arm64 from mmc 1:1...
Moving Image from 0x2080000 to 0x2200000, end=4180000
## Flattened Device Tree blob at 01f00000
   Booting using the fdt blob at 0x1f00000
Working FDT set to 1f00000
   Loading Ramdisk to fa21e000, end fbf20cca ... OK
   Loading Device Tree to 00000000fa212000, end 00000000fa21dcae ... OK
Working FDT set to fa212000

Starting kernel ...

[    0.000000] Booting Linux on physical CPU 0x0000000000 [0x410fd034]
[    0.000000] Linux version 6.1.0-10-arm64 (debian-kernel@lists.debian.org) (gcc-12 (Debian 12.2.0-14) 12.2.0, GNU ld (GNU Binutils for Debian) 2.40) #1 SMP Debian 6.1.38-1 (2023-07-14)
[    0.000000] Machine model: Pine64 Rock64
[    0.000000] efi: UEFI not found.
[    0.000000] NUMA: No NUMA configuration found
[    0.000000] NUMA: Faking a node at [mem 0x0000000000200000-0x00000000feffffff]
[    0.000000] NUMA: NODE_DATA [mem 0xfe7ca380-0xfe7ccfff]
[    0.000000] Zone ranges:
[    0.000000]   DMA      [mem 0x0000000000200000-0x00000000feffffff]
[    0.000000]   DMA32    empty
[    0.000000]   Normal   empty
[    0.000000] Movable zone start for each node
[    0.000000] Early memory node ranges
[    0.000000]   node   0: [mem 0x0000000000200000-0x00000000feffffff]
[    0.000000] Initmem setup node 0 [mem 0x0000000000200000-0x00000000feffffff]
[    0.000000] On node 0, zone DMA: 512 pages in unavailable ranges
[    0.000000] On node 0, zone DMA: 4096 pages in unavailable ranges
[    0.000000] cma: Reserved 64 MiB at 0x00000000f2200000
[    0.000000] psci: probing for conduit method from DT.
[    0.000000] psci: PSCIv1.1 detected in firmware.
[    0.000000] psci: Using standard PSCI v0.2 function IDs
[    0.000000] psci: MIGRATE_INFO_TYPE not supported.
[    0.000000] psci: SMC Calling Convention v1.2
[    0.000000] percpu: Embedded 30 pages/cpu s83560 r8192 d31128 u122880
[    0.000000] Detected VIPT I-cache on CPU0
[    0.000000] CPU features: detected: ARM erratum 845719
[    0.000000] alternatives: applying boot alternatives
[    0.000000] Fallback order for Node 0: 0 
[    0.000000] Built 1 zonelists, mobility grouping on.  Total pages: 1027656
[    0.000000] Policy zone: DMA
[    0.000000] Kernel command line:   root=UUID=792cb8a7-24c2-4499-889c-5e208dec0d14 net.ifnames=0
[    0.000000] Dentry cache hash table entries: 524288 (order: 10, 4194304 bytes, linear)
[    0.000000] Inode-cache hash table entries: 262144 (order: 9, 2097152 bytes, linear)
[    0.000000] mem auto-init: stack:all(zero), heap alloc:on, heap free:off
[    0.000000] Memory: 227924K/4175872K available (12992K kernel code, 2794K rwdata, 9260K rodata, 6400K init, 628K bss, 142632K reserved, 65536K cma-reserved)
[    0.000000] SLUB: HWalign=64, Order=0-3, MinObjects=0, CPUs=4, Nodes=1
[    0.000000] ftrace: allocating 43717 entries in 171 pages
[    0.000000] ftrace: allocated 171 pages with 5 groups
[    0.000000] trace event string verifier disabled
[    0.000000] rcu: Hierarchical RCU implementation.
[    0.000000] rcu: 	RCU restricting CPUs from NR_CPUS=256 to nr_cpu_ids=4.
[    0.000000] 	Rude variant of Tasks RCU enabled.
[    0.000000] 	Tracing variant of Tasks RCU enabled.
[    0.000000] rcu: RCU calculated value of scheduler-enlistment delay is 25 jiffies.
[    0.000000] rcu: Adjusting geometry for rcu_fanout_leaf=16, nr_cpu_ids=4
[    0.000000] NR_IRQS: 64, nr_irqs: 64, preallocated irqs: 0
[    0.000000] Root IRQ handler: gic_handle_irq
[    0.000000] GIC: Using split EOI/Deactivate mode
[    0.000000] rcu: srcu_init: Setting srcu_struct sizes based on contention.
[    0.000000] arch_timer: cp15 timer(s) running at 24.00MHz (phys).
[    0.000000] clocksource: arch_sys_counter: mask: 0xffffffffffffff max_cycles: 0x588fe9dc0, max_idle_ns: 440795202592 ns
[    0.000001] sched_clock: 56 bits at 24MHz, resolution 41ns, wraps every 4398046511097ns
[    0.001482] Console: colour dummy device 80x25
[    0.002069] printk: console [tty0] enabled
[    0.002264] Calibrating delay loop (skipped), value calculated using timer frequency.. 48.00 BogoMIPS (lpj=96000)
[    0.002304] pid_max: default: 32768 minimum: 301
[    0.002749] LSM: Security Framework initializing
[    0.002861] landlock: Up and running.
[    0.002878] Yama: disabled by default; enable with sysctl kernel.yama.*
[    0.003098] AppArmor: AppArmor initialized
[    0.003127] TOMOYO Linux initialized
[    0.003171] LSM support for eBPF active
[    0.003455] Mount-cache hash table entries: 8192 (order: 4, 65536 bytes, linear)
[    0.003506] Mountpoint-cache hash table entries: 8192 (order: 4, 65536 bytes, linear)
[    0.006900] cblist_init_generic: Setting adjustable number of callback queues.
[    0.006950] cblist_init_generic: Setting shift to 2 and lim to 1.
[    0.007118] cblist_init_generic: Setting shift to 2 and lim to 1.
[    0.007505] rcu: Hierarchical SRCU implementation.
[    0.007529] rcu: 	Max phase no-delay instances is 1000.
[    0.011821] EFI services will not be available.
[    0.012811] smp: Bringing up secondary CPUs ...
[    0.013891] Detected VIPT I-cache on CPU1
[    0.014068] CPU1: Booted secondary processor 0x0000000001 [0x410fd034]
[    0.015261] Detected VIPT I-cache on CPU2
[    0.015434] CPU2: Booted secondary processor 0x0000000002 [0x410fd034]
[    0.016663] Detected VIPT I-cache on CPU3
[    0.016845] CPU3: Booted secondary processor 0x0000000003 [0x410fd034]
[    0.017009] smp: Brought up 1 node, 4 CPUs
[    0.017110] SMP: Total of 4 processors activated.
[    0.017130] CPU features: detected: 32-bit EL0 Support
[    0.017146] CPU features: detected: 32-bit EL1 Support
[    0.017167] CPU features: detected: CRC32 instructions
[    0.017293] CPU: All CPU(s) started at EL2
[    0.017337] alternatives: applying system-wide alternatives
[    0.152051] node 0 deferred pages initialised in 132ms
[    0.154486] devtmpfs: initialized
[    0.172465] Registered cp15_barrier emulation handler
[    0.172514] Registered setend emulation handler
[    0.172943] clocksource: jiffies: mask: 0xffffffff max_cycles: 0xffffffff, max_idle_ns: 7645041785100000 ns
[    0.173008] futex hash table entries: 1024 (order: 4, 65536 bytes, linear)
[    0.175907] pinctrl core: initialized pinctrl subsystem
[    0.179276] DMI not present or invalid.
[    0.180588] NET: Registered PF_NETLINK/PF_ROUTE protocol family
[    0.182549] DMA: preallocated 512 KiB GFP_KERNEL pool for atomic allocations
[    0.182929] DMA: preallocated 512 KiB GFP_KERNEL|GFP_DMA pool for atomic allocations
[    0.183546] DMA: preallocated 512 KiB GFP_KERNEL|GFP_DMA32 pool for atomic allocations
[    0.183652] audit: initializing netlink subsys (disabled)
[    0.184018] audit: type=2000 audit(0.180:1): state=initialized audit_enabled=0 res=1
[    0.185598] thermal_sys: Registered thermal governor 'fair_share'
[    0.185614] thermal_sys: Registered thermal governor 'bang_bang'
[    0.185640] thermal_sys: Registered thermal governor 'step_wise'
[    0.185659] thermal_sys: Registered thermal governor 'user_space'
[    0.185678] thermal_sys: Registered thermal governor 'power_allocator'
[    0.185783] cpuidle: using governor ladder
[    0.185846] cpuidle: using governor menu
[    0.186059] hw-breakpoint: found 6 breakpoint and 4 watchpoint registers.
[    0.186250] ASID allocator initialised with 65536 entries
[    0.187191] Serial: AMBA PL011 UART driver
[    0.199319] platform ff370000.vop: Fixed dependency cycle(s) with /hdmi@ff3c0000
[    0.214509] rockchip-gpio ff210000.gpio: probed /pinctrl/gpio@ff210000
[    0.215698] rockchip-gpio ff220000.gpio: probed /pinctrl/gpio@ff220000
[    0.216836] rockchip-gpio ff230000.gpio: probed /pinctrl/gpio@ff230000
[    0.217849] rockchip-gpio ff240000.gpio: probed /pinctrl/gpio@ff240000
[    0.222613] KASLR disabled due to lack of seed
[    0.234322] HugeTLB: registered 1.00 GiB page size, pre-allocated 0 pages
[    0.234363] HugeTLB: 0 KiB vmemmap can be freed for a 1.00 GiB page
[    0.234387] HugeTLB: registered 32.0 MiB page size, pre-allocated 0 pages
[    0.234406] HugeTLB: 0 KiB vmemmap can be freed for a 32.0 MiB page
[    0.234428] HugeTLB: registered 2.00 MiB page size, pre-allocated 0 pages
[    0.234447] HugeTLB: 0 KiB vmemmap can be freed for a 2.00 MiB page
[    0.234468] HugeTLB: registered 64.0 KiB page size, pre-allocated 0 pages
[    0.234487] HugeTLB: 0 KiB vmemmap can be freed for a 64.0 KiB page
[    0.278465] ACPI: Interpreter disabled.
[    0.279556] iommu: Default domain type: Translated 
[    0.279593] iommu: DMA domain TLB invalidation policy: strict mode 
[    0.279995] EDAC MC: Ver: 3.0.0
[    0.283682] NetLabel: Initializing
[    0.283719] NetLabel:  domain hash size = 128
[    0.283736] NetLabel:  protocols = UNLABELED CIPSOv4 CALIPSO
[    0.283855] NetLabel:  unlabeled traffic allowed by default
[    0.284167] vgaarb: loaded
[    0.284674] clocksource: Switched to clocksource arch_sys_counter
[    0.285565] VFS: Disk quotas dquot_6.6.0
[    0.285709] VFS: Dquot-cache hash table entries: 512 (order 0, 4096 bytes)
[    0.287180] AppArmor: AppArmor Filesystem Enabled
[    0.287337] pnp: PnP ACPI: disabled
[    0.303288] NET: Registered PF_INET protocol family
[    0.303718] IP idents hash table entries: 65536 (order: 7, 524288 bytes, linear)
[    0.310084] tcp_listen_portaddr_hash hash table entries: 2048 (order: 3, 32768 bytes, linear)
[    0.310262] Table-perturb hash table entries: 65536 (order: 6, 262144 bytes, linear)
[    0.310463] TCP established hash table entries: 32768 (order: 6, 262144 bytes, linear)
[    0.311156] TCP bind hash table entries: 32768 (order: 8, 1048576 bytes, linear)
[    0.312560] TCP: Hash tables configured (established 32768 bind 32768)
[    0.313154] MPTCP token hash table entries: 4096 (order: 4, 98304 bytes, linear)
[    0.313378] UDP hash table entries: 2048 (order: 4, 65536 bytes, linear)
[    0.313567] UDP-Lite hash table entries: 2048 (order: 4, 65536 bytes, linear)
[    0.314078] NET: Registered PF_UNIX/PF_LOCAL protocol family
[    0.314150] NET: Registered PF_XDP protocol family
[    0.314182] PCI: CLS 0 bytes, default 64
[    0.315095] Trying to unpack rootfs image as initramfs...
[    0.315944] hw perfevents: enabled with armv8_cortex_a53 PMU driver, 7 counters available
[    0.317055] kvm [1]: IPA Size Limit: 40 bits
[    0.321081] kvm [1]: vgic interrupt IRQ9
[    0.321354] kvm [1]: Hyp mode initialized successfully
[    0.372892] Initialise system trusted keyrings
[    0.373004] Key type blacklist registered
[    0.373490] workingset: timestamp_bits=42 max_order=20 bucket_order=0
[    0.385508] zbud: loaded
[    0.387379] integrity: Platform Keyring initialized
[    0.387475] integrity: Machine keyring initialized
[    0.387501] Key type asymmetric registered
[    0.387521] Asymmetric key parser 'x509' registered
[    3.030261] Freeing initrd memory: 29704K
[    3.074861] alg: self-tests for CTR-KDF (hmac(sha256)) passed
[    3.075116] Block layer SCSI generic (bsg) driver version 0.4 loaded (major 249)
[    3.075431] io scheduler mq-deadline registered
[    3.091263] shpchp: Standard Hot Plug PCI Controller Driver version: 0.4
[    3.107136] Serial: 8250/16550 driver, 4 ports, IRQ sharing enabled
[    3.110964] ff130000.serial: ttyS2 at MMIO 0xff130000 (irq = 22, base_baud = 1500000) is a 16550A
[    3.195534] printk: console [ttyS2] enabled
[    3.197809] Serial: AMBA driver
[    3.198159] SuperH (H)SCI(F) driver initialized
[    3.199451] msm_serial: driver initialized
[    3.206572] mousedev: PS/2 mouse device common for all mice
[    3.211576] ledtrig-cpu: registered to indicate activity on CPUs
[    3.213536] SMCCC: SOC_ID: ARCH_SOC_ID not implemented, skipping ....
[    3.304650] NET: Registered PF_INET6 protocol family
[    3.346796] Segment Routing with IPv6
[    3.347268] In-situ OAM (IOAM) with IPv6
[    3.347760] mip6: Mobile IPv6
[    3.348062] NET: Registered PF_PACKET protocol family
[    3.349093] mpls_gso: MPLS GSO support
[    3.350880] registered taskstats version 1
[    3.351328] Loading compiled-in X.509 certificates
[    3.504295] Loaded X.509 cert 'Debian Secure Boot CA: 6ccece7e4c6c0d1f6149f3dd27dfcc5cbb419ea1'
[    3.505336] Loaded X.509 cert 'Debian Secure Boot Signer 2022 - linux: 14011249c2675ea8e5148542202005810584b25f'
[    3.508255] zswap: loaded using pool lzo/zbud
[    3.509874] Key type .fscrypt registered
[    3.510263] Key type fscrypt-provisioning registered
[    3.550040] Key type encrypted registered
[    3.550452] AppArmor: AppArmor sha1 policy hashing enabled
[    3.551088] ima: No TPM chip found, activating TPM-bypass!
[    3.551645] ima: Allocated hash algorithm: sha256
[    3.552127] ima: No architecture policies found
[    3.552614] evm: Initialising EVM extended attributes:
[    3.553121] evm: security.selinux
[    3.553430] evm: security.SMACK64 (disabled)
[    3.553821] evm: security.SMACK64EXEC (disabled)
[    3.554242] evm: security.SMACK64TRANSMUTE (disabled)
[    3.554701] evm: security.SMACK64MMAP (disabled)
[    3.555122] evm: security.apparmor
[    3.555438] evm: security.ima
[    3.555715] evm: security.capability
[    3.556044] evm: HMAC attrs: 0x1
[    4.437056] dw-apb-uart ff130000.serial: forbid DMA for kernel console
[    4.450492] Freeing unused kernel memory: 6400K
[    4.583842] Checked W+X mappings: passed, no W+X pages found
[    4.584402] Run /init as init process
Loading, please wait...
Starting systemd-udevd version 252.12-1~deb12u1
[    5.934657] dma-pl330 ff1f0000.dma-controller: Loaded driver for PL330 DMAC-241330
[    5.935379] dma-pl330 ff1f0000.dma-controller: 	DBUFF-128x8bytes Num_Chans-8 Num_Peri-20 Num_Events-16
[    6.109718] pps_core: LinuxPPS API ver. 1 registered
[    6.110197] pps_core: Software ver. 5.3.6 - Copyright 2005-2007 Rodolfo Giometti <giometti@linux.it>
[    6.128698] Synopsys Designware Multimedia Card Interface Driver
[    6.175537] PTP clock support registered
[    6.221578] rk808 1-0018: chip id: 0x8050
[    6.282606] rk808-rtc rk808-rtc: registered as rtc0
[    6.284825] usbcore: registered new interface driver usbfs
[    6.285490] usbcore: registered new interface driver hub
[    6.286189] rk808-rtc rk808-rtc: setting system clock to 2016-01-21T08:54:29 UTC (1453366469)
[    6.294371] usbcore: registered new device driver usb
[    6.297911] dwmmc_rockchip ff520000.mmc: IDMAC supports 32-bit address mode.
[    6.298644] dwmmc_rockchip ff520000.mmc: Using internal DMA controller.
[    6.299272] dwmmc_rockchip ff520000.mmc: Version ID is 270a
[    6.299722] rockchip-pinctrl pinctrl: pin gpio0-2 already requested by vcc-host-5v-regulator; cannot claim for vcc-host1-5v-regulator
[    6.299840] dwmmc_rockchip ff520000.mmc: DW MMC controller at irq 41,32 bit host data width,256 deep fifo
[    6.300887] rockchip-pinctrl pinctrl: pin-2 (vcc-host1-5v-regulator) status -22
[    6.300910] rockchip-pinctrl pinctrl: could not request pin 2 (gpio0-2) from group usb20-host-drv  on device rockchip-pinctrl
[    6.303474] reg-fixed-voltage vcc-host1-5v-regulator: Error applying setting, reverse things back
[    6.309191] dwmmc_rockchip ff500000.mmc: IDMAC supports 32-bit address mode.
[    6.309933] dwmmc_rockchip ff500000.mmc: Using internal DMA controller.
[    6.310565] dwmmc_rockchip ff500000.mmc: Version ID is 270a
[    6.311154] dwmmc_rockchip ff500000.mmc: DW MMC controller at irq 42,32 bit host data width,256 deep fifo
[    6.323971] dwmmc_rockchip ff520000.mmc: IDMAC supports 32-bit address mode.
[    6.324710] dwmmc_rockchip ff520000.mmc: Using internal DMA controller.
[    6.325323] dwmmc_rockchip ff520000.mmc: Version ID is 270a
[    6.325867] dwmmc_rockchip ff520000.mmc: DW MMC controller at irq 41,32 bit host data width,256 deep fifo
[    6.339784] dwmmc_rockchip ff500000.mmc: IDMAC supports 32-bit address mode.
[    6.340491] dwmmc_rockchip ff500000.mmc: Using internal DMA controller.
[    6.341141] dwmmc_rockchip ff500000.mmc: Version ID is 270a
[    6.341698] dwmmc_rockchip ff500000.mmc: DW MMC controller at irq 42,32 bit host data width,256 deep fifo
[    6.358120] ehci-platform ff5c0000.usb: EHCI Host Controller
[    6.358714] ehci-platform ff5c0000.usb: new USB bus registered, assigned bus number 1
[    6.359678] ehci-platform ff5c0000.usb: irq 43, io mem 0xff5c0000
[    6.373508] ehci-platform ff5c0000.usb: USB 2.0 started, EHCI 1.00
[    6.374584] usb usb1: New USB device found, idVendor=1d6b, idProduct=0002, bcdDevice= 6.01
[    6.375366] usb usb1: New USB device strings: Mfr=3, Product=2, SerialNumber=1
[    6.376031] usb usb1: Product: EHCI Host Controller
[    6.376485] usb usb1: Manufacturer: Linux 6.1.0-10-arm64 ehci_hcd
[    6.377079] usb usb1: SerialNumber: ff5c0000.usb
[    6.378883] hub 1-0:1.0: USB hub found
[    6.379342] hub 1-0:1.0: 1 port detected
[    6.385516] dwmmc_rockchip ff520000.mmc: IDMAC supports 32-bit address mode.
[    6.386244] dwmmc_rockchip ff520000.mmc: Using internal DMA controller.
[    6.386874] dwmmc_rockchip ff520000.mmc: Version ID is 270a
[    6.387433] dwmmc_rockchip ff520000.mmc: DW MMC controller at irq 41,32 bit host data width,256 deep fifo
[    6.390697] dwmmc_rockchip ff500000.mmc: IDMAC supports 32-bit address mode.
[    6.391411] dwmmc_rockchip ff500000.mmc: Using internal DMA controller.
[    6.392038] dwmmc_rockchip ff500000.mmc: Version ID is 270a
[    6.392599] dwmmc_rockchip ff500000.mmc: DW MMC controller at irq 42,32 bit host data width,256 deep fifo
[    6.405023] rockchip-vop ff370000.vop: Adding to iommu group 2
[    6.405504] dwc2 ff580000.usb: supply vusb_d not found, using dummy regulator
[    6.419000] dwc2 ff580000.usb: supply vusb_a not found, using dummy regulator
[    6.421001] dwmmc_rockchip ff520000.mmc: IDMAC supports 32-bit address mode.
[    6.421714] dwmmc_rockchip ff520000.mmc: Using internal DMA controller.
[    6.422342] dwmmc_rockchip ff520000.mmc: Version ID is 270a
[    6.422907] dwmmc_rockchip ff520000.mmc: DW MMC controller at irq 41,32 bit host data width,256 deep fifo
[    6.429031] dwmmc_rockchip ff500000.mmc: IDMAC supports 32-bit address mode.
[    6.430564] dwmmc_rockchip ff500000.mmc: Using internal DMA controller.
[    6.431210] dwmmc_rockchip ff500000.mmc: Version ID is 270a
[    6.431771] dwmmc_rockchip ff500000.mmc: DW MMC controller at irq 42,32 bit host data width,256 deep fifo
[    6.440793] dwmmc_rockchip ff520000.mmc: IDMAC supports 32-bit address mode.
[    6.440813] dwc2 ff580000.usb: DWC OTG Controller
[    6.440851] dwc2 ff580000.usb: new USB bus registered, assigned bus number 2
[    6.441476] dwmmc_rockchip ff520000.mmc: Using internal DMA controller.
[    6.441911] dwc2 ff580000.usb: irq 44, io mem 0xff580000
[    6.442486] dwmmc_rockchip ff520000.mmc: Version ID is 270a
[    6.442562] dwmmc_rockchip ff500000.mmc: IDMAC supports 32-bit address mode.
[    6.442599] dwmmc_rockchip ff500000.mmc: Using internal DMA controller.
[    6.442614] dwmmc_rockchip ff500000.mmc: Version ID is 270a
[    6.442664] dwmmc_rockchip ff500000.mmc: DW MMC controller at irq 42,32 bit host data width,256 deep fifo
[    6.443383] usb usb2: New USB device found, idVendor=1d6b, idProduct=0002, bcdDevice= 6.01
[    6.443564] dwmmc_rockchip ff520000.mmc: DW MMC controller at irq 41,32 bit host data width,256 deep fifo
[    6.444026] usb usb2: New USB device strings: Mfr=3, Product=2, SerialNumber=1
[    6.449053] usb usb2: Product: DWC OTG Controller
[    6.449503] usb usb2: Manufacturer: Linux 6.1.0-10-arm64 dwc2_hsotg
[    6.450095] usb usb2: SerialNumber: ff580000.usb
[    6.451603] ohci-platform ff5d0000.usb: Generic Platform OHCI controller
[    6.451615] hub 2-0:1.0: USB hub found
[    6.451728] hub 2-0:1.0: 1 port detected
[    6.456396] ohci-platform ff5d0000.usb: new USB bus registered, assigned bus number 3
[    6.457395] ohci-platform ff5d0000.usb: irq 45, io mem 0xff5d0000
[    6.461597] dwmmc_rockchip ff520000.mmc: IDMAC supports 32-bit address mode.
[    6.462088] dwmmc_rockchip ff500000.mmc: IDMAC supports 32-bit address mode.
[    6.462275] dwmmc_rockchip ff520000.mmc: Using internal DMA controller.
[    6.462903] dwmmc_rockchip ff500000.mmc: Using internal DMA controller.
[    6.463459] dwmmc_rockchip ff520000.mmc: Version ID is 270a
[    6.464053] dwmmc_rockchip ff500000.mmc: Version ID is 270a
[    6.464565] dwmmc_rockchip ff520000.mmc: DW MMC controller at irq 41,32 bit host data width,256 deep fifo
[    6.467421] dwmmc_rockchip ff500000.mmc: DW MMC controller at irq 42,32 bit host data width,256 deep fifo
[    6.521162] usb usb3: New USB device found, idVendor=1d6b, idProduct=0001, bcdDevice= 6.01
[    6.521951] usb usb3: New USB device strings: Mfr=3, Product=2, SerialNumber=1
[    6.522622] usb usb3: Product: Generic Platform OHCI controller
[    6.522623] rk808-regulator rk808-regulator: there is no dvs0 gpio
[    6.523153] usb usb3: Manufacturer: Linux 6.1.0-10-arm64 ohci_hcd
[    6.523165] usb usb3: SerialNumber: ff5d0000.usb
[    6.526500] rk808-regulator rk808-regulator: there is no dvs1 gpio
[    6.530500] hub 3-0:1.0: USB hub found
[    6.531030] hub 3-0:1.0: 1 port detected
[    6.539487] dwmmc_rockchip ff500000.mmc: IDMAC supports 32-bit address mode.
[    6.540198] dwmmc_rockchip ff500000.mmc: Using internal DMA controller.
[    6.540905] dwmmc_rockchip ff500000.mmc: Version ID is 270a
[    6.540930] dwmmc_rockchip ff520000.mmc: IDMAC supports 32-bit address mode.
[    6.542112] dwmmc_rockchip ff520000.mmc: Using internal DMA controller.
[    6.542284] dwmmc_rockchip ff500000.mmc: DW MMC controller at irq 42,32 bit host data width,256 deep fifo
[    6.542715] dwmmc_rockchip ff520000.mmc: Version ID is 270a
[    6.544126] dwmmc_rockchip ff520000.mmc: DW MMC controller at irq 41,32 bit host data width,256 deep fifo
[    6.579356] dwmmc_rockchip ff500000.mmc: IDMAC supports 32-bit address mode.
[    6.579813] dwmmc_rockchip ff520000.mmc: IDMAC supports 32-bit address mode.
[    6.580025] dwmmc_rockchip ff500000.mmc: Using internal DMA controller.
[    6.580646] dwmmc_rockchip ff520000.mmc: Using internal DMA controller.
[    6.581297] dwmmc_rockchip ff500000.mmc: Version ID is 270a
[    6.581804] dwmmc_rockchip ff520000.mmc: Version ID is 270a
[    6.582391] dwmmc_rockchip ff500000.mmc: DW MMC controller at irq 42,32 bit host data width,256 deep fifo
[    6.583426] dwmmc_rockchip ff520000.mmc: DW MMC controller at irq 41,32 bit host data width,256 deep fifo
[    6.587480] mmc_host mmc1: card is non-removable.
[    6.596857] mmc_host mmc0: Bus speed (slot 0) = 400000Hz (slot req 400000Hz, actual 400000HZ div = 0)
[    6.600831] mmc_host mmc1: Bus speed (slot 0) = 400000Hz (slot req 400000Hz, actual 400000HZ div = 0)
[    6.622229] xhci-hcd xhci-hcd.0.auto: xHCI Host Controller
[    6.622842] xhci-hcd xhci-hcd.0.auto: new USB bus registered, assigned bus number 4
[    6.623882] xhci-hcd xhci-hcd.0.auto: hcc params 0x0220fe64 hci version 0x110 quirks 0x0000000002010010
[    6.624942] xhci-hcd xhci-hcd.0.auto: irq 40, io mem 0xff600000
[    6.625890] xhci-hcd xhci-hcd.0.auto: xHCI Host Controller
[    6.626476] xhci-hcd xhci-hcd.0.auto: new USB bus registered, assigned bus number 5
[    6.627254] xhci-hcd xhci-hcd.0.auto: Host supports USB 3.0 SuperSpeed
[    6.628205] usb usb4: New USB device found, idVendor=1d6b, idProduct=0002, bcdDevice= 6.01
[    6.629031] usb usb4: New USB device strings: Mfr=3, Product=2, SerialNumber=1
[    6.629704] usb usb4: Product: xHCI Host Controller
[    6.630163] usb usb4: Manufacturer: Linux 6.1.0-10-arm64 xhci-hcd
[    6.630730] usb usb4: SerialNumber: xhci-hcd.0.auto
[    6.632459] hub 4-0:1.0: USB hub found
[    6.633035] hub 4-0:1.0: 1 port detected
[    6.633720] rk_gmac-dwmac ff540000.ethernet: IRQ eth_wake_irq not found
[    6.634405] rk_gmac-dwmac ff540000.ethernet: IRQ eth_lpi not found
[    6.634475] usb usb5: We don't know the algorithms for LPM for this host, disabling LPM.
[    6.635178] rk_gmac-dwmac ff540000.ethernet: PTP uses main clock
[    6.635976] usb usb5: New USB device found, idVendor=1d6b, idProduct=0003, bcdDevice= 6.01
[    6.636612] rk_gmac-dwmac ff540000.ethernet: clock input or output? (input).
[    6.637041] usb usb5: New USB device strings: Mfr=3, Product=2, SerialNumber=1
[    6.637669] rk_gmac-dwmac ff540000.ethernet: TX delay(0x24).
[    6.638295] usb usb5: Product: xHCI Host Controller
[    6.638795] rk_gmac-dwmac ff540000.ethernet: RX delay(0x18).
[    6.639220] usb usb5: Manufacturer: Linux 6.1.0-10-arm64 xhci-hcd
[    6.639726] rk_gmac-dwmac ff540000.ethernet: integrated PHY? (no).
[    6.640244] usb usb5: SerialNumber: xhci-hcd.0.auto
[    6.640916] rk_gmac-dwmac ff540000.ethernet: clock input from PHY
[    6.642431] hub 5-0:1.0: USB hub found
[    6.642871] hub 5-0:1.0: 1 port detected
[    6.646971] rk_gmac-dwmac ff540000.ethernet: init for RGMII
[    6.648850] rk_gmac-dwmac ff540000.ethernet: User ID: 0x10, Synopsys ID: 0x35
[    6.649542] rk_gmac-dwmac ff540000.ethernet: 	DWMAC1000
[    6.650036] rk_gmac-dwmac ff540000.ethernet: DMA HW capability register supported
[    6.650721] rk_gmac-dwmac ff540000.ethernet: RX Checksum Offload Engine supported
[    6.651403] rk_gmac-dwmac ff540000.ethernet: COE Type 2
[    6.651884] rk_gmac-dwmac ff540000.ethernet: Wake-Up On Lan supported
[    6.652626] rk_gmac-dwmac ff540000.ethernet: Normal descriptors
[    6.653258] rk_gmac-dwmac ff540000.ethernet: Ring mode enabled
[    6.653803] rk_gmac-dwmac ff540000.ethernet: Enable RX Mitigation via HW Watchdog Timer
[    6.654717] mmc_host mmc1: Bus speed (slot 0) = 300000Hz (slot req 300000Hz, actual 300000HZ div = 0)
[    6.679678] mmc_host mmc0: Bus speed (slot 0) = 50000000Hz (slot req 50000000Hz, actual 50000000HZ div = 0)
[    6.680704] mmc0: new high speed SDHC card at address aaaa
[    6.683276] mmcblk0: mmc0:aaaa SC16G 14.8 GiB 
[    6.689059]  mmcblk0: p1
[    6.699958] mmc_host mmc1: Bus speed (slot 0) = 200000Hz (slot req 200000Hz, actual 200000HZ div = 0)
[    6.752052] mmc_host mmc1: Bus speed (slot 0) = 100000Hz (slot req 100000Hz, actual 100000HZ div = 0)
[    6.794893] RTL8211F Gigabit Ethernet stmmac-0:00: attached PHY driver (mii_bus:phy_addr=stmmac-0:00, irq=POLL)
[    6.795843] RTL8211F Gigabit Ethernet stmmac-0:01: attached PHY driver (mii_bus:phy_addr=stmmac-0:01, irq=POLL)
[    6.976705] usb 3-1: new full-speed USB device number 2 using ohci-platform
[    7.202901] usb 3-1: New USB device found, idVendor=067b, idProduct=2303, bcdDevice= 3.00
[    7.203670] usb 3-1: New USB device strings: Mfr=1, Product=2, SerialNumber=0
[    7.204329] usb 3-1: Product: USB-Serial Controller
[    7.204804] usb 3-1: Manufacturer: Prolific Technology Inc.
Begin: Loading essential drivers ... done.
Begin: Running /scripts/init-premount ... done.
Begin: Mounting root file system ... Begin: Running /scripts/local-top ... done.
Begin: Running /scripts/local-premount ... done.
Begin: Will now check root file system ... fsck from util-linux 2.38.1
[/sbin/fsck.ext4 (1) -- /dev/mmcblk0p1] fsck.ext4 -a -C0 /dev/mmcblk0p1 
/dev/mmcblk0p1: recovering journal
/dev/mmcblk0p1: clean, 20280/195840 files, 253138/782592 blocks
done.
[    8.131907] EXT4-fs (mmcblk0p1): mounted filesystem with ordered data mode. Quota mode: none.
done.
Begin: Running /scripts/local-bottom ... done.
Begin: Running /scripts/init-bottom ... done.
[    8.571370] Not activating Mandatory Access Control as /sbin/tomoyo-init does not exist.
[    9.254894] systemd[1]: System time before build time, advancing clock.
[    9.347454] systemd[1]: Inserted module 'autofs4'
[    9.487524] systemd[1]: systemd 252.12-1~deb12u1 running in system mode (+PAM +AUDIT +SELINUX +APPARMOR +IMA +SMACK +SECCOMP +GCRYPT -GNUTLS +OPENSSL +ACL +BLKID +CURL +ELFUTILS +FIDO2 +IDN2 -IDN +IPTC +KMOD +LIBCRYPTSETUP +LIBFDISK +PCRE2 -PWQUALITY +P11KIT +QRENCODE +TPM2 +BZIP2 +LZ4 +XZ +ZLIB +ZSTD -BPF_FRAMEWORK -XKBCOMMON +UTMP +SYSVINIT default-hierarchy=unified)
[    9.490539] systemd[1]: Detected architecture arm64.

Welcome to Debian GNU/Linux 12 (bookworm)!

[    9.522255] systemd[1]: Hostname set to <Rock64>.
[   10.652945] systemd[1]: Queued start job for default target graphical.target.
[   10.678760] systemd[1]: Created slice system-getty.slice - Slice /system/getty.
[  OK  ] Created slice system-getty.slice - Slice /system/getty.
[   10.696549] systemd[1]: Created slice system-modprobe.slice - Slice /system/modprobe.
[  OK  ] Created slice system-modpr‚Ä¶lice - Slice /system/modprobe.
[   10.712764] systemd[1]: Created slice system-serial\x2dgetty.slice - Slice /system/serial-getty.
[  OK  ] Created slice system-seria‚ - Slice /system/serial-getty.
[   10.725874] systemd[1]: Started systemd-ask-password-console.path - Dispatch Password Requests to Console Directory Watch.
[  OK  ] Started systemd-ask-passwo‚Ä¶quests to Console Directory Watch.
[   10.737802] systemd[1]: Started systemd-ask-password-wall.path - Forward Password Requests to Wall Directory Watch.
[  OK  ] Started systemd-ask-passwo‚ Requests to Wall Directory Watch.
[   10.750974] systemd[1]: Set up automount proc-sys-fs-binfmt_misc.automount - Arbitrary Executable File Formats File System Automount Point.
[  OK  ] Set up automount proc-sys-‚rmats File System Automount Point.
[   10.765287] systemd[1]: Reached target cryptsetup.target - Local Encrypted Volumes.
[  OK  ] Reached target cryptsetup.‚get - Local Encrypted Volumes.
[   10.777236] systemd[1]: Reached target integritysetup.target - Local Integrity Protected Volumes.
[  OK  ] Reached target integrityse‚Local Integrity Protected Volumes.
[   10.789276] systemd[1]: Reached target paths.target - Path Units.
[  OK  ] Reached target paths.target - Path Units.
[   10.801172] systemd[1]: Reached target remote-fs.target - Remote File Systems.
[  OK  ] Reached target remote-fs.target - Remote File Systems.
[   10.813133] systemd[1]: Reached target slices.target - Slice Units.
[  OK  ] Reached target slices.target - Slice Units.
[   10.825233] systemd[1]: Reached target swap.target - Swaps.
[  OK  ] Reached target swap.target - Swaps.
[   10.837170] systemd[1]: Reached target veritysetup.target - Local Verity Protected Volumes.
[  OK  ] Reached target veritysetup‚ - Local Verity Protected Volumes.
[   10.850514] systemd[1]: Listening on systemd-fsckd.socket - fsck to fsckd communication Socket.
[  OK  ] Listening on systemd-fsckd‚sck to fsckd communication Socket.
[   10.861752] systemd[1]: Listening on systemd-initctl.socket - initctl Compatibility Named Pipe.
[  OK  ] Listening on systemd-initc‚ initctl Compatibility Named Pipe.
[   10.876143] systemd[1]: Listening on systemd-journald-audit.socket - Journal Audit Socket.
[  OK  ] Listening on systemd-journ‚Ä¶socket - Journal Audit Socket.
[   10.890880] systemd[1]: Listening on systemd-journald-dev-log.socket - Journal Socket (/dev/log).
[  OK  ] Listening on systemd-journ‚t - Journal Socket (/dev/log).
[   10.902872] systemd[1]: Listening on systemd-journald.socket - Journal Socket.
[  OK  ] Listening on systemd-journald.socket - Journal Socket.
[   10.919027] systemd[1]: Listening on systemd-udevd-control.socket - udev Control Socket.
[  OK  ] Listening on systemd-udevd‚.socket - udev Control Socket.
[   10.934633] systemd[1]: Listening on systemd-udevd-kernel.socket - udev Kernel Socket.
[  OK  ] Listening on systemd-udevd‚l.socket - udev Kernel Socket.
[   10.945156] systemd[1]: Reached target sockets.target - Socket Units.
[  OK  ] Reached target sockets.target - Socket Units.
[   10.997380] systemd[1]: Mounting dev-hugepages.mount - Huge Pages File System...
         Mounting dev-hugepages.mount - Huge Pages File System...
[   11.018466] systemd[1]: Mounting dev-mqueue.mount - POSIX Message Queue File System...
         Mounting dev-mqueue.mountPOSIX Message Queue File System...
[   11.042916] systemd[1]: Mounting sys-kernel-debug.mount - Kernel Debug File System...
         Mounting sys-kernel-debug.‚ - Kernel Debug File System...
[   11.066966] systemd[1]: Mounting sys-kernel-tracing.mount - Kernel Trace File System...
         Mounting sys-kernel-tracin‚Ä¶ - Kernel Trace File System...
[   11.087406] systemd[1]: Starting kmod-static-nodes.service - Create List of Static Device Nodes...
         Starting kmod-static-nodes‚Ä¶ate List of Static Device Nodes...
[   11.111297] systemd[1]: Starting modprobe@configfs.service - Load Kernel Module configfs...
         Starting modprobe@configfs‚m - Load Kernel Module configfs...
[   11.135220] systemd[1]: Starting modprobe@dm_mod.service - Load Kernel Module dm_mod...
         Starting modprobe@dm_mod.s‚[0m - Load Kernel Module dm_mod...
[   11.159860] systemd[1]: Starting modprobe@efi_pstore.service - Load Kernel Module efi_pstore...
         Starting modprobe@efi_psto‚- Load Kernel Module efi_pstore...
[   11.183277] systemd[1]: Starting modprobe@fuse.service - Load Kernel Module fuse...
         Starting modprobe@fuse.ser‚e - Load Kernel Module fuse...
[   11.211208] systemd[1]: Starting modprobe@loop.service - Load Kernel Module loop...
         Starting modprobe@loop.ser‚e - Load Kernel Module loop...
[   11.229360] systemd[1]: systemd-fsck-root.service - File System Check on Root Device was skipped because of an unmet condition check (ConditionPathExists=!/run/initramfs/fsck-root).
[   11.241968] device-mapper: core: CONFIG_IMA_DISABLE_HTABLE is disabled. Duplicate IMA measurements will not be recorded in the IMA log.
[   11.243347] device-mapper: uevent: version 1.0.3
[   11.244544] device-mapper: ioctl: 4.47.0-ioctl (2022-07-28) initialised: dm-devel@redhat.com
[   11.246901] systemd[1]: Starting systemd-journald.service - Journal Service...
         Starting systemd-journald.service - Journal Service...
[   11.252873] fuse: init (API version 7.37)
[   11.268086] loop: module loaded
[   11.274126] systemd[1]: Starting systemd-modules-load.service - Load Kernel Modules...
         Starting systemd-modules-l‚rvice - Load Kernel Modules...
[   11.294888] systemd[1]: Starting systemd-remount-fs.service - Remount Root and Kernel File Systems...
         Starting systemd-remount-f‚nt Root and Kernel File Systems...
[   11.319370] systemd[1]: Starting systemd-udev-trigger.service - Coldplug All udev Devices...
         Starting systemd-udev-trig‚Ä¶[0m - Coldplug All udev Devices...
[   11.360123] systemd[1]: Mounted dev-hugepages.mount - Huge Pages File System.
[  OK  ] Mounted dev-hugepages.mount - Huge Pages File System.
[   11.374711] systemd[1]: Mounted dev-mqueue.mount - POSIX Message Queue File System.
[  OK  ] Mounted dev-mqueue.mount- POSIX Message Queue File System.
[   11.385462] EXT4-fs (mmcblk0p1): re-mounted. Quota mode: none.
[   11.392925] systemd[1]: Mounted sys-kernel-debug.mount - Kernel Debug File System.
[  OK  ] Mounted sys-kernel-debug.m‚nt - Kernel Debug File System.
[   11.407076] systemd[1]: Mounted sys-kernel-tracing.mount - Kernel Trace File System.
[  OK  ] Mounted sys-kernel-tracing‚nt - Kernel Trace File System.
[   11.419662] systemd[1]: Finished kmod-static-nodes.service - Create List of Static Device Nodes.
[  OK  ] Finished kmod-static-nodes‚reate List of Static Device Nodes.
[   11.437607] systemd[1]: modprobe@configfs.service: Deactivated successfully.
[   11.440131] systemd[1]: Finished modprobe@configfs.service - Load Kernel Module configfs.
[  OK  ] Finished modprobe@configfs‚[0m - Load Kernel Module configfs.
[   11.457463] systemd[1]: modprobe@dm_mod.service: Deactivated successfully.
[   11.460086] systemd[1]: Finished modprobe@dm_mod.service - Load Kernel Module dm_mod.
[  OK  ] Finished modprobe@dm_mod.s‚e - Load Kernel Module dm_mod.
[   11.477899] systemd[1]: modprobe@efi_pstore.service: Deactivated successfully.
[   11.480542] systemd[1]: Finished modprobe@efi_pstore.service - Load Kernel Module efi_pstore.
[  OK  ] Finished modprobe@efi_psto‚m - Load Kernel Module efi_pstore.
[   11.497569] systemd[1]: modprobe@fuse.service: Deactivated successfully.
[   11.500124] systemd[1]: Finished modprobe@fuse.service - Load Kernel Module fuse.
[  OK  ] Finished modprobe@fuse.service - Load Kernel Module fuse.
[   11.522168] systemd[1]: modprobe@loop.service: Deactivated successfully.
[   11.524736] systemd[1]: Finished modprobe@loop.service - Load Kernel Module loop.
[  OK  ] Finished modprobe@loop.service - Load Kernel Module loop.
[   11.540568] systemd[1]: Finished systemd-modules-load.service - Load Kernel Modules.
[  OK  ] Finished systemd-modules-l‚service - Load Kernel Modules.
[   11.556282] systemd[1]: Finished systemd-remount-fs.service - Remount Root and Kernel File Systems.
[  OK  ] Finished systemd-remount-f‚ount Root and Kernel File Systems.
[   11.621846] systemd[1]: Mounting sys-fs-fuse-connections.mount - FUSE Control File System...
         Mounting sys-fs-fuse-conne‚ - FUSE Control File System...
[   11.635513] systemd[1]: Mounting sys-kernel-config.mount - Kernel Configuration File System...
         Mounting sys-kernel-config‚ernel Configuration File System...
[   11.649202] systemd[1]: systemd-firstboot.service - First Boot Wizard was skipped because of an unmet condition check (ConditionFirstBoot=yes).
[   11.650970] systemd[1]: systemd-pstore.service - Platform Persistent Storage Archival was skipped because of an unmet condition check (ConditionDirectoryNotEmpty=/sys/fs/pstore).
[   11.662442] systemd[1]: Starting systemd-random-seed.service - Load/Save Random Seed...
         Starting systemd-random-se‚ice - Load/Save Random Seed...
[   11.666077] systemd[1]: systemd-repart.service - Repartition Root Disk was skipped because no trigger condition checks were met.
[   11.678486] systemd[1]: Starting systemd-sysctl.service - Apply Kernel Variables...
         Starting systemd-sysctl.se‚ce - Apply Kernel Variables...
[   11.700000] systemd[1]: Starting systemd-sysusers.service - Create System Users...
         Starting systemd-sysusers.‚rvice - Create System Users...
[   11.763111] systemd[1]: Mounted sys-fs-fuse-connections.mount - FUSE Control File System.
[  OK  ] Mounted sys-fs-fuse-connec‚nt - FUSE Control File System.
[   11.784063] systemd[1]: Mounted sys-kernel-config.mount - Kernel Configuration File System.
[  OK  ] Mounted sys-kernel-config.‚ Kernel Configuration File System.
[   11.841069] systemd[1]: Finished systemd-sysctl.service - Apply Kernel Variables.
[  OK  ] Finished systemd-sysctl.service - Apply Kernel Variables.
[   11.874919] systemd[1]: Finished systemd-sysusers.service - Create System Users.
[  OK  ] Finished systemd-sysusers.service - Create System Users.
[   11.957938] systemd[1]: Starting systemd-tmpfiles-setup-dev.service - Create Static Device Nodes in /dev...
         Starting systemd-tmpfiles-‚ate Static Device Nodes in /dev...
[   11.982531] systemd[1]: Started systemd-journald.service - Journal Service.
[  OK  ] Started systemd-journald.service - Journal Service.
         Starting systemd-journal-f‚h Journal to Persistent Storage...
[   12.117772] systemd-journald[225]: Received client request to flush runtime journal.
[   12.123382] systemd-journald[225]: File /var/log/journal/b26489f67ce64720a33023a879a619eb/system.journal corrupted or uncleanly shut down, renaming and replacing.
[  OK  ] Finished systemd-tmpfiles-‚reate Static Device Nodes in /dev.
[  OK  ] Reached target local-fs-pr‚reparation for Local File Systems.
[  OK  ] Reached target local-fs.target - Local File Systems.
         Starting apparmor.service - Load AppArmor profiles...
         Starting systemd-binfmt.se‚et Up Additional Binary Formats...
         Starting systemd-udevd.ser‚Ä¶ger for Device Events and Files...
[  OK  ] Finished systemd-journal-f‚Ä¶ush Journal to Persistent Storage.
         Starting systemd-tmpfiles-‚ Volatile Files and Directories...
         Mounting proc-sys-fs-binfm‚utable File Formats File System...
[  OK  ] Mounted proc-sys-fs-binfmt‚ecutable File Formats File System.
[  OK  ] Finished systemd-binfmt.se‚ Set Up Additional Binary Formats.
[   12.624259] audit: type=1400 audit(1689025478.364:2): apparmor="STATUS" operation="profile_load" profile="unconfined" name="lsb_release" pid=255 comm="apparmor_parser"
[   12.630415] audit: type=1400 audit(1689025478.372:3): apparmor="STATUS" operation="profile_load" profile="unconfined" name="nvidia_modprobe" pid=256 comm="apparmor_parser"
[   12.631858] audit: type=1400 audit(1689025478.372:4): apparmor="STATUS" operation="profile_load" profile="unconfined" name="nvidia_modprobe//kmod" pid=256 comm="apparmor_parser"
[   12.729990] audit: type=1400 audit(1689025478.472:5): apparmor="STATUS" operation="profile_load" profile="unconfined" name="/usr/lib/NetworkManager/nm-dhcp-client.action" pid=257 comm="apparmor_parser"
[   12.731649] audit: type=1400 audit(1689025478.472:6): apparmor="STATUS" operation="profile_load" profile="unconfined" name="/usr/lib/NetworkManager/nm-dhcp-helper" pid=257 comm="apparmor_parser"
[   12.736946] audit: type=1400 audit(1689025478.472:7): apparmor="STATUS" operation="profile_load" profile="unconfined" name="/usr/lib/connman/scripts/dhclient-script" pid=257 comm="apparmor_parser"
[   12.738555] audit: type=1400 audit(1689025478.472:8): apparmor="STATUS" operation="profile_load" profile="unconfined" name="/{,usr/}sbin/dhclient" pid=257 comm="apparmor_parser"
[  OK  ] Finished systemd-tmpfiles-‚te Volatile Files and Directories.
[  OK  ] Finished apparmor.service - Load AppArmor profiles.
         Starting systemd-update-ut‚rd System Boot/Shutdown in UTMP...
[  OK  ] Finished systemd-update-ut‚cord System Boot/Shutdown in UTMP.
[  OK  ] Started systemd-udevd.serv‚nager for Device Events and Files.
[  OK  ] Finished systemd-udev-trig‚e - Coldplug All udev Devices.
[  OK  ] Found device dev-ttyS2.device - /dev/ttyS2.
[  OK  ] Reached target sysinit.target - System Initialization.
[  OK  ] Started apt-daily.timer - Daily apt download activities.
[  OK  ] Started apt-daily-upgrade.‚Ä¶ apt upgrade and clean activities.
[  OK  ] Started dpkg-db-backup.tim‚Ä¶ Daily dpkg database backup timer.
[  OK  ] Started e2scrub_all.timeretadata Check for All Filesystems.
[  OK  ] Started fstrim.timer - Discard unused blocks once a week.
[  OK  ] Started logrotate.timer - Daily rotation of log files.
[  OK  ] Started systemd-tmpfiles-c‚ Cleanup of Temporary Directories.
[  OK  ] Reached target timers.target - Timer Units.
         Starting ifupdown-pre.serv‚ynchronize boot up for ifupdown...
[  OK  ] Reached target basic.target - Basic System.
[  OK  ] Started cron.service -‚kground program processing daemon.
         Starting e2scrub_reap.serv‚e ext4 Metadata Check Snapshots...
         Starting getty-static.serv‚Ä¶us and logind are not available...
[   13.958091] cpu cpu0: EM: created perf domain
[   14.023439] dw_wdt ff1a0000.watchdog: No valid TOPs array specified
[  OK  ] Finished getty-static.serv‚dbus and logind are not available.
[   14.194215] mc: Linux media interface: v0.10
[   14.208462] rockchip-drm display-subsystem: bound ff370000.vop (ops rockchip_drm_fini [rockchipdrm])
[   14.209504] dwhdmi-rockchip ff3c0000.hdmi: supply avdd-0v9 not found, using dummy regulator
[   14.210576] dwhdmi-rockchip ff3c0000.hdmi: supply avdd-1v8 not found, using dummy regulator
[   14.216847] input: rk805 pwrkey as /devices/platform/ff160000.i2c/i2c-1/1-0018/rk805-pwrkey/input/input0
[   14.225611] dwhdmi-rockchip ff3c0000.hdmi: Detected HDMI TX controller v2.11a with HDCP (inno_dw_hdmi_phy2)
[   14.271922] dwhdmi-rockchip ff3c0000.hdmi: registered DesignWare HDMI I2C bus driver
[   14.284136] rockchip-drm display-subsystem: bound ff3c0000.hdmi (ops rockchip_drm_fini [rockchipdrm])
[   14.287415] videodev: Linux video capture interface: v2.00
[   14.289413] spi-nor spi0.0: gd25q128 (16384 Kbytes)
[   14.293572] Registered IR keymap rc-empty
[   14.294128] rc rc0: gpio_ir_recv as /devices/platform/ir-receiver/rc/rc0
[   14.332862] [drm] Initialized rockchip 1.0.0 20140818 for display-subsystem on minor 0
[   14.334102] rockchip-drm display-subsystem: [drm] Cannot find any crtc or sizes
[   14.337743] rockchip-drm display-subsystem: [drm] Cannot find any crtc or sizes
[   14.346988] rc rc0: lirc_dev: driver gpio_ir_recv registered at minor = 0, raw IR receiver, no transmitter
[   14.350104] lima ff300000.gpu: gp - mali450 version major 0 minor 0
[   14.350836] lima ff300000.gpu: pp0 - mali450 version major 0 minor 0
[   14.351580] lima ff300000.gpu: pp1 - mali450 version major 0 minor 0
[   14.352309] lima ff300000.gpu: l2 cache 8K, 4-way, 64byte cache line, 128bit external bus
[   14.353146] lima ff300000.gpu: l2 cache 64K, 4-way, 64byte cache line, 128bit external bus
[   14.354601] input: gpio_ir_recv as /devices/platform/ir-receiver/rc/rc0/input1
[   14.417374] lima ff300000.gpu: bus rate = 163840000
[   14.417843] lima ff300000.gpu: mod rate = 163840000
[   14.463070] rockchip_vdec: module is from the staging directory, the quality is unknown, you have been warned.
[   14.471801] [drm] Initialized lima 1.1.0 20191231 for ff300000.gpu on minor 1
[   14.477105] hantro-vpu ff350000.video-codec: Adding to iommu group 0
[   14.480840] hantro-vpu ff350000.video-codec: registered rockchip,rk3328-vpu-dec as /dev/video0
[   14.485986] rkvdec ff360000.video-codec: Adding to iommu group 1
[   14.492959] usbcore: registered new interface driver usbserial_generic
[   14.494940] usbserial: USB Serial support registered for generic
[   14.513215] usbcore: registered new interface driver pl2303
[   14.517409] usbserial: USB Serial support registered for pl2303
[   14.518065] pl2303 3-1:1.0: pl2303 converter detected
[  OK  ] Finished e2scrub_reap.serv‚ine ext4 Metadata Check Snapshots.
[   14.635677] usb 3-1: pl2303 converter now attached to ttyUSB0
[   14.649543] Registered IR keymap rc-cec
[   14.650106] rc rc1: dw_hdmi as /devices/platform/ff3c0000.hdmi/rc/rc1
[   14.657637] input: dw_hdmi as /devices/platform/ff3c0000.hdmi/rc/rc1/input2
[  OK  ] Reached target sound.target - Sound Card.
[  OK  ] Finished ifupdown-pre.serv‚ synchronize boot up for ifupdown.
         Starting networking.service - Raise network interfaces...
[   15.111140] rk_gmac-dwmac ff540000.ethernet eth0: Register MEM_TYPE_PAGE_POOL RxQ-0
[   15.204716] rk_gmac-dwmac ff540000.ethernet eth0: PHY [stmmac-0:00] driver [RTL8211F Gigabit Ethernet] (irq=POLL)
[   15.215681] rk_gmac-dwmac ff540000.ethernet eth0: No Safety Features support found
[   15.216380] rk_gmac-dwmac ff540000.ethernet eth0: PTP not supported by HW
[   15.217662] rk_gmac-dwmac ff540000.ethernet eth0: configuring for phy/rgmii link mode
[   16.236674] random: crng init done
[  OK  ] Finished systemd-random-se‚rvice - Load/Save Random Seed.
[   18.306278] rk_gmac-dwmac ff540000.ethernet eth0: Link is Up - 1Gbps/Full - flow control rx/tx
[   18.307248] IPv6: ADDRCONF(NETDEV_CHANGE): eth0: link becomes ready
[*     ] Job networking.service/start running (7s / 5min 4s)
[**    ] Job networking.service/start running (8s / 5min 4s)
[***   ] Job networking.service/start running (9s / 5min 4s)
[ ***  ] Job networking.service/start running (9s / 5min 4s)
[  *** ] Job networking.service/start running (10s / 5min 4s)
[   ***] Job networking.service/start running (10s / 5min 4s)
[    **] Job networking.service/start running (11s / 5min 4s)
[     *] Job networking.service/start running (11s / 5min 4s)
[    **] Job networking.service/start running (12s / 5min 4s)
[   ***] Job networking.service/start running (13s / 5min 4s)
[  *** ] Job networking.service/start running (13s / 5min 4s)
[   24.802376] rk3328-codec ff410000.codec: spk_depop_time use default value.
[   24.805035] platform ff410000.codec: deferred probe pending
[   24.805594] platform analog-sound: deferred probe pending
[ ***  ] Job networking.service/start running (14s / 5min 4s)
[  OK  ] Finished networking.service - Raise network interfaces.
[  OK  ] Reached target network.target - Network.
         Starting systemd-user-sess‚Ä¶vice - Permit User Sessions...
[  OK  ] Finished systemd-user-sess‚ervice - Permit User Sessions.
[  OK  ] Started getty@tty1.service - Getty on tty1.
[  OK  ] Started getty@tty2.service - Getty on tty2.
[  OK  ] Started getty@tty3.service - Getty on tty3.
[  OK  ] Started getty@tty4.service - Getty on tty4.
[  OK  ] Started getty@tty5.service - Getty on tty5.
[  OK  ] Started getty@tty6.service - Getty on tty6.
[  OK  ] Started serial-getty@ttyS2‚rvice - Serial Getty on ttyS2.
[  OK  ] Reached target getty.target - Login Prompts.
[  OK  ] Reached target multi-user.target - Multi-User System.
[  OK  ] Reached target graphical.target - Graphical Interface.
         Starting systemd-update-ut‚ Record Runlevel Change in UTMP...
[  OK  ] Finished systemd-update-ut‚ - Record Runlevel Change in UTMP.

Debian GNU/Linux 12 Rock64 ttyS2

Rock64 login: root
Linux Rock64 6.1.0-10-arm64 #1 SMP Debian 6.1.38-1 (2023-07-14) aarch64

The programs included with the Debian GNU/Linux system are free software;
the exact distribution terms for each program are described in the
individual files in /usr/share/doc/*/copyright.

Debian GNU/Linux comes with ABSOLUTELY NO WARRANTY, to the extent
permitted by applicable law.
root@Rock64:~# 